SVENSKA_SE_HAMTAD krank HTTP 200 7235
SYNONYMER_SE_HAMTAD krank HTTP 200 269549
WIKTIONARY_HAMTAD krank HTTP 200 1231
UPPSLAGSORD krank traffar=saol,so,saob
SVENSKA_SE_HAMTAD epidermis HTTP 200 4933
SYNONYMER_SE_HAMTAD epidermis HTTP 200 226034
WIKTIONARY_HAMTAD epidermis HTTP 200 521
UPPSLAGSORD epidermis traffar=saol,so,saob
SVENSKA_SE_HAMTAD stripig HTTP 200 6299
SYNONYMER_SE_HAMTAD stripig HTTP 200 249614
WIKTIONARY_HAMTAD stripig HTTP 200 398
UPPSLAGSORD stripig traffar=saol,so,saob
SVENSKA_SE_HAMTAD sakristia HTTP 200 6294
SYNONYMER_SE_HAMTAD sakristia HTTP 200 260861
WIKTIONARY_HAMTAD sakristia HTTP 200 2480
UPPSLAGSORD sakristia traffar=saol,so,saob
SVENSKA_SE_HAMTAD oförskylld HTTP 200 5893
SYNONYMER_SE_HAMTAD oförskylld HTTP 200 245511
WIKTIONARY_HAMTAD oförskylld HTTP 200 354
UPPSLAGSORD oförskylld traffar=saol,so,saob
SVENSKA_SE_HAMTAD intravenös HTTP 200 6092
SYNONYMER_SE_HAMTAD intravenös HTTP 200 239052
WIKTIONARY_HAMTAD intravenös HTTP 200 790
UPPSLAGSORD intravenös traffar=saol,so,saob
SVENSKA_SE_HAMTAD snuthäck HTTP 200 11300
SYNONYMER_SE_HAMTAD snuthäck HTTP 200 232963
WIKTIONARY_HAMTAD snuthäck HTTP 200 398
UPPSLAGSORD snuthäck traffar=so,saob
SVENSKA_SE_HAMTAD oförtövad HTTP 200 5435
SYNONYMER_SE_HAMTAD oförtövad HTTP 200 233596
WIKTIONARY_HAMTAD oförtövad HTTP 200 398
UPPSLAGSORD oförtövad traffar=saol,so,saob
SVENSKA_SE_HAMTAD anrätta HTTP 200 9413
SYNONYMER_SE_HAMTAD anrätta HTTP 200 271098
WIKTIONARY_HAMTAD anrätta HTTP 200 382
UPPSLAGSORD anrätta traffar=saol,so,saob
SVENSKA_SE_HAMTAD enumeration HTTP 200 20074
SYNONYMER_SE_HAMTAD enumeration HTTP 200 224993
WIKTIONARY_HAMTAD enumeration HTTP 200 704
UPPSLAGSORD enumeration traffar=INGEN
SVENSKA_SE_HAMTAD lagerkröna HTTP 200 8119
SYNONYMER_SE_HAMTAD lagerkröna HTTP 200 243752
WIKTIONARY_HAMTAD lagerkröna HTTP 429 0
UPPSLAGSORD lagerkröna traffar=saol,so,saob
SVENSKA_SE_HAMTAD väbel HTTP 200 6324
SYNONYMER_SE_HAMTAD väbel HTTP 200 248771
SYNONYMER_SE_ENDAST_ANVANDARBIDRAG väbel
WIKTIONARY_HAMTAD väbel HTTP 200 483
UPPSLAGSORD väbel traffar=saol,so,saob
SVENSKA_SE_HAMTAD tic HTTP 200 18648
SYNONYMER_SE_HAMTAD tic HTTP 200 222544
WIKTIONARY_HAMTAD tic HTTP 200 398
UPPSLAGSORD tic traffar=saob
SVENSKA_SE_HAMTAD ratatouille HTTP 200 7023
SYNONYMER_SE_HAMTAD ratatouille HTTP 200 240975
WIKTIONARY_HAMTAD ratatouille HTTP 200 1693
UPPSLAGSORD ratatouille traffar=saol,so
SVENSKA_SE_HAMTAD endera HTTP 200 9229
SYNONYMER_SE_HAMTAD endera HTTP 200 243820
WIKTIONARY_HAMTAD endera HTTP 200 1749
UPPSLAGSORD endera traffar=saol,so,saob
SVENSKA_SE_HAMTAD bojkotta HTTP 200 8117
SYNONYMER_SE_HAMTAD bojkotta HTTP 200 264479
WIKTIONARY_HAMTAD bojkotta HTTP 200 1921
UPPSLAGSORD bojkotta traffar=saol,so,saob
SVENSKA_SE_HAMTAD gingivit HTTP 200 15369
SYNONYMER_SE_HAMTAD gingivit HTTP 200 232198
WIKTIONARY_HAMTAD gingivit HTTP 200 425
UPPSLAGSORD gingivit traffar=saol
SVENSKA_SE_HAMTAD kakafoni HTTP 200 119980
SYNONYMER_SE_HAMTAD kakafoni HTTP 200 229307
WIKTIONARY_HAMTAD kakafoni HTTP 200 398
UPPSLAGSORD kakafoni traffar=INGEN
SVENSKA_SE_HAMTAD skröplig HTTP 200 7266
SYNONYMER_SE_HAMTAD skröplig HTTP 200 270415
WIKTIONARY_HAMTAD skröplig HTTP 200 983
UPPSLAGSORD skröplig traffar=saol,so,saob
SVENSKA_SE_HAMTAD gerbera HTTP 200 8363
SYNONYMER_SE_HAMTAD gerbera HTTP 200 235650
WIKTIONARY_HAMTAD gerbera HTTP 200 519
UPPSLAGSORD gerbera traffar=saol,so
SVENSKA_SE_HAMTAD portiär HTTP 200 12570
SYNONYMER_SE_HAMTAD portiär HTTP 200 223704
WIKTIONARY_HAMTAD portiär HTTP 200 187
UPPSLAGSORD portiär traffar=so,saob
SVENSKA_SE_HAMTAD utarmad HTTP 200 24952
SYNONYMER_SE_HAMTAD utarmad HTTP 200 240276
WIKTIONARY_HAMTAD utarmad HTTP 429 0
UPPSLAGSORD utarmad hittad som uppslagsform 'utarma'
UPPSLAGSORD utarmad traffar=saol,so,saob via=utarma
SVENSKA_SE_HAMTAD trakom HTTP 200 6196
SYNONYMER_SE_HAMTAD trakom HTTP 200 246472
WIKTIONARY_HAMTAD trakom HTTP 200 398
UPPSLAGSORD trakom traffar=saol,so,saob
SVENSKA_SE_HAMTAD huvudhärd HTTP 200 4668
SYNONYMER_SE_HAMTAD huvudhärd HTTP 200 246364
WIKTIONARY_HAMTAD huvudhärd HTTP 200 398
UPPSLAGSORD huvudhärd traffar=saob
SVENSKA_SE_HAMTAD mohair HTTP 200 7471
SYNONYMER_SE_HAMTAD mohair HTTP 200 245376
WIKTIONARY_HAMTAD mohair HTTP 200 200
UPPSLAGSORD mohair traffar=saol,so
SVENSKA_SE_HAMTAD återsken HTTP 200 5689
SYNONYMER_SE_HAMTAD återsken HTTP 200 250058
WIKTIONARY_HAMTAD återsken HTTP 200 398
UPPSLAGSORD återsken traffar=saol,so,saob
SVENSKA_SE_HAMTAD varseblivning HTTP 200 6704
SYNONYMER_SE_HAMTAD varseblivning HTTP 200 261707
WIKTIONARY_HAMTAD varseblivning HTTP 200 731
UPPSLAGSORD varseblivning traffar=saol,so,saob
SVENSKA_SE_HAMTAD oskära HTTP 200 13576
SYNONYMER_SE_HAMTAD oskära HTTP 200 260048
WIKTIONARY_HAMTAD oskära HTTP 200 237
UPPSLAGSORD oskära traffar=saol,saob
SVENSKA_SE_HAMTAD tekoindustri HTTP 200 6630
SYNONYMER_SE_HAMTAD tekoindustri HTTP 200 242429
WIKTIONARY_HAMTAD tekoindustri HTTP 200 417
UPPSLAGSORD tekoindustri traffar=saol,so,saob
SVENSKA_SE_HAMTAD ikonologi HTTP 200 17903
SYNONYMER_SE_HAMTAD ikonologi HTTP 200 204144
WIKTIONARY_HAMTAD ikonologi HTTP 200 398
UPPSLAGSORD ikonologi traffar=saob
SVENSKA_SE_HAMTAD septisk HTTP 200 5708
SYNONYMER_SE_HAMTAD septisk HTTP 200 246573
WIKTIONARY_HAMTAD septisk HTTP 200 609
UPPSLAGSORD septisk traffar=saol,so,saob
SVENSKA_SE_HAMTAD hors-d'oeuvre HTTP 200 113174
SYNONYMER_SE_HAMTAD hors-d'oeuvre HTTP 200 220473
WIKTIONARY_HAMTAD hors-d'oeuvre HTTP 200 398
UPPSLAGSORD hors-d'oeuvre traffar=so
SVENSKA_SE_HAMTAD autograf HTTP 200 7261
SYNONYMER_SE_HAMTAD autograf HTTP 200 263421
WIKTIONARY_HAMTAD autograf HTTP 429 0
UPPSLAGSORD autograf traffar=saol,so,saob
SVENSKA_SE_HAMTAD fingerad HTTP 200 8093
SYNONYMER_SE_HAMTAD fingerad HTTP 200 241332
WIKTIONARY_HAMTAD fingerad HTTP 429 0
UPPSLAGSORD fingerad traffar=saob
SVENSKA_SE_HAMTAD otiatri HTTP 200 18612
SYNONYMER_SE_HAMTAD otiatri HTTP 200 204180
WIKTIONARY_HAMTAD otiatri HTTP 200 398
UPPSLAGSORD otiatri traffar=saob
SVENSKA_SE_HAMTAD spinal HTTP 200 5801
SYNONYMER_SE_HAMTAD spinal HTTP 200 244166
WIKTIONARY_HAMTAD spinal HTTP 200 260
UPPSLAGSORD spinal traffar=saol,so,saob
SVENSKA_SE_HAMTAD brudnäbb HTTP 200 5946
SYNONYMER_SE_HAMTAD brudnäbb HTTP 200 250191
WIKTIONARY_HAMTAD brudnäbb HTTP 200 633
UPPSLAGSORD brudnäbb traffar=saol,so,saob
SVENSKA_SE_HAMTAD mallig HTTP 200 7574
SYNONYMER_SE_HAMTAD mallig HTTP 200 268237
WIKTIONARY_HAMTAD mallig HTTP 200 2277
UPPSLAGSORD mallig traffar=saol,so,saob
SVENSKA_SE_HAMTAD knodd HTTP 200 7804
SYNONYMER_SE_HAMTAD knodd HTTP 200 263823
WIKTIONARY_HAMTAD knodd HTTP 200 983
UPPSLAGSORD knodd traffar=saol,so,saob
SVENSKA_SE_HAMTAD förutvarande HTTP 200 5002
SYNONYMER_SE_HAMTAD förutvarande HTTP 200 237821
WIKTIONARY_HAMTAD förutvarande HTTP 200 398
UPPSLAGSORD förutvarande traffar=saol,so,saob
---OMKORNING--- 5 ord med misslyckad hamtning, vantar 20 s
WIKTIONARY_OMKORD lagerkröna HTTP 200 398
WIKTIONARY_OMKORD utarmad HTTP 200 228
WIKTIONARY_OMKORD autograf HTTP 200 1698
WIKTIONARY_OMKORD fingerad HTTP 200 180
---SAMMANDRAG---
(tyst läge — 40 ord, innehållet ligger i uppslag/)
---TREKALLSKONTROLL---
{
 "ofullstandiga": {
  "stripig": {
   "har": [
    "svenska.se",
    "synonymer.se"
   ],
   "hamtning_misslyckades": []
  },
  "intravenös": {
   "har": [
    "svenska.se",
    "wiktionary"
   ],
   "hamtning_misslyckades": []
  },
  "snuthäck": {
   "har": [
    "svenska.se",
    "synonymer.se"
   ],
   "hamtning_misslyckades": []
  },
  "oförtövad": {
   "har": [
    "svenska.se",
    "synonymer.se"
   ],
   "hamtning_misslyckades": []
  },
  "enumeration": {
   "har": [
    "wiktionary"
   ],
   "hamtning_misslyckades": []
  },
  "lagerkröna": {
   "har": [
    "svenska.se",
    "synonymer.se"
   ],
   "hamtning_misslyckades": [
    "wiktionary"
   ]
  },
  "väbel": {
   "har": [
    "svenska.se",
    "wiktionary"
   ],
   "hamtning_misslyckades": []
  },
  "tic": {
   "har": [
    "svenska.se",
    "synonymer.se"
   ],
   "hamtning_misslyckades": []
  },
  "ratatouille": {
   "har": [
    "svenska.se",
    "wiktionary"
   ],
   "hamtning_misslyckades": []
  },
  "gingivit": {
   "har": [
    "svenska.se",
    "wiktionary"
   ],
   "hamtning_misslyckades": []
  },
  "kakafoni": {
   "har": [
    "synonymer.se"
   ],
   "hamtning_misslyckades": [
    "svenska.se"
   ]
  },
  "gerbera": {
   "har": [
    "svenska.se",
    "wiktionary"
   ],
   "hamtning_misslyckades": []
  },
  "trakom": {
   "har": [
    "svenska.se"
   ],
   "hamtning_misslyckades": []
  },
  "huvudhärd": {
   "har": [
    "svenska.se",
    "synonymer.se"
   ],
   "hamtning_misslyckades": []
  },
  "mohair": {
   "har": [
    "svenska.se",
    "wiktionary"
   ],
   "hamtning_misslyckades": []
  },
  "återsken": {
   "har": [
    "svenska.se",
    "synonymer.se"
   ],
   "hamtning_misslyckades": []
  },
  "tekoindustri": {
   "har": [
    "svenska.se",
    "wiktionary"
   ],
   "hamtning_misslyckades": []
  },
  "ikonologi": {
   "har": [
    "svenska.se"
   ],
   "hamtning_misslyckades": []
  },
  "septisk": {
   "har": [
    "svenska.se",
    "wiktionary"
   ],
   "hamtning_misslyckades": []
  },
  "hors-d'oeuvre": {
   "har": [
    "svenska.se",
    "synonymer.se"
   ],
   "hamtning_misslyckades": []
  },
  "otiatri": {
   "har": [
    "svenska.se"
   ],
   "hamtning_misslyckades": []
  },
  "spinal": {
   "har": [
    "svenska.se",
    "wiktionary"
   ],
   "hamtning_misslyckades": []
  },
  "brudnäbb": {
   "har": [
    "svenska.se",
    "wiktionary"
   ],
   "hamtning_misslyckades": []
  },
  "förutvarande": {
   "har": [
    "svenska.se",
    "synonymer.se"
   ],
   "hamtning_misslyckades": []
  }
 },
 "antal_fullstandiga": 16,
 "antal_ord": 40
}
tog bort 15 ord ur tre_kallor_saknas.json (har nu tre källor): krank, epidermis, sakristia, oförskylld, anrätta, endera, skröplig, portiär, utarmad, varseblivning, oskära, autograf, fingerad, mallig, knodd
skrev 24 ord till tre_kallor_saknas.json (totalt 2771)
