SVENSKA_SE_HAMTAD apparelj HTTP 200 18032
SYNONYMER_SE_HAMTAD apparelj HTTP 200 203761
WIKTIONARY_HAMTAD apparelj HTTP 200 398
UPPSLAGSORD apparelj traffar=saob
SVENSKA_SE_HAMTAD apparition HTTP 200 6240
SYNONYMER_SE_HAMTAD apparition HTTP 200 255684
WIKTIONARY_HAMTAD apparition HTTP 200 1287
UPPSLAGSORD apparition traffar=saol,so,saob
SVENSKA_SE_HAMTAD appellera HTTP 200 9247
SYNONYMER_SE_HAMTAD appellera HTTP 200 267280
WIKTIONARY_HAMTAD appellera HTTP 200 756
UPPSLAGSORD appellera traffar=saol,so,saob
SVENSKA_SE_HAMTAD appendicit HTTP 200 7629
SYNONYMER_SE_HAMTAD appendicit HTTP 200 246033
WIKTIONARY_HAMTAD appendicit HTTP 200 821
UPPSLAGSORD appendicit traffar=saol,so
SVENSKA_SE_HAMTAD appendix HTTP 200 6636
SYNONYMER_SE_HAMTAD appendix HTTP 200 256472
WIKTIONARY_HAMTAD appendix HTTP 200 1670
UPPSLAGSORD appendix traffar=saol,so,saob
SVENSKA_SE_HAMTAD applicera HTTP 200 8953
SYNONYMER_SE_HAMTAD applicera HTTP 200 261098
WIKTIONARY_HAMTAD applicera HTTP 200 1066
UPPSLAGSORD applicera traffar=saol,so,saob
SVENSKA_SE_HAMTAD applikation HTTP 200 6732
SYNONYMER_SE_HAMTAD applikation HTTP 200 262567
WIKTIONARY_HAMTAD applikation HTTP 200 1592
UPPSLAGSORD applikation traffar=saol,so,saob
SVENSKA_SE_HAMTAD apportera HTTP 200 8238
SYNONYMER_SE_HAMTAD apportera HTTP 200 260428
WIKTIONARY_HAMTAD apportera HTTP 200 489
UPPSLAGSORD apportera traffar=saol,so,saob
SVENSKA_SE_HAMTAD appreciera HTTP 200 10074
SYNONYMER_SE_HAMTAD appreciera HTTP 200 257395
WIKTIONARY_HAMTAD appreciera HTTP 200 780
UPPSLAGSORD appreciera traffar=saol,so
SVENSKA_SE_HAMTAD appretur HTTP 200 6136
SYNONYMER_SE_HAMTAD appretur HTTP 200 252177
WIKTIONARY_HAMTAD appretur HTTP 200 803
UPPSLAGSORD appretur traffar=saol,so,saob
SVENSKA_SE_HAMTAD approach HTTP 200 7807
SYNONYMER_SE_HAMTAD approach HTTP 200 256215
WIKTIONARY_HAMTAD approach HTTP 429 0
UPPSLAGSORD approach traffar=saol,so
SVENSKA_SE_HAMTAD approbera HTTP 200 18460
SYNONYMER_SE_HAMTAD approbera HTTP 200 226837
WIKTIONARY_HAMTAD approbera HTTP 429 0
UPPSLAGSORD approbera traffar=saob
SVENSKA_SE_HAMTAD approchera HTTP 200 8240
SYNONYMER_SE_HAMTAD approchera HTTP 200 260658
WIKTIONARY_HAMTAD approchera HTTP 200 400
UPPSLAGSORD approchera traffar=saol,so
SVENSKA_SE_HAMTAD approximation HTTP 200 6568
SYNONYMER_SE_HAMTAD approximation HTTP 200 257212
WIKTIONARY_HAMTAD approximation HTTP 200 1051
UPPSLAGSORD approximation traffar=saol,so,saob
SVENSKA_SE_HAMTAD approximera HTTP 200 8304
SYNONYMER_SE_HAMTAD approximera HTTP 200 264245
WIKTIONARY_HAMTAD approximera HTTP 200 449
UPPSLAGSORD approximera traffar=saol,so,saob
SVENSKA_SE_HAMTAD aptera HTTP 200 8176
SYNONYMER_SE_HAMTAD aptera HTTP 200 260909
WIKTIONARY_HAMTAD aptera HTTP 200 824
UPPSLAGSORD aptera traffar=saol,so,saob
SVENSKA_SE_HAMTAD arbiträr HTTP 200 5218
SYNONYMER_SE_HAMTAD arbiträr HTTP 200 236780
WIKTIONARY_HAMTAD arbiträr HTTP 200 527
UPPSLAGSORD arbiträr traffar=saol,so,saob
SVENSKA_SE_HAMTAD arborist HTTP 200 7866
SYNONYMER_SE_HAMTAD arborist HTTP 200 253878
WIKTIONARY_HAMTAD arborist HTTP 200 902
UPPSLAGSORD arborist traffar=saol,so
SVENSKA_SE_HAMTAD arcus HTTP 200 125612
SYNONYMER_SE_HAMTAD arcus HTTP 200 203983
WIKTIONARY_HAMTAD arcus HTTP 200 398
UPPSLAGSORD arcus traffar=INGEN
SVENSKA_SE_HAMTAD ard HTTP 200 9785
SYNONYMER_SE_HAMTAD ard HTTP 200 203630
WIKTIONARY_HAMTAD ard HTTP 200 148
UPPSLAGSORD ard traffar=saob
SVENSKA_SE_HAMTAD areal HTTP 200 7156
SYNONYMER_SE_HAMTAD areal HTTP 200 257950
WIKTIONARY_HAMTAD areal HTTP 200 871
UPPSLAGSORD areal traffar=saol,so,saob
SVENSKA_SE_HAMTAD argbigga HTTP 200 6730
SYNONYMER_SE_HAMTAD argbigga HTTP 200 271501
WIKTIONARY_HAMTAD argbigga HTTP 200 575
UPPSLAGSORD argbigga traffar=saol,so,saob
SVENSKA_SE_HAMTAD argusöga HTTP 200 5682
SYNONYMER_SE_HAMTAD argusöga HTTP 200 248104
WIKTIONARY_HAMTAD argusöga HTTP 429 0
UPPSLAGSORD argusöga traffar=saol,so,saob
SVENSKA_SE_HAMTAD aria HTTP 200 6775
SYNONYMER_SE_HAMTAD aria HTTP 200 263186
WIKTIONARY_HAMTAD aria HTTP 429 0
UPPSLAGSORD aria traffar=saol,so,saob
SVENSKA_SE_HAMTAD arid HTTP 200 7465
SYNONYMER_SE_HAMTAD arid HTTP 200 220209
WIKTIONARY_HAMTAD arid HTTP 200 206
UPPSLAGSORD arid traffar=saol,so
SVENSKA_SE_HAMTAD aristokrati HTTP 200 6871
SYNONYMER_SE_HAMTAD aristokrati HTTP 200 267868
WIKTIONARY_HAMTAD aristokrati HTTP 200 2670
UPPSLAGSORD aristokrati traffar=saol,so,saob
SVENSKA_SE_HAMTAD aritmetik HTTP 200 5223
SYNONYMER_SE_HAMTAD aritmetik HTTP 200 252590
WIKTIONARY_HAMTAD aritmetik HTTP 200 1676
UPPSLAGSORD aritmetik traffar=saol,so,saob
SVENSKA_SE_HAMTAD arkadisk HTTP 200 5258
SYNONYMER_SE_HAMTAD arkadisk HTTP 200 246557
WIKTIONARY_HAMTAD arkadisk HTTP 200 590
UPPSLAGSORD arkadisk traffar=saol,so,saob
SVENSKA_SE_HAMTAD arkaisk HTTP 200 6075
SYNONYMER_SE_HAMTAD arkaisk HTTP 200 237225
WIKTIONARY_HAMTAD arkaisk HTTP 200 1347
UPPSLAGSORD arkaisk traffar=saol,so,saob
SVENSKA_SE_HAMTAD arkebusera HTTP 200 7403
SYNONYMER_SE_HAMTAD arkebusera HTTP 200 261290
WIKTIONARY_HAMTAD arkebusera HTTP 200 641
UPPSLAGSORD arkebusera traffar=saol,so,saob
SVENSKA_SE_HAMTAD arkeolog HTTP 200 6070
SYNONYMER_SE_HAMTAD arkeolog HTTP 200 257866
WIKTIONARY_HAMTAD arkeolog HTTP 200 1560
UPPSLAGSORD arkeolog traffar=saol,so,saob
SVENSKA_SE_HAMTAD arkeologi HTTP 200 5861
SYNONYMER_SE_HAMTAD arkeologi HTTP 200 255066
WIKTIONARY_HAMTAD arkeologi HTTP 200 3376
UPPSLAGSORD arkeologi traffar=saol,so,saob
SVENSKA_SE_HAMTAD arketyp HTTP 200 8736
SYNONYMER_SE_HAMTAD arketyp HTTP 200 255533
WIKTIONARY_HAMTAD arketyp HTTP 200 746
UPPSLAGSORD arketyp traffar=saol,so
SVENSKA_SE_HAMTAD arkipelag HTTP 200 6448
SYNONYMER_SE_HAMTAD arkipelag HTTP 200 244821
WIKTIONARY_HAMTAD arkipelag HTTP 200 1186
UPPSLAGSORD arkipelag traffar=saol,so,saob
SVENSKA_SE_HAMTAD arkivarie HTTP 200 5928
SYNONYMER_SE_HAMTAD arkivarie HTTP 200 253717
WIKTIONARY_HAMTAD arkivarie HTTP 429 0
UPPSLAGSORD arkivarie traffar=saol,so,saob
SVENSKA_SE_HAMTAD arkivera HTTP 200 9353
SYNONYMER_SE_HAMTAD arkivera HTTP 200 271930
WIKTIONARY_HAMTAD arkivera HTTP 429 0
UPPSLAGSORD arkivera traffar=saol,so
SVENSKA_SE_HAMTAD arla HTTP 200 7411
SYNONYMER_SE_HAMTAD arla HTTP 200 266362
WIKTIONARY_HAMTAD arla HTTP 200 900
UPPSLAGSORD arla traffar=saol,so,saob
SVENSKA_SE_HAMTAD armada HTTP 200 6597
SYNONYMER_SE_HAMTAD armada HTTP 200 254483
WIKTIONARY_HAMTAD armada HTTP 200 1157
UPPSLAGSORD armada traffar=saol,so,saob
SVENSKA_SE_HAMTAD armatur HTTP 200 6222
SYNONYMER_SE_HAMTAD armatur HTTP 200 258317
WIKTIONARY_HAMTAD armatur HTTP 200 1057
UPPSLAGSORD armatur traffar=saol,so,saob
SVENSKA_SE_HAMTAD aromatisk HTTP 200 5482
SYNONYMER_SE_HAMTAD aromatisk HTTP 200 246160
WIKTIONARY_HAMTAD aromatisk HTTP 200 922
UPPSLAGSORD aromatisk traffar=saol,so,saob
FRAS_UTAN_UPPSLAGSORD arons skägg -- svenska.se-traffarna galler bestandsdelarna, inte frasen. Kastas.
SVENSKA_SE_HAMTAD arons skägg HTTP 200 19267
SYNONYMER_SE_HAMTAD arons skägg HTTP 200 187200
WIKTIONARY_HAMTAD arons skägg HTTP 200 398
UPPSLAGSORD arons skägg traffar=INGEN
SVENSKA_SE_HAMTAD arpeggio HTTP 200 5606
SYNONYMER_SE_HAMTAD arpeggio HTTP 200 250595
WIKTIONARY_HAMTAD arpeggio HTTP 200 320
UPPSLAGSORD arpeggio traffar=saol,so,saob
SVENSKA_SE_HAMTAD arrendator HTTP 200 6238
SYNONYMER_SE_HAMTAD arrendator HTTP 200 259311
WIKTIONARY_HAMTAD arrendator HTTP 200 907
UPPSLAGSORD arrendator traffar=saol,so,saob
SVENSKA_SE_HAMTAD arrendera HTTP 200 16861
SYNONYMER_SE_HAMTAD arrendera HTTP 200 265182
WIKTIONARY_HAMTAD arrendera HTTP 200 654
UPPSLAGSORD arrendera traffar=saol,so,saob
SVENSKA_SE_HAMTAD arrendera ut HTTP 200 7459
SYNONYMER_SE_HAMTAD arrendera ut HTTP 200 223374
WIKTIONARY_HAMTAD arrendera ut HTTP 200 398
UPPSLAGSORD arrendera ut traffar=saol,so,saob
SVENSKA_SE_HAMTAD arrivist HTTP 200 7370
SYNONYMER_SE_HAMTAD arrivist HTTP 200 232692
WIKTIONARY_HAMTAD arrivist HTTP 200 348
UPPSLAGSORD arrivist traffar=saol,so
SVENSKA_SE_HAMTAD arrogant HTTP 200 6266
SYNONYMER_SE_HAMTAD arrogant HTTP 200 260867
WIKTIONARY_HAMTAD arrogant HTTP 429 0
UPPSLAGSORD arrogant traffar=saol,so,saob
SVENSKA_SE_HAMTAD arrondera HTTP 200 12541
SYNONYMER_SE_HAMTAD arrondera HTTP 200 256405
WIKTIONARY_HAMTAD arrondera HTTP 429 0
UPPSLAGSORD arrondera traffar=saol,saob
SVENSKA_SE_HAMTAD arsenal HTTP 200 6618
SYNONYMER_SE_HAMTAD arsenal HTTP 200 257425
WIKTIONARY_HAMTAD arsenal HTTP 200 1859
UPPSLAGSORD arsenal traffar=saol,so,saob
SVENSKA_SE_HAMTAD art director HTTP 200 11220
SYNONYMER_SE_HAMTAD art director HTTP 200 231661
WIKTIONARY_HAMTAD art director HTTP 200 327
UPPSLAGSORD art director traffar=so
SVENSKA_SE_HAMTAD artikulation HTTP 200 6243
SYNONYMER_SE_HAMTAD artikulation HTTP 200 259447
WIKTIONARY_HAMTAD artikulation HTTP 200 651
UPPSLAGSORD artikulation traffar=saol,so,saob
SVENSKA_SE_HAMTAD artikulera HTTP 200 14460
SYNONYMER_SE_HAMTAD artikulera HTTP 200 270199
WIKTIONARY_HAMTAD artikulera HTTP 200 461
UPPSLAGSORD artikulera traffar=saol,so,saob
SVENSKA_SE_HAMTAD artotek HTTP 200 7849
SYNONYMER_SE_HAMTAD artotek HTTP 200 248269
WIKTIONARY_HAMTAD artotek HTTP 200 191
UPPSLAGSORD artotek traffar=saol,so
SVENSKA_SE_HAMTAD artär HTTP 200 6770
SYNONYMER_SE_HAMTAD artär HTTP 200 255991
WIKTIONARY_HAMTAD artär HTTP 200 1500
UPPSLAGSORD artär traffar=saol,so,saob
SVENSKA_SE_HAMTAD arvode HTTP 200 8176
SYNONYMER_SE_HAMTAD arvode HTTP 200 271624
WIKTIONARY_HAMTAD arvode HTTP 200 862
UPPSLAGSORD arvode traffar=saol,so
SVENSKA_SE_HAMTAD arvodera HTTP 200 10058
SYNONYMER_SE_HAMTAD arvodera HTTP 200 253981
WIKTIONARY_HAMTAD arvodera HTTP 200 398
UPPSLAGSORD arvodera traffar=saol,so
SVENSKA_SE_HAMTAD asa HTTP 200 17192
SYNONYMER_SE_HAMTAD asa HTTP 200 252597
WIKTIONARY_HAMTAD asa HTTP 200 877
UPPSLAGSORD asa traffar=saol,so,saob
SVENSKA_SE_HAMTAD askes HTTP 200 7878
SYNONYMER_SE_HAMTAD askes HTTP 200 252900
WIKTIONARY_HAMTAD askes HTTP 200 819
UPPSLAGSORD askes traffar=saol,so,saob
SVENSKA_SE_HAMTAD aspekt HTTP 200 9147
SYNONYMER_SE_HAMTAD aspekt HTTP 200 258775
WIKTIONARY_HAMTAD aspekt HTTP 429 0
UPPSLAGSORD aspekt traffar=saol,so,saob
SVENSKA_SE_HAMTAD aspirant HTTP 200 6569
SYNONYMER_SE_HAMTAD aspirant HTTP 200 263254
WIKTIONARY_HAMTAD aspirant HTTP 429 0
UPPSLAGSORD aspirant traffar=saol,so,saob
SVENSKA_SE_HAMTAD aspirera HTTP 200 8947
SYNONYMER_SE_HAMTAD aspirera HTTP 200 267217
WIKTIONARY_HAMTAD aspirera HTTP 200 995
UPPSLAGSORD aspirera traffar=saol,so,saob
SVENSKA_SE_HAMTAD assessor HTTP 200 6250
SYNONYMER_SE_HAMTAD assessor HTTP 200 262838
WIKTIONARY_HAMTAD assessor HTTP 200 969
UPPSLAGSORD assessor traffar=saol,so,saob
SVENSKA_SE_HAMTAD assiett HTTP 200 6193
SYNONYMER_SE_HAMTAD assiett HTTP 200 265947
WIKTIONARY_HAMTAD assiett HTTP 200 593
UPPSLAGSORD assiett traffar=saol,so,saob
SVENSKA_SE_HAMTAD association HTTP 200 8583
SYNONYMER_SE_HAMTAD association HTTP 200 258669
WIKTIONARY_HAMTAD association HTTP 200 1324
UPPSLAGSORD association traffar=saol,so,saob
SVENSKA_SE_HAMTAD associera HTTP 200 11821
SYNONYMER_SE_HAMTAD associera HTTP 200 264685
WIKTIONARY_HAMTAD associera HTTP 200 611
UPPSLAGSORD associera traffar=saol,so,saob
SVENSKA_SE_HAMTAD assurans HTTP 200 6296
SYNONYMER_SE_HAMTAD assurans HTTP 200 245005
WIKTIONARY_HAMTAD assurans HTTP 200 639
UPPSLAGSORD assurans traffar=saol,so,saob
SVENSKA_SE_HAMTAD asteni HTTP 200 5381
SYNONYMER_SE_HAMTAD asteni HTTP 200 243831
WIKTIONARY_HAMTAD asteni HTTP 200 408
UPPSLAGSORD asteni traffar=saol,so,saob
SVENSKA_SE_HAMTAD asterisk HTTP 200 6885
SYNONYMER_SE_HAMTAD asterisk HTTP 200 258944
WIKTIONARY_HAMTAD asterisk HTTP 200 1131
UPPSLAGSORD asterisk traffar=saol,so,saob
SVENSKA_SE_HAMTAD astral HTTP 200 6155
SYNONYMER_SE_HAMTAD astral HTTP 200 245910
WIKTIONARY_HAMTAD astral HTTP 200 367
UPPSLAGSORD astral traffar=saol,so,saob
SVENSKA_SE_HAMTAD astrolog HTTP 200 7057
SYNONYMER_SE_HAMTAD astrolog HTTP 200 259708
WIKTIONARY_HAMTAD astrolog HTTP 200 856
UPPSLAGSORD astrolog traffar=saol,so,saob
SVENSKA_SE_HAMTAD asynkron HTTP 200 7124
SYNONYMER_SE_HAMTAD asynkron HTTP 200 245163
WIKTIONARY_HAMTAD asynkron HTTP 429 0
UPPSLAGSORD asynkron traffar=saol,so
SVENSKA_SE_HAMTAD atavistisk HTTP 200 5549
SYNONYMER_SE_HAMTAD atavistisk HTTP 200 237021
WIKTIONARY_HAMTAD atavistisk HTTP 429 0
UPPSLAGSORD atavistisk traffar=saol,so,saob
SVENSKA_SE_HAMTAD ateism HTTP 200 5346
SYNONYMER_SE_HAMTAD ateism HTTP 200 254120
WIKTIONARY_HAMTAD ateism HTTP 200 3457
UPPSLAGSORD ateism traffar=saol,so,saob
SVENSKA_SE_HAMTAD ateist HTTP 200 6374
SYNONYMER_SE_HAMTAD ateist HTTP 200 246637
WIKTIONARY_HAMTAD ateist HTTP 200 1905
UPPSLAGSORD ateist traffar=saol,so,saob
SVENSKA_SE_HAMTAD ateljé HTTP 200 5868
SYNONYMER_SE_HAMTAD ateljé HTTP 200 265026
WIKTIONARY_HAMTAD ateljé HTTP 200 1320
UPPSLAGSORD ateljé traffar=saol,so,saob
SVENSKA_SE_HAMTAD atenienn HTTP 200 5749
SYNONYMER_SE_HAMTAD atenienn HTTP 200 246763
WIKTIONARY_HAMTAD atenienn HTTP 200 375
UPPSLAGSORD atenienn traffar=saol,so,saob
SVENSKA_SE_HAMTAD atletisk HTTP 200 5537
SYNONYMER_SE_HAMTAD atletisk HTTP 200 238210
WIKTIONARY_HAMTAD atletisk HTTP 200 2286
UPPSLAGSORD atletisk traffar=saol,so,saob
SVENSKA_SE_HAMTAD atmosfär HTTP 200 7674
SYNONYMER_SE_HAMTAD atmosfär HTTP 200 270974
WIKTIONARY_HAMTAD atmosfär HTTP 200 3130
UPPSLAGSORD atmosfär traffar=saol,so,saob
SVENSKA_SE_HAMTAD atoll HTTP 200 6131
SYNONYMER_SE_HAMTAD atoll HTTP 200 253251
WIKTIONARY_HAMTAD atoll HTTP 200 1320
UPPSLAGSORD atoll traffar=saol,so,saob
FRAS_UTAN_UPPSLAGSORD att mylla -- svenska.se-traffarna galler bestandsdelarna, inte frasen. Kastas.
SVENSKA_SE_HAMTAD att mylla HTTP 200 19702
SYNONYMER_SE_HAMTAD att mylla HTTP 200 203659
WIKTIONARY_HAMTAD att mylla HTTP 200 398
UPPSLAGSORD att mylla traffar=INGEN
FRAS_UTAN_UPPSLAGSORD att möta sitt waterloo -- svenska.se-traffarna galler bestandsdelarna, inte frasen. Kastas.
SVENSKA_SE_HAMTAD att möta sitt waterloo HTTP 200 17727
SYNONYMER_SE_HAMTAD att möta sitt waterloo HTTP 200 203901
WIKTIONARY_HAMTAD att möta sitt waterloo HTTP 200 398
UPPSLAGSORD att möta sitt waterloo traffar=INGEN
SVENSKA_SE_HAMTAD attaché HTTP 200 6574
SYNONYMER_SE_HAMTAD attaché HTTP 200 258145
WIKTIONARY_HAMTAD attaché HTTP 200 628
UPPSLAGSORD attaché traffar=saol,so,saob
SVENSKA_SE_HAMTAD attan HTTP 200 6158
SYNONYMER_SE_HAMTAD attan HTTP 200 242161
WIKTIONARY_HAMTAD attan HTTP 429 0
UPPSLAGSORD attan traffar=saol,so,saob
SVENSKA_SE_HAMTAD attentat HTTP 200 7830
SYNONYMER_SE_HAMTAD attentat HTTP 200 268767
WIKTIONARY_HAMTAD attentat HTTP 429 0
UPPSLAGSORD attentat traffar=saol,so,saob
SVENSKA_SE_HAMTAD attentator HTTP 200 18023
SYNONYMER_SE_HAMTAD attentator HTTP 200 242575
WIKTIONARY_HAMTAD attentator HTTP 200 297
UPPSLAGSORD attentator traffar=saob
SVENSKA_SE_HAMTAD attestera HTTP 200 7892
SYNONYMER_SE_HAMTAD attestera HTTP 200 262587
WIKTIONARY_HAMTAD attestera HTTP 200 789
UPPSLAGSORD attestera traffar=saol,so,saob
SVENSKA_SE_HAMTAD attiralj HTTP 200 6288
SYNONYMER_SE_HAMTAD attiralj HTTP 200 253725
WIKTIONARY_HAMTAD attiralj HTTP 200 750
UPPSLAGSORD attiralj traffar=saol,so,saob
SVENSKA_SE_HAMTAD attrahera HTTP 200 9416
SYNONYMER_SE_HAMTAD attrahera HTTP 200 269416
WIKTIONARY_HAMTAD attrahera HTTP 200 970
UPPSLAGSORD attrahera traffar=saol,so,saob
SVENSKA_SE_HAMTAD attrapp HTTP 200 6231
SYNONYMER_SE_HAMTAD attrapp HTTP 200 266865
WIKTIONARY_HAMTAD attrapp HTTP 200 1226
UPPSLAGSORD attrapp traffar=saol,so,saob
SVENSKA_SE_HAMTAD atypi HTTP 200 8135
SYNONYMER_SE_HAMTAD atypi HTTP 200 243471
WIKTIONARY_HAMTAD atypi HTTP 200 398
UPPSLAGSORD atypi traffar=saol,so
SVENSKA_SE_HAMTAD au pair HTTP 200 7811
SYNONYMER_SE_HAMTAD au pair HTTP 200 250309
WIKTIONARY_HAMTAD au pair HTTP 200 1071
UPPSLAGSORD au pair traffar=saol,so
SVENSKA_SE_HAMTAD aubergine HTTP 200 8184
SYNONYMER_SE_HAMTAD aubergine HTTP 200 252121
WIKTIONARY_HAMTAD aubergine HTTP 200 4984
UPPSLAGSORD aubergine traffar=saol,so
SVENSKA_SE_HAMTAD audiologi HTTP 200 6671
SYNONYMER_SE_HAMTAD audiologi HTTP 200 256121
WIKTIONARY_HAMTAD audiologi HTTP 200 398
UPPSLAGSORD audiologi traffar=saol,so
SVENSKA_SE_HAMTAD audition HTTP 200 8788
SYNONYMER_SE_HAMTAD audition HTTP 200 255445
WIKTIONARY_HAMTAD audition HTTP 200 1241
UPPSLAGSORD audition traffar=saol,so