SVENSKA_SE_HAMTAD understå sig HTTP 200 5329
SYNONYMER_SE_HAMTAD understå sig HTTP 200 247808
WIKTIONARY_HAMTAD understå sig HTTP 429 0
SVENSKA_SE_HAMTAD ondgöra sig HTTP 200 5632
SYNONYMER_SE_HAMTAD ondgöra sig HTTP 200 223943
WIKTIONARY_HAMTAD ondgöra sig HTTP 200 398
SVENSKA_SE_HAMTAD ligga av sig HTTP 200 4100
SYNONYMER_SE_HAMTAD ligga av sig HTTP 200 219740
WIKTIONARY_HAMTAD ligga av sig HTTP 200 398
SVENSKA_SE_HAMTAD beskärma sig HTTP 200 5813
SYNONYMER_SE_HAMTAD beskärma sig HTTP 200 241581
WIKTIONARY_HAMTAD beskärma sig HTTP 200 398
SVENSKA_SE_HAMTAD dabba sig HTTP 200 5350
SYNONYMER_SE_HAMTAD dabba sig HTTP 200 236068
WIKTIONARY_HAMTAD dabba sig HTTP 200 398
SVENSKA_SE_HAMTAD skrida HTTP 200 10910
SYNONYMER_SE_HAMTAD skrida HTTP 200 298627
WIKTIONARY_HAMTAD skrida HTTP 429 0
SVENSKA_SE_HAMTAD slå an HTTP 200 7542
SYNONYMER_SE_HAMTAD slå an HTTP 200 231152
WIKTIONARY_HAMTAD slå an HTTP 429 0
SVENSKA_SE_HAMTAD pösa HTTP 200 7781
SYNONYMER_SE_HAMTAD pösa HTTP 200 265571
WIKTIONARY_HAMTAD pösa HTTP 200 1575
SVENSKA_SE_HAMTAD gruva sig HTTP 200 6513
SYNONYMER_SE_HAMTAD gruva sig HTTP 200 240140
WIKTIONARY_HAMTAD gruva sig HTTP 200 398
SVENSKA_SE_HAMTAD ta till intäkt HTTP 200 941
SYNONYMER_SE_HAMTAD ta till intäkt HTTP 200 209979
WIKTIONARY_HAMTAD ta till intäkt HTTP 200 204
SVENSKA_SE_HAMTAD ta skruv HTTP 200 6653
SYNONYMER_SE_HAMTAD ta skruv HTTP 200 235309
WIKTIONARY_HAMTAD ta skruv HTTP 200 1356
SVENSKA_SE_HAMTAD nitlott HTTP 200 4465
SYNONYMER_SE_HAMTAD nitlott HTTP 200 249039
WIKTIONARY_HAMTAD nitlott HTTP 200 398
SVENSKA_SE_HAMTAD tova HTTP 200 12027
SYNONYMER_SE_HAMTAD tova HTTP 200 289458
WIKTIONARY_HAMTAD tova HTTP 200 1137
SVENSKA_SE_HAMTAD -vill HTTP 200 6074
SYNONYMER_SE_HAMTAD -vill HTTP 200 203735
WIKTIONARY_HAMTAD -vill HTTP 429 0
SVENSKA_SE_HAMTAD etsa sig HTTP 200 4846
SYNONYMER_SE_HAMTAD etsa sig HTTP 200 225160
WIKTIONARY_HAMTAD etsa sig HTTP 429 0
SVENSKA_SE_HAMTAD iso- HTTP 200 5126
SYNONYMER_SE_HAMTAD iso- HTTP 200 203334
WIKTIONARY_HAMTAD iso- HTTP 200 398
SVENSKA_SE_HAMTAD -tyg HTTP 200 7340
SYNONYMER_SE_HAMTAD -tyg HTTP 200 203503
WIKTIONARY_HAMTAD -tyg HTTP 200 398
SVENSKA_SE_HAMTAD barka åt skogen HTTP 200 944
SYNONYMER_SE_HAMTAD barka åt skogen HTTP 200 232496
WIKTIONARY_HAMTAD barka åt skogen HTTP 200 493
SVENSKA_SE_HAMTAD (ngns) väl och ve HTTP 200 950
SYNONYMER_SE_HAMTAD (ngns) väl och ve HTTP 200 187122
WIKTIONARY_HAMTAD (ngns) väl och ve HTTP 200 398
SVENSKA_SE_HAMTAD få nöja sig med smulorna från den rikes bord HTTP 200 1039
SYNONYMER_SE_HAMTAD få nöja sig med smulorna från den rikes bord HTTP 200 187910
WIKTIONARY_HAMTAD få nöja sig med smulorna från den rikes bord HTTP 200 400
--- 350/909 klara, 304 med synonymer.se-traff ---
SVENSKA_SE_HAMTAD över stock och sten HTTP 200 956
SYNONYMER_SE_HAMTAD över stock och sten HTTP 200 187329
WIKTIONARY_HAMTAD över stock och sten HTTP 429 0
SVENSKA_SE_HAMTAD kola vippen HTTP 200 5889
SYNONYMER_SE_HAMTAD kola vippen HTTP 200 226037
WIKTIONARY_HAMTAD kola vippen HTTP 429 0
SVENSKA_SE_HAMTAD envar blir salig på sin tro/fason HTTP 200 999
SYNONYMER_SE_HAMTAD envar blir salig på sin tro/fason HTTP 404 0
WIKTIONARY_HAMTAD envar blir salig på sin tro/fason HTTP 200 398
SVENSKA_SE_HAMTAD det drar ihop sig HTTP 200 947
SYNONYMER_SE_HAMTAD det drar ihop sig HTTP 200 187857
WIKTIONARY_HAMTAD det drar ihop sig HTTP 200 398
SVENSKA_SE_HAMTAD arbitrage HTTP 200 5071
SYNONYMER_SE_HAMTAD arbitrage HTTP 200 254824
WIKTIONARY_HAMTAD arbitrage HTTP 200 322
SVENSKA_SE_HAMTAD extramural HTTP 200 5166
SYNONYMER_SE_HAMTAD extramural HTTP 200 234372
WIKTIONARY_HAMTAD extramural HTTP 200 856
SVENSKA_SE_HAMTAD gans HTTP 200 5618
SYNONYMER_SE_HAMTAD gans HTTP 200 240624
WIKTIONARY_HAMTAD gans HTTP 429 0
SVENSKA_SE_HAMTAD skillingtryck HTTP 200 5377
SYNONYMER_SE_HAMTAD skillingtryck HTTP 200 255736
WIKTIONARY_HAMTAD skillingtryck HTTP 429 0
SVENSKA_SE_HAMTAD paroxysm HTTP 200 4558
SYNONYMER_SE_HAMTAD paroxysm HTTP 200 249978
WIKTIONARY_HAMTAD paroxysm HTTP 200 507
SVENSKA_SE_HAMTAD favör HTTP 200 6210
SYNONYMER_SE_HAMTAD favör HTTP 200 256046
WIKTIONARY_HAMTAD favör HTTP 200 809
SVENSKA_SE_HAMTAD faktori HTTP 200 5300
SYNONYMER_SE_HAMTAD faktori HTTP 200 249546
WIKTIONARY_HAMTAD faktori HTTP 200 448
SVENSKA_SE_HAMTAD epigram HTTP 200 5197
SYNONYMER_SE_HAMTAD epigram HTTP 200 266897
WIKTIONARY_HAMTAD epigram HTTP 200 539
SVENSKA_SE_HAMTAD aladåb HTTP 200 4436
SYNONYMER_SE_HAMTAD aladåb HTTP 200 254111
WIKTIONARY_HAMTAD aladåb HTTP 200 1104
SVENSKA_SE_HAMTAD pulpa HTTP 200 5079
SYNONYMER_SE_HAMTAD pulpa HTTP 200 236517
WIKTIONARY_HAMTAD pulpa HTTP 200 484
SVENSKA_SE_HAMTAD martyr HTTP 200 6456
SYNONYMER_SE_HAMTAD martyr HTTP 200 266886
WIKTIONARY_HAMTAD martyr HTTP 429 0
SVENSKA_SE_HAMTAD dråp HTTP 200 5568
SYNONYMER_SE_HAMTAD dråp HTTP 200 273657
WIKTIONARY_HAMTAD dråp HTTP 429 0
SVENSKA_SE_HAMTAD kronvittne HTTP 200 4638
SYNONYMER_SE_HAMTAD kronvittne HTTP 200 257867
WIKTIONARY_HAMTAD kronvittne HTTP 200 998
SVENSKA_SE_HAMTAD latta HTTP 200 4940
SYNONYMER_SE_HAMTAD latta HTTP 200 236996
WIKTIONARY_HAMTAD latta HTTP 200 431
SVENSKA_SE_HAMTAD panegyrisk HTTP 200 4012
SYNONYMER_SE_HAMTAD panegyrisk HTTP 200 241355
WIKTIONARY_HAMTAD panegyrisk HTTP 200 411
SVENSKA_SE_HAMTAD indisponerad HTTP 200 3805
SYNONYMER_SE_HAMTAD indisponerad HTTP 200 240105
WIKTIONARY_HAMTAD indisponerad HTTP 200 411
SVENSKA_SE_HAMTAD florstunn HTTP 200 10320
SYNONYMER_SE_HAMTAD florstunn HTTP 200 233502
WIKTIONARY_HAMTAD florstunn HTTP 200 398
SVENSKA_SE_HAMTAD göra avkall på HTTP 200 944
SYNONYMER_SE_HAMTAD göra avkall på HTTP 200 223121
WIKTIONARY_HAMTAD göra avkall på HTTP 200 398
SVENSKA_SE_HAMTAD parnass HTTP 200 5121
SYNONYMER_SE_HAMTAD parnass HTTP 200 263204
WIKTIONARY_HAMTAD parnass HTTP 429 0
SVENSKA_SE_HAMTAD amfiteater HTTP 200 4705
SYNONYMER_SE_HAMTAD amfiteater HTTP 200 266799
WIKTIONARY_HAMTAD amfiteater HTTP 429 0
SVENSKA_SE_HAMTAD cinnober HTTP 200 3891
SYNONYMER_SE_HAMTAD cinnober HTTP 200 252415
WIKTIONARY_HAMTAD cinnober HTTP 200 885
--- 375/909 klara, 321 med synonymer.se-traff ---
SVENSKA_SE_HAMTAD logg HTTP 200 7608
SYNONYMER_SE_HAMTAD logg HTTP 200 264198
WIKTIONARY_HAMTAD logg HTTP 200 789
SVENSKA_SE_HAMTAD kvader HTTP 200 5119
SYNONYMER_SE_HAMTAD kvader HTTP 200 256774
WIKTIONARY_HAMTAD kvader HTTP 200 448
SVENSKA_SE_HAMTAD urkund HTTP 200 5508
SYNONYMER_SE_HAMTAD urkund HTTP 200 263500
WIKTIONARY_HAMTAD urkund HTTP 200 498
SVENSKA_SE_HAMTAD daler HTTP 200 5172
SYNONYMER_SE_HAMTAD daler HTTP 200 254343
WIKTIONARY_HAMTAD daler HTTP 200 411
SVENSKA_SE_HAMTAD bräsera HTTP 200 8804
SYNONYMER_SE_HAMTAD bräsera HTTP 200 261126
WIKTIONARY_HAMTAD bräsera HTTP 429 0
SVENSKA_SE_HAMTAD teach-in HTTP 200 5711
SYNONYMER_SE_HAMTAD teach-in HTTP 200 203959
WIKTIONARY_HAMTAD teach-in HTTP 429 0
SVENSKA_SE_HAMTAD ekumenik HTTP 200 5530
SYNONYMER_SE_HAMTAD ekumenik HTTP 200 246181
WIKTIONARY_HAMTAD ekumenik HTTP 200 764
SVENSKA_SE_HAMTAD karyatid HTTP 200 4715
SYNONYMER_SE_HAMTAD karyatid HTTP 200 252467
WIKTIONARY_HAMTAD karyatid HTTP 200 237
SVENSKA_SE_HAMTAD avkok HTTP 200 5728
SYNONYMER_SE_HAMTAD avkok HTTP 200 256958
WIKTIONARY_HAMTAD avkok HTTP 200 574
SVENSKA_SE_HAMTAD indisposition HTTP 200 3475
SYNONYMER_SE_HAMTAD indisposition HTTP 200 246469
WIKTIONARY_HAMTAD indisposition HTTP 200 398
SVENSKA_SE_HAMTAD ögna HTTP 200 7141
SYNONYMER_SE_HAMTAD ögna HTTP 200 281932
WIKTIONARY_HAMTAD ögna HTTP 200 583
SVENSKA_SE_HAMTAD prospektera HTTP 200 6459
SYNONYMER_SE_HAMTAD prospektera HTTP 200 254896
WIKTIONARY_HAMTAD prospektera HTTP 429 0
SVENSKA_SE_HAMTAD rotting HTTP 200 5685
SYNONYMER_SE_HAMTAD rotting HTTP 200 268694
WIKTIONARY_HAMTAD rotting HTTP 429 0
SVENSKA_SE_HAMTAD telning HTTP 200 6179
SYNONYMER_SE_HAMTAD telning HTTP 200 256615
WIKTIONARY_HAMTAD telning HTTP 200 847
SVENSKA_SE_HAMTAD mista sansen HTTP 200 4049
SYNONYMER_SE_HAMTAD mista sansen HTTP 200 209728
WIKTIONARY_HAMTAD mista sansen HTTP 429 0
SVENSKA_SE_HAMTAD interpellation HTTP 200 5265
SYNONYMER_SE_HAMTAD interpellation HTTP 200 260159
WIKTIONARY_HAMTAD interpellation HTTP 429 0
SVENSKA_SE_HAMTAD neuros HTTP 200 5500
SYNONYMER_SE_HAMTAD neuros HTTP 200 263152
WIKTIONARY_HAMTAD neuros HTTP 200 1021
SVENSKA_SE_HAMTAD bondfångeri HTTP 200 4630
SYNONYMER_SE_HAMTAD bondfångeri HTTP 200 253744
WIKTIONARY_HAMTAD bondfångeri HTTP 200 508
SVENSKA_SE_HAMTAD sedeslös HTTP 200 4176
SYNONYMER_SE_HAMTAD sedeslös HTTP 200 253085
WIKTIONARY_HAMTAD sedeslös HTTP 200 559
SVENSKA_SE_HAMTAD perukstock HTTP 200 5019
SYNONYMER_SE_HAMTAD perukstock HTTP 200 252590
WIKTIONARY_HAMTAD perukstock HTTP 200 614
SVENSKA_SE_HAMTAD diadem HTTP 200 4808
SYNONYMER_SE_HAMTAD diadem HTTP 200 262992
WIKTIONARY_HAMTAD diadem HTTP 200 1041
SVENSKA_SE_HAMTAD schvungfull HTTP 200 4177
SYNONYMER_SE_HAMTAD schvungfull HTTP 200 238915
WIKTIONARY_HAMTAD schvungfull HTTP 429 0
SVENSKA_SE_HAMTAD kor HTTP 200 13702
SYNONYMER_SE_HAMTAD kor HTTP 200 280296
WIKTIONARY_HAMTAD kor HTTP 429 0
SVENSKA_SE_HAMTAD ulster HTTP 200 4895
SYNONYMER_SE_HAMTAD ulster HTTP 200 262588
WIKTIONARY_HAMTAD ulster HTTP 200 556
SVENSKA_SE_HAMTAD ymnighetshorn HTTP 200 4932
SYNONYMER_SE_HAMTAD ymnighetshorn HTTP 200 251158
WIKTIONARY_HAMTAD ymnighetshorn HTTP 200 1185
--- 400/909 klara, 341 med synonymer.se-traff ---
SVENSKA_SE_HAMTAD ligga i träda HTTP 200 2178
SYNONYMER_SE_HAMTAD ligga i träda HTTP 200 229813
WIKTIONARY_HAMTAD ligga i träda HTTP 200 603
SVENSKA_SE_HAMTAD advokatyr HTTP 200 4539
SYNONYMER_SE_HAMTAD advokatyr HTTP 200 244772
WIKTIONARY_HAMTAD advokatyr HTTP 200 484
SVENSKA_SE_HAMTAD faktur HTTP 200 5683
SYNONYMER_SE_HAMTAD faktur HTTP 200 243288
WIKTIONARY_HAMTAD faktur HTTP 429 0
SVENSKA_SE_HAMTAD absid HTTP 200 4957
SYNONYMER_SE_HAMTAD absid HTTP 200 252789
WIKTIONARY_HAMTAD absid HTTP 429 0
SVENSKA_SE_HAMTAD disös HTTP 200 6857
SYNONYMER_SE_HAMTAD disös HTTP 200 239341
WIKTIONARY_HAMTAD disös HTTP 200 267
SVENSKA_SE_HAMTAD ekolod HTTP 200 6935
SYNONYMER_SE_HAMTAD ekolod HTTP 200 254736
WIKTIONARY_HAMTAD ekolod HTTP 200 860
SVENSKA_SE_HAMTAD med berått mod HTTP 200 1564
SYNONYMER_SE_HAMTAD med berått mod HTTP 200 231082
WIKTIONARY_HAMTAD med berått mod HTTP 200 398
SVENSKA_SE_HAMTAD kanapé HTTP 200 5546
SYNONYMER_SE_HAMTAD kanapé HTTP 200 258606
WIKTIONARY_HAMTAD kanapé HTTP 200 882
SVENSKA_SE_HAMTAD biton HTTP 200 5037
SYNONYMER_SE_HAMTAD biton HTTP 200 254515
WIKTIONARY_HAMTAD biton HTTP 200 498
SVENSKA_SE_HAMTAD transumera HTTP 200 6118
SYNONYMER_SE_HAMTAD transumera HTTP 200 248195
WIKTIONARY_HAMTAD transumera HTTP 429 0
SVENSKA_SE_HAMTAD atrium HTTP 200 4758
SYNONYMER_SE_HAMTAD atrium HTTP 200 252487
WIKTIONARY_HAMTAD atrium HTTP 429 0
SVENSKA_SE_HAMTAD cirkumflex HTTP 200 5265
SYNONYMER_SE_HAMTAD cirkumflex HTTP 200 246567
WIKTIONARY_HAMTAD cirkumflex HTTP 200 1122
SVENSKA_SE_HAMTAD pastoral HTTP 200 8675
SYNONYMER_SE_HAMTAD pastoral HTTP 200 268036
WIKTIONARY_HAMTAD pastoral HTTP 200 759
SVENSKA_SE_HAMTAD axiomatisk HTTP 200 3920
SYNONYMER_SE_HAMTAD axiomatisk HTTP 200 249180
WIKTIONARY_HAMTAD axiomatisk HTTP 200 1087
SVENSKA_SE_HAMTAD libation HTTP 200 4949
SYNONYMER_SE_HAMTAD libation HTTP 200 249185
WIKTIONARY_HAMTAD libation HTTP 429 0
SVENSKA_SE_HAMTAD desavouera HTTP 200 7947
SYNONYMER_SE_HAMTAD desavouera HTTP 200 264852
WIKTIONARY_HAMTAD desavouera HTTP 429 0
SVENSKA_SE_HAMTAD över hövan HTTP 200 5508
SYNONYMER_SE_HAMTAD över hövan HTTP 200 237593
WIKTIONARY_HAMTAD över hövan HTTP 200 524
SVENSKA_SE_HAMTAD mo HTTP 200 7041
SYNONYMER_SE_HAMTAD mo HTTP 200 261100
WIKTIONARY_HAMTAD mo HTTP 200 2262
SVENSKA_SE_HAMTAD kamarilla HTTP 200 4753
SYNONYMER_SE_HAMTAD kamarilla HTTP 200 253131
WIKTIONARY_HAMTAD kamarilla HTTP 200 349
SVENSKA_SE_HAMTAD gemination HTTP 200 4543
SYNONYMER_SE_HAMTAD gemination HTTP 200 223393
WIKTIONARY_HAMTAD gemination HTTP 429 0
SVENSKA_SE_HAMTAD lealös HTTP 200 6476
SYNONYMER_SE_HAMTAD lealös HTTP 200 249080
WIKTIONARY_HAMTAD lealös HTTP 429 0
SVENSKA_SE_HAMTAD kohandel HTTP 200 4121
SYNONYMER_SE_HAMTAD kohandel HTTP 200 253430
WIKTIONARY_HAMTAD kohandel HTTP 200 398
SVENSKA_SE_HAMTAD kapson HTTP 200 5279
SYNONYMER_SE_HAMTAD kapson HTTP 200 255966
WIKTIONARY_HAMTAD kapson HTTP 429 0
SVENSKA_SE_HAMTAD ånyo HTTP 200 3358
SYNONYMER_SE_HAMTAD ånyo HTTP 200 231456
WIKTIONARY_HAMTAD ånyo HTTP 429 0
SVENSKA_SE_HAMTAD orakel HTTP 200 6365
SYNONYMER_SE_HAMTAD orakel HTTP 200 267492
WIKTIONARY_HAMTAD orakel HTTP 200 653
--- 425/909 klara, 364 med synonymer.se-traff ---
SVENSKA_SE_HAMTAD ömma HTTP 200 12864
SYNONYMER_SE_HAMTAD ömma HTTP 200 254814
WIKTIONARY_HAMTAD ömma HTTP 200 827
SVENSKA_SE_HAMTAD bigotteri HTTP 200 4417
SYNONYMER_SE_HAMTAD bigotteri HTTP 200 247382
WIKTIONARY_HAMTAD bigotteri HTTP 200 352
SVENSKA_SE_HAMTAD geriatri HTTP 200 4974
SYNONYMER_SE_HAMTAD geriatri HTTP 200 249855
WIKTIONARY_HAMTAD geriatri HTTP 429 0
SVENSKA_SE_HAMTAD alltiallo HTTP 200 5733
SYNONYMER_SE_HAMTAD alltiallo HTTP 200 257406
WIKTIONARY_HAMTAD alltiallo HTTP 429 0
SVENSKA_SE_HAMTAD brådmogen HTTP 200 4846
SYNONYMER_SE_HAMTAD brådmogen HTTP 200 242484
WIKTIONARY_HAMTAD brådmogen HTTP 200 879
SVENSKA_SE_HAMTAD fortis HTTP 200 3799
SYNONYMER_SE_HAMTAD fortis HTTP 200 218404
WIKTIONARY_HAMTAD fortis HTTP 200 398
SVENSKA_SE_HAMTAD föranstalta HTTP 200 6746
SYNONYMER_SE_HAMTAD föranstalta HTTP 200 274145
WIKTIONARY_HAMTAD föranstalta HTTP 429 0
SVENSKA_SE_HAMTAD encefalografi HTTP 200 1713
SYNONYMER_SE_HAMTAD encefalografi HTTP 200 233670
WIKTIONARY_HAMTAD encefalografi HTTP 429 0
SVENSKA_SE_HAMTAD ketch HTTP 200 4901
SYNONYMER_SE_HAMTAD ketch HTTP 200 247462
WIKTIONARY_HAMTAD ketch HTTP 200 398
SVENSKA_SE_HAMTAD omse HTTP 200 6475
SYNONYMER_SE_HAMTAD omse HTTP 200 248112
WIKTIONARY_HAMTAD omse HTTP 200 398
SVENSKA_SE_HAMTAD girland HTTP 200 6961
SYNONYMER_SE_HAMTAD girland HTTP 200 248596
WIKTIONARY_HAMTAD girland HTTP 200 453
SVENSKA_SE_HAMTAD inventarium HTTP 200 5545
SYNONYMER_SE_HAMTAD inventarium HTTP 200 264777
WIKTIONARY_HAMTAD inventarium HTTP 429 0
SVENSKA_SE_HAMTAD kredensa HTTP 200 5228
SYNONYMER_SE_HAMTAD kredensa HTTP 200 239126
WIKTIONARY_HAMTAD kredensa HTTP 429 0
SVENSKA_SE_HAMTAD isomorf HTTP 200 3740
SYNONYMER_SE_HAMTAD isomorf HTTP 200 235995
WIKTIONARY_HAMTAD isomorf HTTP 200 688
SVENSKA_SE_HAMTAD disputation HTTP 200 5112
SYNONYMER_SE_HAMTAD disputation HTTP 200 263456
WIKTIONARY_HAMTAD disputation HTTP 200 800
SVENSKA_SE_HAMTAD talja HTTP 200 11177
SYNONYMER_SE_HAMTAD talja HTTP 200 262047
WIKTIONARY_HAMTAD talja HTTP 429 0
SVENSKA_SE_HAMTAD uppvigla HTTP 200 7654
SYNONYMER_SE_HAMTAD uppvigla HTTP 200 285920
WIKTIONARY_HAMTAD uppvigla HTTP 429 0
SVENSKA_SE_HAMTAD knekt HTTP 200 5505
SYNONYMER_SE_HAMTAD knekt HTTP 200 269096
WIKTIONARY_HAMTAD knekt HTTP 200 2172
SVENSKA_SE_HAMTAD epilering HTTP 200 6343
SYNONYMER_SE_HAMTAD epilering HTTP 200 233385
WIKTIONARY_HAMTAD epilering HTTP 200 226
SVENSKA_SE_HAMTAD chaussé HTTP 200 4667
SYNONYMER_SE_HAMTAD chaussé HTTP 200 251933
WIKTIONARY_HAMTAD chaussé HTTP 429 0
SVENSKA_SE_HAMTAD foglig HTTP 200 5886
SYNONYMER_SE_HAMTAD foglig HTTP 200 263109
WIKTIONARY_HAMTAD foglig HTTP 429 0
SVENSKA_SE_HAMTAD doktrin HTTP 200 5781
SYNONYMER_SE_HAMTAD doktrin HTTP 200 248055
WIKTIONARY_HAMTAD doktrin HTTP 200 1334
SVENSKA_SE_HAMTAD pomologi HTTP 200 3624
SYNONYMER_SE_HAMTAD pomologi HTTP 200 244651
WIKTIONARY_HAMTAD pomologi HTTP 200 1390
SVENSKA_SE_HAMTAD högrest HTTP 200 4133
SYNONYMER_SE_HAMTAD högrest HTTP 200 236222
WIKTIONARY_HAMTAD högrest HTTP 200 576
SVENSKA_SE_HAMTAD adagio HTTP 200 5771
SYNONYMER_SE_HAMTAD adagio HTTP 200 266286
WIKTIONARY_HAMTAD adagio HTTP 429 0
--- 450/909 klara, 386 med synonymer.se-traff ---
SVENSKA_SE_HAMTAD tabulatur HTTP 200 5066
SYNONYMER_SE_HAMTAD tabulatur HTTP 200 249889
WIKTIONARY_HAMTAD tabulatur HTTP 429 0
SVENSKA_SE_HAMTAD gnatig HTTP 200 5089
SYNONYMER_SE_HAMTAD gnatig HTTP 200 244497
WIKTIONARY_HAMTAD gnatig HTTP 200 398
SVENSKA_SE_HAMTAD beredvillig HTTP 200 3839
SYNONYMER_SE_HAMTAD beredvillig HTTP 200 254169
WIKTIONARY_HAMTAD beredvillig HTTP 200 902
SVENSKA_SE_HAMTAD umbärande HTTP 200 8930
SYNONYMER_SE_HAMTAD umbärande HTTP 200 256845
WIKTIONARY_HAMTAD umbärande HTTP 200 1281
SVENSKA_SE_HAMTAD kainsmärke HTTP 200 4567
SYNONYMER_SE_HAMTAD kainsmärke HTTP 200 242999
WIKTIONARY_HAMTAD kainsmärke HTTP 429 0
SVENSKA_SE_HAMTAD väsensskild HTTP 200 3931
SYNONYMER_SE_HAMTAD väsensskild HTTP 200 252640
WIKTIONARY_HAMTAD väsensskild HTTP 429 0
SVENSKA_SE_HAMTAD gördla HTTP 200 6147
SYNONYMER_SE_HAMTAD gördla HTTP 200 249655
WIKTIONARY_HAMTAD gördla HTTP 200 204
SVENSKA_SE_HAMTAD vurm HTTP 200 5447
SYNONYMER_SE_HAMTAD vurm HTTP 200 279303
WIKTIONARY_HAMTAD vurm HTTP 200 1863
SVENSKA_SE_HAMTAD karda HTTP 200 11866
SYNONYMER_SE_HAMTAD karda HTTP 200 288097
WIKTIONARY_HAMTAD karda HTTP 429 0
SVENSKA_SE_HAMTAD bemyndiga HTTP 200 6262
SYNONYMER_SE_HAMTAD bemyndiga HTTP 200 274971
WIKTIONARY_HAMTAD bemyndiga HTTP 429 0
SVENSKA_SE_HAMTAD helioterapi HTTP 200 5118
SYNONYMER_SE_HAMTAD helioterapi HTTP 200 225033
WIKTIONARY_HAMTAD helioterapi HTTP 200 398
SVENSKA_SE_HAMTAD långledas HTTP 200 4126
SYNONYMER_SE_HAMTAD långledas HTTP 200 223387
WIKTIONARY_HAMTAD långledas HTTP 200 398
SVENSKA_SE_HAMTAD riksha (rickshaw) HTTP 200 947
SYNONYMER_SE_HAMTAD riksha (rickshaw) HTTP 200 203942
WIKTIONARY_HAMTAD riksha (rickshaw) HTTP 429 0
SVENSKA_SE_HAMTAD i onåd HTTP 200 5173
SYNONYMER_SE_HAMTAD i onåd HTTP 200 203592
WIKTIONARY_HAMTAD i onåd HTTP 429 0
SVENSKA_SE_HAMTAD guttural HTTP 200 5297
SYNONYMER_SE_HAMTAD guttural HTTP 200 257897
WIKTIONARY_HAMTAD guttural HTTP 200 637
SVENSKA_SE_HAMTAD lamell HTTP 200 5075
SYNONYMER_SE_HAMTAD lamell HTTP 200 257830
WIKTIONARY_HAMTAD lamell HTTP 200 235
SVENSKA_SE_HAMTAD skrupler HTTP 200 6554
SYNONYMER_SE_HAMTAD skrupler HTTP 200 246662
WIKTIONARY_HAMTAD skrupler HTTP 200 162
SVENSKA_SE_HAMTAD berlock HTTP 200 4821
SYNONYMER_SE_HAMTAD berlock HTTP 200 261879
WIKTIONARY_HAMTAD berlock HTTP 429 0
SVENSKA_SE_HAMTAD solidarisk HTTP 200 5827
SYNONYMER_SE_HAMTAD solidarisk HTTP 200 259715
WIKTIONARY_HAMTAD solidarisk HTTP 429 0
SVENSKA_SE_HAMTAD gillestuga HTTP 200 4872
SYNONYMER_SE_HAMTAD gillestuga HTTP 200 256859
WIKTIONARY_HAMTAD gillestuga HTTP 200 557
SVENSKA_SE_HAMTAD parlör HTTP 200 5098
SYNONYMER_SE_HAMTAD parlör HTTP 200 263656
WIKTIONARY_HAMTAD parlör HTTP 200 979
SVENSKA_SE_HAMTAD oförmedlad HTTP 200 4272
SYNONYMER_SE_HAMTAD oförmedlad HTTP 200 248733
WIKTIONARY_HAMTAD oförmedlad HTTP 429 0
SVENSKA_SE_HAMTAD pomerans HTTP 200 4967
SYNONYMER_SE_HAMTAD pomerans HTTP 200 262773
WIKTIONARY_HAMTAD pomerans HTTP 429 0
SVENSKA_SE_HAMTAD sejdel HTTP 200 5385
SYNONYMER_SE_HAMTAD sejdel HTTP 200 262796
WIKTIONARY_HAMTAD sejdel HTTP 429 0
SVENSKA_SE_HAMTAD fullödig HTTP 200 5283
SYNONYMER_SE_HAMTAD fullödig HTTP 200 242950
WIKTIONARY_HAMTAD fullödig HTTP 429 0
--- 475/909 klara, 405 med synonymer.se-traff ---
SVENSKA_SE_HAMTAD ympa HTTP 200 10502
SYNONYMER_SE_HAMTAD ympa HTTP 200 275556
WIKTIONARY_HAMTAD ympa HTTP 429 0
SVENSKA_SE_HAMTAD butelj HTTP 200 5420
SYNONYMER_SE_HAMTAD butelj HTTP 200 268586
WIKTIONARY_HAMTAD butelj HTTP 200 1338
SVENSKA_SE_HAMTAD avlat HTTP 200 12045
SYNONYMER_SE_HAMTAD avlat HTTP 200 256754
WIKTIONARY_HAMTAD avlat HTTP 429 0
SVENSKA_SE_HAMTAD inkurant HTTP 200 3612
SYNONYMER_SE_HAMTAD inkurant HTTP 200 236604
WIKTIONARY_HAMTAD inkurant HTTP 429 0
SVENSKA_SE_HAMTAD bolma HTTP 200 6516
SYNONYMER_SE_HAMTAD bolma HTTP 200 254620
WIKTIONARY_HAMTAD bolma HTTP 200 629
SVENSKA_SE_HAMTAD överhalning HTTP 200 6815
SYNONYMER_SE_HAMTAD överhalning HTTP 200 272755
WIKTIONARY_HAMTAD överhalning HTTP 200 251
SVENSKA_SE_HAMTAD guano HTTP 200 4194
SYNONYMER_SE_HAMTAD guano HTTP 200 253529
WIKTIONARY_HAMTAD guano HTTP 429 0
SVENSKA_SE_HAMTAD a la carte HTTP 200 2294
SYNONYMER_SE_HAMTAD a la carte HTTP 200 203876
WIKTIONARY_HAMTAD a la carte HTTP 429 0
SVENSKA_SE_HAMTAD bjäbb HTTP 200 4848
SYNONYMER_SE_HAMTAD bjäbb HTTP 200 243988
WIKTIONARY_HAMTAD bjäbb HTTP 200 275
SVENSKA_SE_HAMTAD rosslig HTTP 200 5801
SYNONYMER_SE_HAMTAD rosslig HTTP 200 250362
WIKTIONARY_HAMTAD rosslig HTTP 200 398
SVENSKA_SE_HAMTAD boudoir HTTP 200 7979
SYNONYMER_SE_HAMTAD boudoir HTTP 200 258268
WIKTIONARY_HAMTAD boudoir HTTP 429 0
SVENSKA_SE_HAMTAD i stadens hank och stör HTTP 200 968
SYNONYMER_SE_HAMTAD i stadens hank och stör HTTP 200 187583
WIKTIONARY_HAMTAD i stadens hank och stör HTTP 429 0
SVENSKA_SE_HAMTAD berått HTTP 200 5542
SYNONYMER_SE_HAMTAD berått HTTP 200 238597
WIKTIONARY_HAMTAD berått HTTP 200 398
SVENSKA_SE_HAMTAD mammon HTTP 200 3946
SYNONYMER_SE_HAMTAD mammon HTTP 200 253203
WIKTIONARY_HAMTAD mammon HTTP 429 0
SVENSKA_SE_HAMTAD tusenkonstnär HTTP 200 4518
SYNONYMER_SE_HAMTAD tusenkonstnär HTTP 200 254438
WIKTIONARY_HAMTAD tusenkonstnär HTTP 429 0
SVENSKA_SE_HAMTAD terrakotta HTTP 200 3658
SYNONYMER_SE_HAMTAD terrakotta HTTP 200 259064
WIKTIONARY_HAMTAD terrakotta HTTP 200 757
SVENSKA_SE_HAMTAD synnerlig HTTP 200 5381
SYNONYMER_SE_HAMTAD synnerlig HTTP 200 265561
WIKTIONARY_HAMTAD synnerlig HTTP 200 368
SVENSKA_SE_HAMTAD kalejdoskop HTTP 200 4890
SYNONYMER_SE_HAMTAD kalejdoskop HTTP 200 256874
WIKTIONARY_HAMTAD kalejdoskop HTTP 429 0
SVENSKA_SE_HAMTAD vederlag HTTP 200 6229
SYNONYMER_SE_HAMTAD vederlag HTTP 200 261235
WIKTIONARY_HAMTAD vederlag HTTP 429 0
SVENSKA_SE_HAMTAD krabb HTTP 200 6442
SYNONYMER_SE_HAMTAD krabb HTTP 200 233950
WIKTIONARY_HAMTAD krabb HTTP 200 274
SVENSKA_SE_HAMTAD pur HTTP 200 4586
SYNONYMER_SE_HAMTAD pur HTTP 200 261411
WIKTIONARY_HAMTAD pur HTTP 200 1196
SVENSKA_SE_HAMTAD omaka HTTP 200 7158
SYNONYMER_SE_HAMTAD omaka HTTP 200 268516
WIKTIONARY_HAMTAD omaka HTTP 429 0
SVENSKA_SE_HAMTAD ataxi HTTP 200 5742
SYNONYMER_SE_HAMTAD ataxi HTTP 200 236968
WIKTIONARY_HAMTAD ataxi HTTP 429 0
SVENSKA_SE_HAMTAD förnöjsam HTTP 200 4684
SYNONYMER_SE_HAMTAD förnöjsam HTTP 200 253154
WIKTIONARY_HAMTAD förnöjsam HTTP 200 903
SVENSKA_SE_HAMTAD sekvestrera HTTP 200 5368
SYNONYMER_SE_HAMTAD sekvestrera HTTP 200 260743
WIKTIONARY_HAMTAD sekvestrera HTTP 200 547
--- 500/909 klara, 427 med synonymer.se-traff ---
SVENSKA_SE_HAMTAD matiné HTTP 200 5074
SYNONYMER_SE_HAMTAD matiné HTTP 200 256563
WIKTIONARY_HAMTAD matiné HTTP 429 0
SVENSKA_SE_HAMTAD seeda HTTP 200 6940
SYNONYMER_SE_HAMTAD seeda HTTP 200 264354
WIKTIONARY_HAMTAD seeda HTTP 429 0
SVENSKA_SE_HAMTAD nubb HTTP 200 4837
SYNONYMER_SE_HAMTAD nubb HTTP 200 257044
WIKTIONARY_HAMTAD nubb HTTP 200 505
SVENSKA_SE_HAMTAD bylte HTTP 200 5191
SYNONYMER_SE_HAMTAD bylte HTTP 200 265593
WIKTIONARY_HAMTAD bylte HTTP 200 584
SVENSKA_SE_HAMTAD bebådelse HTTP 200 4669
SYNONYMER_SE_HAMTAD bebådelse HTTP 200 260926
WIKTIONARY_HAMTAD bebådelse HTTP 429 0
SVENSKA_SE_HAMTAD skäkta HTTP 200 14706
SYNONYMER_SE_HAMTAD skäkta HTTP 200 292480
WIKTIONARY_HAMTAD skäkta HTTP 429 0
SVENSKA_SE_HAMTAD ringhet HTTP 200 4628
SYNONYMER_SE_HAMTAD ringhet HTTP 200 250703
WIKTIONARY_HAMTAD ringhet HTTP 200 340
SVENSKA_SE_HAMTAD stenografi HTTP 200 4525
SYNONYMER_SE_HAMTAD stenografi HTTP 200 251701
WIKTIONARY_HAMTAD stenografi HTTP 200 786
SVENSKA_SE_HAMTAD ad notam HTTP 200 4215
SYNONYMER_SE_HAMTAD ad notam HTTP 200 237690
WIKTIONARY_HAMTAD ad notam HTTP 429 0
SVENSKA_SE_HAMTAD fästa avseende vid HTTP 200 953
SYNONYMER_SE_HAMTAD fästa avseende vid HTTP 200 222932
WIKTIONARY_HAMTAD fästa avseende vid HTTP 429 0
SVENSKA_SE_HAMTAD konfektion HTTP 200 4412
SYNONYMER_SE_HAMTAD konfektion HTTP 200 248001
WIKTIONARY_HAMTAD konfektion HTTP 200 527
SVENSKA_SE_HAMTAD väderbiten HTTP 200 3759
SYNONYMER_SE_HAMTAD väderbiten HTTP 200 246159
WIKTIONARY_HAMTAD väderbiten HTTP 200 669
SVENSKA_SE_HAMTAD baldakin HTTP 200 5194
SYNONYMER_SE_HAMTAD baldakin HTTP 200 260771
WIKTIONARY_HAMTAD baldakin HTTP 429 0
SVENSKA_SE_HAMTAD insulär HTTP 200 3887
SYNONYMER_SE_HAMTAD insulär HTTP 200 244097
WIKTIONARY_HAMTAD insulär HTTP 429 0
SVENSKA_SE_HAMTAD kommod HTTP 200 5601
SYNONYMER_SE_HAMTAD kommod HTTP 200 252441
WIKTIONARY_HAMTAD kommod HTTP 200 593
SVENSKA_SE_HAMTAD bålverk HTTP 200 8501
SYNONYMER_SE_HAMTAD bålverk HTTP 200 270265
WIKTIONARY_HAMTAD bålverk HTTP 200 1322
SVENSKA_SE_HAMTAD diametral HTTP 200 3281
SYNONYMER_SE_HAMTAD diametral HTTP 200 248375
WIKTIONARY_HAMTAD diametral HTTP 429 0
SVENSKA_SE_HAMTAD bidé HTTP 200 4876
SYNONYMER_SE_HAMTAD bidé HTTP 200 247837
WIKTIONARY_HAMTAD bidé HTTP 429 0
SVENSKA_SE_HAMTAD ektomi HTTP 200 6673
SYNONYMER_SE_HAMTAD ektomi HTTP 200 229804
WIKTIONARY_HAMTAD ektomi HTTP 200 398
SVENSKA_SE_HAMTAD akribi HTTP 200 5372
SYNONYMER_SE_HAMTAD akribi HTTP 200 242542
WIKTIONARY_HAMTAD akribi HTTP 200 967
SVENSKA_SE_HAMTAD kitt HTTP 200 4203
SYNONYMER_SE_HAMTAD kitt HTTP 200 264816
WIKTIONARY_HAMTAD kitt HTTP 429 0
SVENSKA_SE_HAMTAD globetrotter HTTP 200 4763
SYNONYMER_SE_HAMTAD globetrotter HTTP 200 258950
WIKTIONARY_HAMTAD globetrotter HTTP 429 0
SVENSKA_SE_HAMTAD krackelera HTTP 200 6905
SYNONYMER_SE_HAMTAD krackelera HTTP 200 261334
WIKTIONARY_HAMTAD krackelera HTTP 200 781
SVENSKA_SE_HAMTAD kommissionär HTTP 200 5981
SYNONYMER_SE_HAMTAD kommissionär HTTP 200 260753
WIKTIONARY_HAMTAD kommissionär HTTP 200 615
SVENSKA_SE_HAMTAD expropriera HTTP 200 6826
SYNONYMER_SE_HAMTAD expropriera HTTP 200 252585
WIKTIONARY_HAMTAD expropriera HTTP 429 0
--- 525/909 klara, 452 med synonymer.se-traff ---
SVENSKA_SE_HAMTAD rättmätig HTTP 200 4905
SYNONYMER_SE_HAMTAD rättmätig HTTP 200 270314
WIKTIONARY_HAMTAD rättmätig HTTP 429 0
SVENSKA_SE_HAMTAD tajga HTTP 200 4642
SYNONYMER_SE_HAMTAD tajga HTTP 200 239591
WIKTIONARY_HAMTAD tajga HTTP 429 0
SVENSKA_SE_HAMTAD lux HTTP 200 5059
SYNONYMER_SE_HAMTAD lux HTTP 200 218814
WIKTIONARY_HAMTAD lux HTTP 429 0
SVENSKA_SE_HAMTAD eponym HTTP 200 6193
SYNONYMER_SE_HAMTAD eponym HTTP 200 247201
WIKTIONARY_HAMTAD eponym HTTP 429 0
SVENSKA_SE_HAMTAD sodomi HTTP 200 4375
SYNONYMER_SE_HAMTAD sodomi HTTP 200 250200
WIKTIONARY_HAMTAD sodomi HTTP 429 0
SVENSKA_SE_HAMTAD satyr HTTP 200 5795
SYNONYMER_SE_HAMTAD satyr HTTP 200 261548
WIKTIONARY_HAMTAD satyr HTTP 429 0
SVENSKA_SE_HAMTAD färm HTTP 200 6311
SYNONYMER_SE_HAMTAD färm HTTP 200 223994
WIKTIONARY_HAMTAD färm HTTP 429 0
SVENSKA_SE_HAMTAD minaret HTTP 200 4735
SYNONYMER_SE_HAMTAD minaret HTTP 200 251363
WIKTIONARY_HAMTAD minaret HTTP 429 0
SVENSKA_SE_HAMTAD armod HTTP 200 4250
SYNONYMER_SE_HAMTAD armod HTTP 200 259394
WIKTIONARY_HAMTAD armod HTTP 429 0
SVENSKA_SE_HAMTAD kärve HTTP 200 9406
SYNONYMER_SE_HAMTAD kärve HTTP 200 272394
WIKTIONARY_HAMTAD kärve HTTP 200 1358
SVENSKA_SE_HAMTAD ombudsman HTTP 200 6392
SYNONYMER_SE_HAMTAD ombudsman HTTP 200 266787
WIKTIONARY_HAMTAD ombudsman HTTP 429 0
SVENSKA_SE_HAMTAD fåfäng HTTP 200 6988
SYNONYMER_SE_HAMTAD fåfäng HTTP 200 281432
WIKTIONARY_HAMTAD fåfäng HTTP 429 0
SVENSKA_SE_HAMTAD nämnd HTTP 200 12284
SYNONYMER_SE_HAMTAD nämnd HTTP 200 279864
WIKTIONARY_HAMTAD nämnd HTTP 200 1887
SVENSKA_SE_HAMTAD talg HTTP 200 5298
SYNONYMER_SE_HAMTAD talg HTTP 200 270060
WIKTIONARY_HAMTAD talg HTTP 200 949
SVENSKA_SE_HAMTAD hädisk HTTP 200 4946
SYNONYMER_SE_HAMTAD hädisk HTTP 200 240379
WIKTIONARY_HAMTAD hädisk HTTP 200 534
SVENSKA_SE_HAMTAD canasta HTTP 200 5949
SYNONYMER_SE_HAMTAD canasta HTTP 200 246259
WIKTIONARY_HAMTAD canasta HTTP 429 0
SVENSKA_SE_HAMTAD nogräknad HTTP 200 4144
SYNONYMER_SE_HAMTAD nogräknad HTTP 200 255226
WIKTIONARY_HAMTAD nogräknad HTTP 429 0
SVENSKA_SE_HAMTAD infinna sig HTTP 200 5693
SYNONYMER_SE_HAMTAD infinna sig HTTP 200 246349
WIKTIONARY_HAMTAD infinna sig HTTP 200 581
SVENSKA_SE_HAMTAD förgapa sig HTTP 200 6019
SYNONYMER_SE_HAMTAD förgapa sig HTTP 200 209647
WIKTIONARY_HAMTAD förgapa sig HTTP 200 398
SVENSKA_SE_HAMTAD vara på örat HTTP 200 4653
SYNONYMER_SE_HAMTAD vara på örat HTTP 200 217729
WIKTIONARY_HAMTAD vara på örat HTTP 429 0
SVENSKA_SE_HAMTAD precedens HTTP 200 4160
SYNONYMER_SE_HAMTAD precedens HTTP 200 232121
WIKTIONARY_HAMTAD precedens HTTP 429 0
SVENSKA_SE_HAMTAD anafor HTTP 200 5015
SYNONYMER_SE_HAMTAD anafor HTTP 200 251632
WIKTIONARY_HAMTAD anafor HTTP 200 1513
SVENSKA_SE_HAMTAD flottilj HTTP 200 5082
SYNONYMER_SE_HAMTAD flottilj HTTP 200 267756
WIKTIONARY_HAMTAD flottilj HTTP 200 2133
SVENSKA_SE_HAMTAD överpröva HTTP 200 6701
SYNONYMER_SE_HAMTAD överpröva HTTP 200 257764
WIKTIONARY_HAMTAD överpröva HTTP 200 554
SVENSKA_SE_HAMTAD hänvisa HTTP 200 7711
SYNONYMER_SE_HAMTAD hänvisa HTTP 200 277797
WIKTIONARY_HAMTAD hänvisa HTTP 429 0
--- 550/909 klara, 471 med synonymer.se-traff ---
SVENSKA_SE_HAMTAD sensualism HTTP 200 3838
SYNONYMER_SE_HAMTAD sensualism HTTP 200 242336
WIKTIONARY_HAMTAD sensualism HTTP 429 0
SVENSKA_SE_HAMTAD slåss mot väderkvarnar HTTP 200 968
SYNONYMER_SE_HAMTAD slåss mot väderkvarnar HTTP 200 203903
WIKTIONARY_HAMTAD slåss mot väderkvarnar HTTP 200 398
SVENSKA_SE_HAMTAD vända på kuttingen HTTP 200 956
SYNONYMER_SE_HAMTAD vända på kuttingen HTTP 200 230688
WIKTIONARY_HAMTAD vända på kuttingen HTTP 429 0
SVENSKA_SE_HAMTAD determinism HTTP 200 3973
SYNONYMER_SE_HAMTAD determinism HTTP 200 251878
WIKTIONARY_HAMTAD determinism HTTP 429 0
SVENSKA_SE_HAMTAD kasta/slänga pärlor för svin HTTP 200 989
SYNONYMER_SE_HAMTAD kasta/slänga pärlor för svin HTTP 404 0
WIKTIONARY_HAMTAD kasta/slänga pärlor för svin HTTP 200 398
SVENSKA_SE_HAMTAD grundbult HTTP 200 4648
SYNONYMER_SE_HAMTAD grundbult HTTP 200 252616
WIKTIONARY_HAMTAD grundbult HTTP 429 0
SVENSKA_SE_HAMTAD homograf HTTP 200 10760
SYNONYMER_SE_HAMTAD homograf HTTP 200 257630
WIKTIONARY_HAMTAD homograf HTTP 429 0
SVENSKA_SE_HAMTAD plätera HTTP 200 6502
SYNONYMER_SE_HAMTAD plätera HTTP 200 265052
WIKTIONARY_HAMTAD plätera HTTP 200 848
SVENSKA_SE_HAMTAD översinnlig HTTP 200 4319
SYNONYMER_SE_HAMTAD översinnlig HTTP 200 256900
WIKTIONARY_HAMTAD översinnlig HTTP 429 0
SVENSKA_SE_HAMTAD komma som lök på laxen HTTP 200 968
SYNONYMER_SE_HAMTAD komma som lök på laxen HTTP 200 204601
WIKTIONARY_HAMTAD komma som lök på laxen HTTP 429 0
SVENSKA_SE_HAMTAD bleck HTTP 200 7686
SYNONYMER_SE_HAMTAD bleck HTTP 200 265747
WIKTIONARY_HAMTAD bleck HTTP 200 2168
SVENSKA_SE_HAMTAD impressionistisk HTTP 200 4390
SYNONYMER_SE_HAMTAD impressionistisk HTTP 200 240453
WIKTIONARY_HAMTAD impressionistisk HTTP 200 608
SVENSKA_SE_HAMTAD pochera HTTP 200 6578
SYNONYMER_SE_HAMTAD pochera HTTP 200 259077
WIKTIONARY_HAMTAD pochera HTTP 429 0
SVENSKA_SE_HAMTAD kerub HTTP 200 5073
SYNONYMER_SE_HAMTAD kerub HTTP 200 252303
WIKTIONARY_HAMTAD kerub HTTP 429 0
SVENSKA_SE_HAMTAD tidelag HTTP 200 5245
SYNONYMER_SE_HAMTAD tidelag HTTP 200 264376
WIKTIONARY_HAMTAD tidelag HTTP 200 1345
SVENSKA_SE_HAMTAD visa framfötterna HTTP 200 950
SYNONYMER_SE_HAMTAD visa framfötterna HTTP 200 187852
WIKTIONARY_HAMTAD visa framfötterna HTTP 429 0
SVENSKA_SE_HAMTAD masa sig HTTP 200 6266
SYNONYMER_SE_HAMTAD masa sig HTTP 200 223484
WIKTIONARY_HAMTAD masa sig HTTP 429 0
SVENSKA_SE_HAMTAD leva om HTTP 200 5126
SYNONYMER_SE_HAMTAD leva om HTTP 200 234323
WIKTIONARY_HAMTAD leva om HTTP 200 511
SVENSKA_SE_HAMTAD induktion HTTP 200 6136
SYNONYMER_SE_HAMTAD induktion HTTP 200 252919
WIKTIONARY_HAMTAD induktion HTTP 429 0
SVENSKA_SE_HAMTAD frekvent HTTP 200 4847
SYNONYMER_SE_HAMTAD frekvent HTTP 200 253270
WIKTIONARY_HAMTAD frekvent HTTP 429 0
SVENSKA_SE_HAMTAD kverulera HTTP 200 5972
SYNONYMER_SE_HAMTAD kverulera HTTP 200 255097
WIKTIONARY_HAMTAD kverulera HTTP 200 739
SVENSKA_SE_HAMTAD charter HTTP 200 5116
SYNONYMER_SE_HAMTAD charter HTTP 200 248131
WIKTIONARY_HAMTAD charter HTTP 429 0
SVENSKA_SE_HAMTAD ekarté HTTP 200 3792
SYNONYMER_SE_HAMTAD ekarté HTTP 200 228238
WIKTIONARY_HAMTAD ekarté HTTP 429 0
SVENSKA_SE_HAMTAD drott HTTP 200 5121
SYNONYMER_SE_HAMTAD drott HTTP 200 255811
WIKTIONARY_HAMTAD drott HTTP 200 839
SVENSKA_SE_HAMTAD unifiera HTTP 200 5977
SYNONYMER_SE_HAMTAD unifiera HTTP 200 259827
WIKTIONARY_HAMTAD unifiera HTTP 200 423
--- 575/909 klara, 489 med synonymer.se-traff ---
SVENSKA_SE_HAMTAD obelisk HTTP 200 4985
SYNONYMER_SE_HAMTAD obelisk HTTP 200 259767
WIKTIONARY_HAMTAD obelisk HTTP 429 0
SVENSKA_SE_HAMTAD depraverad HTTP 200 3747
SYNONYMER_SE_HAMTAD depraverad HTTP 200 241128
WIKTIONARY_HAMTAD depraverad HTTP 429 0
SVENSKA_SE_HAMTAD djuplodande HTTP 200 8881
SYNONYMER_SE_HAMTAD djuplodande HTTP 200 251272
WIKTIONARY_HAMTAD djuplodande HTTP 200 573
SVENSKA_SE_HAMTAD gladlynt HTTP 200 4035
SYNONYMER_SE_HAMTAD gladlynt HTTP 200 264111
WIKTIONARY_HAMTAD gladlynt HTTP 429 0
SVENSKA_SE_HAMTAD petition HTTP 200 5622
SYNONYMER_SE_HAMTAD petition HTTP 200 265207
WIKTIONARY_HAMTAD petition HTTP 429 0
SVENSKA_SE_HAMTAD analfabet HTTP 200 5155
SYNONYMER_SE_HAMTAD analfabet HTTP 200 256032
WIKTIONARY_HAMTAD analfabet HTTP 200 1040
SVENSKA_SE_HAMTAD tillskyndare HTTP 200 5344
SYNONYMER_SE_HAMTAD tillskyndare HTTP 200 249916
WIKTIONARY_HAMTAD tillskyndare HTTP 200 463
SVENSKA_SE_HAMTAD bivack HTTP 200 5666
SYNONYMER_SE_HAMTAD bivack HTTP 200 259326
WIKTIONARY_HAMTAD bivack HTTP 429 0
SVENSKA_SE_HAMTAD kanvas HTTP 200 5840
SYNONYMER_SE_HAMTAD kanvas HTTP 200 255393
WIKTIONARY_HAMTAD kanvas HTTP 429 0
SVENSKA_SE_HAMTAD stamma HTTP 200 12903
SYNONYMER_SE_HAMTAD stamma HTTP 200 300152
WIKTIONARY_HAMTAD stamma HTTP 200 1337
SVENSKA_SE_HAMTAD nära HTTP 200 19461
SYNONYMER_SE_HAMTAD nära HTTP 200 339612
WIKTIONARY_HAMTAD nära HTTP 200 5833
SVENSKA_SE_HAMTAD kornett HTTP 200 6128
SYNONYMER_SE_HAMTAD kornett HTTP 200 264896
WIKTIONARY_HAMTAD kornett HTTP 429 0
SVENSKA_SE_HAMTAD i blindo HTTP 200 2737
SYNONYMER_SE_HAMTAD i blindo HTTP 200 209737
WIKTIONARY_HAMTAD i blindo HTTP 429 0
SVENSKA_SE_HAMTAD göra sig HTTP 200 6769
SYNONYMER_SE_HAMTAD göra sig HTTP 200 225994
WIKTIONARY_HAMTAD göra sig HTTP 429 0
SVENSKA_SE_HAMTAD häva HTTP 200 17692
SYNONYMER_SE_HAMTAD häva HTTP 200 291059
WIKTIONARY_HAMTAD häva HTTP 200 2285
SVENSKA_SE_HAMTAD sticka av mot HTTP 200 5254
SYNONYMER_SE_HAMTAD sticka av mot HTTP 200 187458
WIKTIONARY_HAMTAD sticka av mot HTTP 429 0
SVENSKA_SE_HAMTAD benjamin HTTP 200 3146
SYNONYMER_SE_HAMTAD benjamin HTTP 200 231622
WIKTIONARY_HAMTAD benjamin HTTP 429 0
SVENSKA_SE_HAMTAD bukfylla HTTP 200 4841
SYNONYMER_SE_HAMTAD bukfylla HTTP 200 252113
WIKTIONARY_HAMTAD bukfylla HTTP 429 0
SVENSKA_SE_HAMTAD sättning HTTP 200 7364
SYNONYMER_SE_HAMTAD sättning HTTP 200 279411
WIKTIONARY_HAMTAD sättning HTTP 200 779
SVENSKA_SE_HAMTAD på basis av HTTP 200 4025
SYNONYMER_SE_HAMTAD på basis av HTTP 200 187417
WIKTIONARY_HAMTAD på basis av HTTP 429 0
SVENSKA_SE_HAMTAD desperado HTTP 200 6087
SYNONYMER_SE_HAMTAD desperado HTTP 200 256814
WIKTIONARY_HAMTAD desperado HTTP 429 0
SVENSKA_SE_HAMTAD kartell HTTP 200 6391
SYNONYMER_SE_HAMTAD kartell HTTP 200 256755
WIKTIONARY_HAMTAD kartell HTTP 429 0
SVENSKA_SE_HAMTAD diskant HTTP 200 5664
SYNONYMER_SE_HAMTAD diskant HTTP 200 264633
WIKTIONARY_HAMTAD diskant HTTP 200 656
SVENSKA_SE_HAMTAD serenad HTTP 200 5262
SYNONYMER_SE_HAMTAD serenad HTTP 200 261472
WIKTIONARY_HAMTAD serenad HTTP 429 0
SVENSKA_SE_HAMTAD backanal HTTP 200 4948
SYNONYMER_SE_HAMTAD backanal HTTP 200 263218
WIKTIONARY_HAMTAD backanal HTTP 429 0
--- 600/909 klara, 511 med synonymer.se-traff ---
SVENSKA_SE_HAMTAD crêpe HTTP 200 8791
SYNONYMER_SE_HAMTAD crêpe HTTP 200 251213
WIKTIONARY_HAMTAD crêpe HTTP 200 1324
SVENSKA_SE_HAMTAD betvingande HTTP 200 8168
SYNONYMER_SE_HAMTAD betvingande HTTP 200 239096
WIKTIONARY_HAMTAD betvingande HTTP 429 0
SVENSKA_SE_HAMTAD avtrubbad HTTP 200 7661
SYNONYMER_SE_HAMTAD avtrubbad HTTP 200 234586
WIKTIONARY_HAMTAD avtrubbad HTTP 429 0
SVENSKA_SE_HAMTAD eunuck HTTP 200 4678
SYNONYMER_SE_HAMTAD eunuck HTTP 200 254327
WIKTIONARY_HAMTAD eunuck HTTP 200 177
SVENSKA_SE_HAMTAD alveol HTTP 200 4868
SYNONYMER_SE_HAMTAD alveol HTTP 200 257432
WIKTIONARY_HAMTAD alveol HTTP 200 706
SVENSKA_SE_HAMTAD humaniora HTTP 200 3289
SYNONYMER_SE_HAMTAD humaniora HTTP 200 253174
WIKTIONARY_HAMTAD humaniora HTTP 429 0
SVENSKA_SE_HAMTAD gnom HTTP 200 6454
SYNONYMER_SE_HAMTAD gnom HTTP 200 251641
WIKTIONARY_HAMTAD gnom HTTP 429 0
SVENSKA_SE_HAMTAD liberalisera HTTP 200 5807
SYNONYMER_SE_HAMTAD liberalisera HTTP 200 252437
WIKTIONARY_HAMTAD liberalisera HTTP 429 0
SVENSKA_SE_HAMTAD odyssé HTTP 200 4593
SYNONYMER_SE_HAMTAD odyssé HTTP 200 253289
WIKTIONARY_HAMTAD odyssé HTTP 200 260
SVENSKA_SE_HAMTAD förlikas HTTP 200 11806
SYNONYMER_SE_HAMTAD förlikas HTTP 200 256133
WIKTIONARY_HAMTAD förlikas HTTP 200 170
SVENSKA_SE_HAMTAD basker HTTP 200 8320
SYNONYMER_SE_HAMTAD basker HTTP 200 259421
WIKTIONARY_HAMTAD basker HTTP 429 0
SVENSKA_SE_HAMTAD suveränitet HTTP 200 3952
SYNONYMER_SE_HAMTAD suveränitet HTTP 200 246130
WIKTIONARY_HAMTAD suveränitet HTTP 429 0
SVENSKA_SE_HAMTAD välbeställd HTTP 200 3853
SYNONYMER_SE_HAMTAD välbeställd HTTP 200 258920
WIKTIONARY_HAMTAD välbeställd HTTP 200 1054
SVENSKA_SE_HAMTAD bekännelse HTTP 200 7313
SYNONYMER_SE_HAMTAD bekännelse HTTP 200 270627
WIKTIONARY_HAMTAD bekännelse HTTP 429 0
SVENSKA_SE_HAMTAD betacka sig HTTP 200 5852
SYNONYMER_SE_HAMTAD betacka sig HTTP 200 230676
WIKTIONARY_HAMTAD betacka sig HTTP 429 0
SVENSKA_SE_HAMTAD syna HTTP 200 12497
SYNONYMER_SE_HAMTAD syna HTTP 200 294748
WIKTIONARY_HAMTAD syna HTTP 200 1447
SVENSKA_SE_HAMTAD veta hur en slipsten ska dras HTTP 200 983
SYNONYMER_SE_HAMTAD veta hur en slipsten ska dras HTTP 200 218485
WIKTIONARY_HAMTAD veta hur en slipsten ska dras HTTP 200 1459
SVENSKA_SE_HAMTAD grip HTTP 200 20851
SYNONYMER_SE_HAMTAD grip HTTP 200 252049
WIKTIONARY_HAMTAD grip HTTP 429 0
SVENSKA_SE_HAMTAD god man HTTP 200 7049
SYNONYMER_SE_HAMTAD god man HTTP 200 231753
WIKTIONARY_HAMTAD god man HTTP 429 0
SVENSKA_SE_HAMTAD karott HTTP 200 6333
SYNONYMER_SE_HAMTAD karott HTTP 200 257586
WIKTIONARY_HAMTAD karott HTTP 200 618
SVENSKA_SE_HAMTAD förvillelse HTTP 200 4816
SYNONYMER_SE_HAMTAD förvillelse HTTP 200 271177
WIKTIONARY_HAMTAD förvillelse HTTP 200 318
SVENSKA_SE_HAMTAD polyp HTTP 200 5541
SYNONYMER_SE_HAMTAD polyp HTTP 200 260103
WIKTIONARY_HAMTAD polyp HTTP 429 0
SVENSKA_SE_HAMTAD sond HTTP 200 6640
SYNONYMER_SE_HAMTAD sond HTTP 200 270141
WIKTIONARY_HAMTAD sond HTTP 429 0
SVENSKA_SE_HAMTAD beråd HTTP 200 3796
SYNONYMER_SE_HAMTAD beråd HTTP 200 248536
WIKTIONARY_HAMTAD beråd HTTP 200 1750
SVENSKA_SE_HAMTAD alter ego HTTP 200 5274
SYNONYMER_SE_HAMTAD alter ego HTTP 200 231316
WIKTIONARY_HAMTAD alter ego HTTP 200 966
--- 625/909 klara, 536 med synonymer.se-traff ---
SVENSKA_SE_HAMTAD fortlöpande HTTP 200 4989
SYNONYMER_SE_HAMTAD fortlöpande HTTP 200 230933
WIKTIONARY_HAMTAD fortlöpande HTTP 429 0
SVENSKA_SE_HAMTAD få gehör för HTTP 200 941
SYNONYMER_SE_HAMTAD få gehör för HTTP 200 187483
WIKTIONARY_HAMTAD få gehör för HTTP 429 0
SVENSKA_SE_HAMTAD hamstra HTTP 200 6792
SYNONYMER_SE_HAMTAD hamstra HTTP 200 252464
WIKTIONARY_HAMTAD hamstra HTTP 200 873
SVENSKA_SE_HAMTAD ligist HTTP 200 5331
SYNONYMER_SE_HAMTAD ligist HTTP 200 250590
WIKTIONARY_HAMTAD ligist HTTP 429 0
SVENSKA_SE_HAMTAD perpendikel HTTP 200 4839
SYNONYMER_SE_HAMTAD perpendikel HTTP 200 261822
WIKTIONARY_HAMTAD perpendikel HTTP 429 0
SVENSKA_SE_HAMTAD gluten HTTP 200 4298
SYNONYMER_SE_HAMTAD gluten HTTP 200 250359
WIKTIONARY_HAMTAD gluten HTTP 429 0
SVENSKA_SE_HAMTAD kverulant HTTP 200 4368
SYNONYMER_SE_HAMTAD kverulant HTTP 200 255955
WIKTIONARY_HAMTAD kverulant HTTP 200 1324
SVENSKA_SE_HAMTAD akronym HTTP 200 6531
SYNONYMER_SE_HAMTAD akronym HTTP 200 253048
WIKTIONARY_HAMTAD akronym HTTP 429 0
SVENSKA_SE_HAMTAD cementa HTTP 200 6274
SYNONYMER_SE_HAMTAD cementa HTTP 200 253205
WIKTIONARY_HAMTAD cementa HTTP 429 0
SVENSKA_SE_HAMTAD visthus HTTP 200 5331
SYNONYMER_SE_HAMTAD visthus HTTP 200 253670
WIKTIONARY_HAMTAD visthus HTTP 429 0
SVENSKA_SE_HAMTAD göra en höna av en fjäder HTTP 200 980
SYNONYMER_SE_HAMTAD göra en höna av en fjäder HTTP 200 188379
WIKTIONARY_HAMTAD göra en höna av en fjäder HTTP 200 3227
SVENSKA_SE_HAMTAD kronblad HTTP 200 5014
SYNONYMER_SE_HAMTAD kronblad HTTP 200 254946
WIKTIONARY_HAMTAD kronblad HTTP 429 0
SVENSKA_SE_HAMTAD sätta bocken till trädgårdsmästare HTTP 200 1010
SYNONYMER_SE_HAMTAD sätta bocken till trädgårdsmästare HTTP 200 188505
WIKTIONARY_HAMTAD sätta bocken till trädgårdsmästare HTTP 429 0
SVENSKA_SE_HAMTAD stocka sig HTTP 200 6199
SYNONYMER_SE_HAMTAD stocka sig HTTP 200 231970
WIKTIONARY_HAMTAD stocka sig HTTP 429 0
SVENSKA_SE_HAMTAD kuse HTTP 200 5262
SYNONYMER_SE_HAMTAD kuse HTTP 200 264290
WIKTIONARY_HAMTAD kuse HTTP 200 1237
SVENSKA_SE_HAMTAD sexism HTTP 200 6897
SYNONYMER_SE_HAMTAD sexism HTTP 200 257112
WIKTIONARY_HAMTAD sexism HTTP 429 0
SVENSKA_SE_HAMTAD processa med HTTP 200 6534
SYNONYMER_SE_HAMTAD processa med HTTP 200 187895
WIKTIONARY_HAMTAD processa med HTTP 429 0
SVENSKA_SE_HAMTAD i andanom HTTP 200 3986
SYNONYMER_SE_HAMTAD i andanom HTTP 200 209817
WIKTIONARY_HAMTAD i andanom HTTP 429 0
SVENSKA_SE_HAMTAD sociologi HTTP 200 3702
SYNONYMER_SE_HAMTAD sociologi HTTP 200 249858
WIKTIONARY_HAMTAD sociologi HTTP 200 1750
SVENSKA_SE_HAMTAD förströelse HTTP 200 4981
SYNONYMER_SE_HAMTAD förströelse HTTP 200 265563
WIKTIONARY_HAMTAD förströelse HTTP 200 1206
SVENSKA_SE_HAMTAD komminister HTTP 200 4625
SYNONYMER_SE_HAMTAD komminister HTTP 200 259316
WIKTIONARY_HAMTAD komminister HTTP 429 0
SVENSKA_SE_HAMTAD vräkig HTTP 200 5424
SYNONYMER_SE_HAMTAD vräkig HTTP 200 263122
WIKTIONARY_HAMTAD vräkig HTTP 429 0
SVENSKA_SE_HAMTAD spjuver HTTP 200 5042
SYNONYMER_SE_HAMTAD spjuver HTTP 200 277882
WIKTIONARY_HAMTAD spjuver HTTP 200 642
SVENSKA_SE_HAMTAD partisan HTTP 200 6106
SYNONYMER_SE_HAMTAD partisan HTTP 200 258081
WIKTIONARY_HAMTAD partisan HTTP 200 1272
SVENSKA_SE_HAMTAD krypta HTTP 200 5131
SYNONYMER_SE_HAMTAD krypta HTTP 200 259217
WIKTIONARY_HAMTAD krypta HTTP 429 0
--- 650/909 klara, 557 med synonymer.se-traff ---
SVENSKA_SE_HAMTAD dalta HTTP 200 5858
SYNONYMER_SE_HAMTAD dalta HTTP 200 259653
WIKTIONARY_HAMTAD dalta HTTP 429 0
SVENSKA_SE_HAMTAD alias HTTP 200 6588
SYNONYMER_SE_HAMTAD alias HTTP 200 258155
WIKTIONARY_HAMTAD alias HTTP 429 0
SVENSKA_SE_HAMTAD evidensbaserad HTTP 200 3295
SYNONYMER_SE_HAMTAD evidensbaserad HTTP 200 233462
WIKTIONARY_HAMTAD evidensbaserad HTTP 200 398
SVENSKA_SE_HAMTAD övertalig HTTP 200 4394
SYNONYMER_SE_HAMTAD övertalig HTTP 200 257285
WIKTIONARY_HAMTAD övertalig HTTP 429 0
SVENSKA_SE_HAMTAD origo HTTP 200 3941
SYNONYMER_SE_HAMTAD origo HTTP 200 244726
WIKTIONARY_HAMTAD origo HTTP 429 0
SVENSKA_SE_HAMTAD silo HTTP 200 5425
SYNONYMER_SE_HAMTAD silo HTTP 200 256701
WIKTIONARY_HAMTAD silo HTTP 429 0
SVENSKA_SE_HAMTAD multilateral HTTP 200 5315
SYNONYMER_SE_HAMTAD multilateral HTTP 200 242782
WIKTIONARY_HAMTAD multilateral HTTP 200 388
SVENSKA_SE_HAMTAD generator HTTP 200 5270
SYNONYMER_SE_HAMTAD generator HTTP 200 266519
WIKTIONARY_HAMTAD generator HTTP 200 1828
SVENSKA_SE_HAMTAD likar HTTP 200 14214
SYNONYMER_SE_HAMTAD likar HTTP 200 230719
WIKTIONARY_HAMTAD likar HTTP 429 0
SVENSKA_SE_HAMTAD dra sitt strå till stacken HTTP 200 977
SYNONYMER_SE_HAMTAD dra sitt strå till stacken HTTP 200 229079
WIKTIONARY_HAMTAD dra sitt strå till stacken HTTP 429 0
SVENSKA_SE_HAMTAD sätta någon på pottkanten HTTP 200 980
SYNONYMER_SE_HAMTAD sätta någon på pottkanten HTTP 200 204574
WIKTIONARY_HAMTAD sätta någon på pottkanten HTTP 429 0
SVENSKA_SE_HAMTAD excentriker HTTP 200 4442
SYNONYMER_SE_HAMTAD excentriker HTTP 200 264370
WIKTIONARY_HAMTAD excentriker HTTP 200 490
SVENSKA_SE_HAMTAD destinera HTTP 200 9229
SYNONYMER_SE_HAMTAD destinera HTTP 200 274917
WIKTIONARY_HAMTAD destinera HTTP 200 245
SVENSKA_SE_HAMTAD harakiri HTTP 200 3717
SYNONYMER_SE_HAMTAD harakiri HTTP 200 246147
WIKTIONARY_HAMTAD harakiri HTTP 429 0
SVENSKA_SE_HAMTAD girigbuk HTTP 200 4606
SYNONYMER_SE_HAMTAD girigbuk HTTP 200 256075
WIKTIONARY_HAMTAD girigbuk HTTP 429 0
SVENSKA_SE_HAMTAD happening HTTP 200 6696
SYNONYMER_SE_HAMTAD happening HTTP 200 257587
WIKTIONARY_HAMTAD happening HTTP 200 361
SVENSKA_SE_HAMTAD enfaldig HTTP 200 6854
SYNONYMER_SE_HAMTAD enfaldig HTTP 200 282289
WIKTIONARY_HAMTAD enfaldig HTTP 200 1669
SVENSKA_SE_HAMTAD merkantil HTTP 200 3425
SYNONYMER_SE_HAMTAD merkantil HTTP 200 259227
WIKTIONARY_HAMTAD merkantil HTTP 429 0
SVENSKA_SE_HAMTAD flirta HTTP 200 8329
SYNONYMER_SE_HAMTAD flirta HTTP 200 233866
WIKTIONARY_HAMTAD flirta HTTP 429 0
SVENSKA_SE_HAMTAD diktion HTTP 200 4290
SYNONYMER_SE_HAMTAD diktion HTTP 200 252709
WIKTIONARY_HAMTAD diktion HTTP 200 517
SVENSKA_SE_HAMTAD papeteri HTTP 200 4629
SYNONYMER_SE_HAMTAD papeteri HTTP 200 223253
WIKTIONARY_HAMTAD papeteri HTTP 200 398
SVENSKA_SE_HAMTAD stryka medhårs HTTP 200 941
SYNONYMER_SE_HAMTAD stryka medhårs HTTP 200 221901
WIKTIONARY_HAMTAD stryka medhårs HTTP 429 0
SVENSKA_SE_HAMTAD fasa ut HTTP 200 7873
SYNONYMER_SE_HAMTAD fasa ut HTTP 200 223031
WIKTIONARY_HAMTAD fasa ut HTTP 429 0
SVENSKA_SE_HAMTAD enrollera HTTP 200 6451
SYNONYMER_SE_HAMTAD enrollera HTTP 200 265529
WIKTIONARY_HAMTAD enrollera HTTP 200 299
SVENSKA_SE_HAMTAD lägga rabarber på något HTTP 200 974
SYNONYMER_SE_HAMTAD lägga rabarber på något HTTP 200 203987
WIKTIONARY_HAMTAD lägga rabarber på något HTTP 200 856
--- 675/909 klara, 577 med synonymer.se-traff ---
SVENSKA_SE_HAMTAD budgetering HTTP 200 5958
SYNONYMER_SE_HAMTAD budgetering HTTP 200 246029
WIKTIONARY_HAMTAD budgetering HTTP 429 0
SVENSKA_SE_HAMTAD kompatibel HTTP 200 4099
SYNONYMER_SE_HAMTAD kompatibel HTTP 200 249117
WIKTIONARY_HAMTAD kompatibel HTTP 429 0
SVENSKA_SE_HAMTAD raspig HTTP 200 4823
SYNONYMER_SE_HAMTAD raspig HTTP 200 239171
WIKTIONARY_HAMTAD raspig HTTP 200 519
SVENSKA_SE_HAMTAD kontinuitet HTTP 200 4224
SYNONYMER_SE_HAMTAD kontinuitet HTTP 200 249708
WIKTIONARY_HAMTAD kontinuitet HTTP 200 947
SVENSKA_SE_HAMTAD reflektion HTTP 200 7002
SYNONYMER_SE_HAMTAD reflektion HTTP 200 252960
WIKTIONARY_HAMTAD reflektion HTTP 429 0
SVENSKA_SE_HAMTAD kapitulation HTTP 200 5069
SYNONYMER_SE_HAMTAD kapitulation HTTP 200 268128
WIKTIONARY_HAMTAD kapitulation HTTP 429 0
SVENSKA_SE_HAMTAD gecko HTTP 200 4937
SYNONYMER_SE_HAMTAD gecko HTTP 200 238987
WIKTIONARY_HAMTAD gecko HTTP 200 1284
SVENSKA_SE_HAMTAD lagra HTTP 200 12496
SYNONYMER_SE_HAMTAD lagra HTTP 200 270059
WIKTIONARY_HAMTAD lagra HTTP 200 975
SVENSKA_SE_HAMTAD bossanova HTTP 200 5908
SYNONYMER_SE_HAMTAD bossanova HTTP 200 245328
WIKTIONARY_HAMTAD bossanova HTTP 200 507
SVENSKA_SE_HAMTAD boulevard HTTP 200 6377
SYNONYMER_SE_HAMTAD boulevard HTTP 200 258224
WIKTIONARY_HAMTAD boulevard HTTP 429 0
SVENSKA_SE_HAMTAD frekvens HTTP 200 5694
SYNONYMER_SE_HAMTAD frekvens HTTP 200 271871
WIKTIONARY_HAMTAD frekvens HTTP 429 0
SVENSKA_SE_HAMTAD vittra HTTP 200 16539
SYNONYMER_SE_HAMTAD vittra HTTP 200 294028
WIKTIONARY_HAMTAD vittra HTTP 200 2731
SVENSKA_SE_HAMTAD trojansk häst HTTP 200 4041
SYNONYMER_SE_HAMTAD trojansk häst HTTP 200 187164
WIKTIONARY_HAMTAD trojansk häst HTTP 200 378
SVENSKA_SE_HAMTAD imperialistisk HTTP 200 3477
SYNONYMER_SE_HAMTAD imperialistisk HTTP 200 242428
WIKTIONARY_HAMTAD imperialistisk HTTP 429 0
SVENSKA_SE_HAMTAD konvoj HTTP 200 5823
SYNONYMER_SE_HAMTAD konvoj HTTP 200 257992
WIKTIONARY_HAMTAD konvoj HTTP 429 0
SVENSKA_SE_HAMTAD högvilt HTTP 200 5143
SYNONYMER_SE_HAMTAD högvilt HTTP 200 251467
WIKTIONARY_HAMTAD högvilt HTTP 200 660
SVENSKA_SE_HAMTAD spotta i nävarna HTTP 200 947
SYNONYMER_SE_HAMTAD spotta i nävarna HTTP 200 228632
WIKTIONARY_HAMTAD spotta i nävarna HTTP 200 1377
SVENSKA_SE_HAMTAD avfalla HTTP 200 7086
SYNONYMER_SE_HAMTAD avfalla HTTP 200 262067
WIKTIONARY_HAMTAD avfalla HTTP 429 0
SVENSKA_SE_HAMTAD böja sig HTTP 200 6357
SYNONYMER_SE_HAMTAD böja sig HTTP 200 233164
WIKTIONARY_HAMTAD böja sig HTTP 429 0
SVENSKA_SE_HAMTAD tygel HTTP 200 5978
SYNONYMER_SE_HAMTAD tygel HTTP 200 276168
WIKTIONARY_HAMTAD tygel HTTP 200 811
SVENSKA_SE_HAMTAD ligga i stöpsleven HTTP 200 953
SYNONYMER_SE_HAMTAD ligga i stöpsleven HTTP 200 218633
WIKTIONARY_HAMTAD ligga i stöpsleven HTTP 200 1403
SVENSKA_SE_HAMTAD komma upp sig i smöret HTTP 200 965
SYNONYMER_SE_HAMTAD komma upp sig i smöret HTTP 200 204334
WIKTIONARY_HAMTAD komma upp sig i smöret HTTP 200 412
SVENSKA_SE_HAMTAD nidbild HTTP 200 5248
SYNONYMER_SE_HAMTAD nidbild HTTP 200 262895
WIKTIONARY_HAMTAD nidbild HTTP 429 0
SVENSKA_SE_HAMTAD disambiguera HTTP 200 6671
SYNONYMER_SE_HAMTAD disambiguera HTTP 200 228995
WIKTIONARY_HAMTAD disambiguera HTTP 429 0
SVENSKA_SE_HAMTAD gassig HTTP 200 5130
SYNONYMER_SE_HAMTAD gassig HTTP 200 237074
WIKTIONARY_HAMTAD gassig HTTP 200 398
--- 700/909 klara, 596 med synonymer.se-traff ---
SVENSKA_SE_HAMTAD frekventera HTTP 200 5876
SYNONYMER_SE_HAMTAD frekventera HTTP 200 267498
WIKTIONARY_HAMTAD frekventera HTTP 200 401
SVENSKA_SE_HAMTAD kirurgi HTTP 200 3836
SYNONYMER_SE_HAMTAD kirurgi HTTP 200 252723
WIKTIONARY_HAMTAD kirurgi HTTP 429 0
SVENSKA_SE_HAMTAD konservativ HTTP 200 6422
SYNONYMER_SE_HAMTAD konservativ HTTP 200 270849
WIKTIONARY_HAMTAD konservativ HTTP 429 0
SVENSKA_SE_HAMTAD korrodera HTTP 200 6444
SYNONYMER_SE_HAMTAD korrodera HTTP 200 254016
WIKTIONARY_HAMTAD korrodera HTTP 200 397
SVENSKA_SE_HAMTAD divig HTTP 200 6424
SYNONYMER_SE_HAMTAD divig HTTP 200 245483
WIKTIONARY_HAMTAD divig HTTP 429 0
SVENSKA_SE_HAMTAD emalj HTTP 200 5353
SYNONYMER_SE_HAMTAD emalj HTTP 200 266333
WIKTIONARY_HAMTAD emalj HTTP 429 0
SVENSKA_SE_HAMTAD dossier HTTP 200 6549
SYNONYMER_SE_HAMTAD dossier HTTP 200 254844
WIKTIONARY_HAMTAD dossier HTTP 200 1529
SVENSKA_SE_HAMTAD tälja HTTP 200 7464
SYNONYMER_SE_HAMTAD tälja HTTP 200 290704
WIKTIONARY_HAMTAD tälja HTTP 200 1474
SVENSKA_SE_HAMTAD rännil HTTP 200 5237
SYNONYMER_SE_HAMTAD rännil HTTP 200 260631
WIKTIONARY_HAMTAD rännil HTTP 200 900
SVENSKA_SE_HAMTAD fräkne HTTP 200 6111
SYNONYMER_SE_HAMTAD fräkne HTTP 200 250894
WIKTIONARY_HAMTAD fräkne HTTP 429 0
SVENSKA_SE_HAMTAD desertör HTTP 200 4622
SYNONYMER_SE_HAMTAD desertör HTTP 200 257065
WIKTIONARY_HAMTAD desertör HTTP 429 0
SVENSKA_SE_HAMTAD kategorisera HTTP 200 6397
SYNONYMER_SE_HAMTAD kategorisera HTTP 200 261330
WIKTIONARY_HAMTAD kategorisera HTTP 200 547
SVENSKA_SE_HAMTAD jubilera HTTP 200 5727
SYNONYMER_SE_HAMTAD jubilera HTTP 200 254879
WIKTIONARY_HAMTAD jubilera HTTP 200 209
SVENSKA_SE_HAMTAD gimmick HTTP 200 6014
SYNONYMER_SE_HAMTAD gimmick HTTP 200 243851
WIKTIONARY_HAMTAD gimmick HTTP 429 0
SVENSKA_SE_HAMTAD receptiv HTTP 200 4486
SYNONYMER_SE_HAMTAD receptiv HTTP 200 246737
WIKTIONARY_HAMTAD receptiv HTTP 429 0
SVENSKA_SE_HAMTAD grynna HTTP 200 5890
SYNONYMER_SE_HAMTAD grynna HTTP 200 255546
WIKTIONARY_HAMTAD grynna HTTP 200 644
SVENSKA_SE_HAMTAD kraxa HTTP 200 5756
SYNONYMER_SE_HAMTAD kraxa HTTP 200 276511
WIKTIONARY_HAMTAD kraxa HTTP 200 1086
SVENSKA_SE_HAMTAD sköka HTTP 200 4849
SYNONYMER_SE_HAMTAD sköka HTTP 200 267820
WIKTIONARY_HAMTAD sköka HTTP 200 841
SVENSKA_SE_HAMTAD drummel HTTP 200 5824
SYNONYMER_SE_HAMTAD drummel HTTP 200 268631
WIKTIONARY_HAMTAD drummel HTTP 429 0
SVENSKA_SE_HAMTAD backa upp HTTP 200 7615
SYNONYMER_SE_HAMTAD backa upp HTTP 200 231272
WIKTIONARY_HAMTAD backa upp HTTP 429 0
SVENSKA_SE_HAMTAD stegra sig HTTP 200 6425
SYNONYMER_SE_HAMTAD stegra sig HTTP 200 233583
WIKTIONARY_HAMTAD stegra sig HTTP 200 398
SVENSKA_SE_HAMTAD hålla av HTTP 200 6559
SYNONYMER_SE_HAMTAD hålla av HTTP 200 232304
WIKTIONARY_HAMTAD hålla av HTTP 200 1821
SVENSKA_SE_HAMTAD kosta på HTTP 200 7163
SYNONYMER_SE_HAMTAD kosta på HTTP 200 229612
WIKTIONARY_HAMTAD kosta på HTTP 429 0
SVENSKA_SE_HAMTAD entydig HTTP 200 5190
SYNONYMER_SE_HAMTAD entydig HTTP 200 253475
WIKTIONARY_HAMTAD entydig HTTP 429 0
SVENSKA_SE_HAMTAD pediatrik HTTP 200 3817
SYNONYMER_SE_HAMTAD pediatrik HTTP 200 244178
WIKTIONARY_HAMTAD pediatrik HTTP 200 455
--- 725/909 klara, 620 med synonymer.se-traff ---
SVENSKA_SE_HAMTAD piktur HTTP 200 4790
SYNONYMER_SE_HAMTAD piktur HTTP 200 253251
WIKTIONARY_HAMTAD piktur HTTP 200 385
SVENSKA_SE_HAMTAD adrenalin HTTP 200 5074
SYNONYMER_SE_HAMTAD adrenalin HTTP 200 249582
WIKTIONARY_HAMTAD adrenalin HTTP 200 1535
SVENSKA_SE_HAMTAD förtälja HTTP 200 7379
SYNONYMER_SE_HAMTAD förtälja HTTP 200 269817
WIKTIONARY_HAMTAD förtälja HTTP 429 0
SVENSKA_SE_HAMTAD scripta HTTP 200 5226
SYNONYMER_SE_HAMTAD scripta HTTP 200 245716
WIKTIONARY_HAMTAD scripta HTTP 429 0
SVENSKA_SE_HAMTAD aktuarie HTTP 200 4539
SYNONYMER_SE_HAMTAD aktuarie HTTP 200 246595
WIKTIONARY_HAMTAD aktuarie HTTP 200 1170
SVENSKA_SE_HAMTAD dental HTTP 200 7200
SYNONYMER_SE_HAMTAD dental HTTP 200 254178
WIKTIONARY_HAMTAD dental HTTP 200 2467
SVENSKA_SE_HAMTAD häleri HTTP 200 6875
SYNONYMER_SE_HAMTAD häleri HTTP 200 255773
WIKTIONARY_HAMTAD häleri HTTP 200 412
SVENSKA_SE_HAMTAD bigott HTTP 200 4611
SYNONYMER_SE_HAMTAD bigott HTTP 200 255722
WIKTIONARY_HAMTAD bigott HTTP 429 0
SVENSKA_SE_HAMTAD retorisk fråga HTTP 200 3446
SYNONYMER_SE_HAMTAD retorisk fråga HTTP 200 225117
WIKTIONARY_HAMTAD retorisk fråga HTTP 429 0
SVENSKA_SE_HAMTAD hånfull HTTP 200 5401
SYNONYMER_SE_HAMTAD hånfull HTTP 200 253628
WIKTIONARY_HAMTAD hånfull HTTP 200 952
SVENSKA_SE_HAMTAD harpun HTTP 200 5159
SYNONYMER_SE_HAMTAD harpun HTTP 200 266633
WIKTIONARY_HAMTAD harpun HTTP 200 1042
SVENSKA_SE_HAMTAD resignera HTTP 200 7160
SYNONYMER_SE_HAMTAD resignera HTTP 200 270435
WIKTIONARY_HAMTAD resignera HTTP 429 0
SVENSKA_SE_HAMTAD mammografi HTTP 200 6100
SYNONYMER_SE_HAMTAD mammografi HTTP 200 252230
WIKTIONARY_HAMTAD mammografi HTTP 429 0
SVENSKA_SE_HAMTAD framhärda HTTP 200 6329
SYNONYMER_SE_HAMTAD framhärda HTTP 200 276915
WIKTIONARY_HAMTAD framhärda HTTP 200 925
SVENSKA_SE_HAMTAD ge akt på HTTP 200 6498
SYNONYMER_SE_HAMTAD ge akt på HTTP 200 231861
WIKTIONARY_HAMTAD ge akt på HTTP 200 398
SVENSKA_SE_HAMTAD celebrerad HTTP 200 7888
SYNONYMER_SE_HAMTAD celebrerad HTTP 200 250940
WIKTIONARY_HAMTAD celebrerad HTTP 429 0
SVENSKA_SE_HAMTAD excentrisk HTTP 200 4832
SYNONYMER_SE_HAMTAD excentrisk HTTP 200 256010
WIKTIONARY_HAMTAD excentrisk HTTP 429 0
SVENSKA_SE_HAMTAD kelen HTTP 200 4322
SYNONYMER_SE_HAMTAD kelen HTTP 200 241752
WIKTIONARY_HAMTAD kelen HTTP 200 492
SVENSKA_SE_HAMTAD fosforescent HTTP 200 4659
SYNONYMER_SE_HAMTAD fosforescent HTTP 200 226228
WIKTIONARY_HAMTAD fosforescent HTTP 200 618
SVENSKA_SE_HAMTAD bokföring HTTP 200 5954
SYNONYMER_SE_HAMTAD bokföring HTTP 200 267431
WIKTIONARY_HAMTAD bokföring HTTP 429 0
SVENSKA_SE_HAMTAD lagbunden HTTP 200 4156
SYNONYMER_SE_HAMTAD lagbunden HTTP 200 255534
WIKTIONARY_HAMTAD lagbunden HTTP 429 0
SVENSKA_SE_HAMTAD kandera HTTP 200 6403
SYNONYMER_SE_HAMTAD kandera HTTP 200 261186
WIKTIONARY_HAMTAD kandera HTTP 200 318
SVENSKA_SE_HAMTAD mission HTTP 200 6759
SYNONYMER_SE_HAMTAD mission HTTP 200 267955
WIKTIONARY_HAMTAD mission HTTP 200 1819
SVENSKA_SE_HAMTAD oavvislig HTTP 200 3477
SYNONYMER_SE_HAMTAD oavvislig HTTP 200 251868
WIKTIONARY_HAMTAD oavvislig HTTP 200 176
SVENSKA_SE_HAMTAD fanera HTTP 200 6339
SYNONYMER_SE_HAMTAD fanera HTTP 200 268569
WIKTIONARY_HAMTAD fanera HTTP 429 0
--- 750/909 klara, 642 med synonymer.se-traff ---
SVENSKA_SE_HAMTAD cellulosa HTTP 200 4266
SYNONYMER_SE_HAMTAD cellulosa HTTP 200 261181
WIKTIONARY_HAMTAD cellulosa HTTP 429 0
SVENSKA_SE_HAMTAD konservator HTTP 200 4969
SYNONYMER_SE_HAMTAD konservator HTTP 200 260418
WIKTIONARY_HAMTAD konservator HTTP 200 794
SVENSKA_SE_HAMTAD jargong HTTP 200 5143
SYNONYMER_SE_HAMTAD jargong HTTP 200 265479
WIKTIONARY_HAMTAD jargong HTTP 200 1230
SVENSKA_SE_HAMTAD intim HTTP 200 6377
SYNONYMER_SE_HAMTAD intim HTTP 200 269786
WIKTIONARY_HAMTAD intim HTTP 200 1287
SVENSKA_SE_HAMTAD skrivelse HTTP 200 5482
SYNONYMER_SE_HAMTAD skrivelse HTTP 200 262920
WIKTIONARY_HAMTAD skrivelse HTTP 429 0
SVENSKA_SE_HAMTAD inkongruens HTTP 200 4727
SYNONYMER_SE_HAMTAD inkongruens HTTP 200 252339
WIKTIONARY_HAMTAD inkongruens HTTP 429 0
SVENSKA_SE_HAMTAD paradox HTTP 200 6559
SYNONYMER_SE_HAMTAD paradox HTTP 200 271278
WIKTIONARY_HAMTAD paradox HTTP 200 2272
SVENSKA_SE_HAMTAD dränera HTTP 200 7812
SYNONYMER_SE_HAMTAD dränera HTTP 200 280557
WIKTIONARY_HAMTAD dränera HTTP 429 0
SVENSKA_SE_HAMTAD alimentär HTTP 200 4692
SYNONYMER_SE_HAMTAD alimentär HTTP 200 229109
WIKTIONARY_HAMTAD alimentär HTTP 429 0
SVENSKA_SE_HAMTAD apanage HTTP 200 4765
SYNONYMER_SE_HAMTAD apanage HTTP 200 263525
WIKTIONARY_HAMTAD apanage HTTP 200 950
SVENSKA_SE_HAMTAD emittera HTTP 200 6992
SYNONYMER_SE_HAMTAD emittera HTTP 200 265931
WIKTIONARY_HAMTAD emittera HTTP 200 499
SVENSKA_SE_HAMTAD pragmatisk HTTP 200 4153
SYNONYMER_SE_HAMTAD pragmatisk HTTP 200 248967
WIKTIONARY_HAMTAD pragmatisk HTTP 429 0
SVENSKA_SE_HAMTAD ettdera HTTP 200 5500
SYNONYMER_SE_HAMTAD ettdera HTTP 200 235910
WIKTIONARY_HAMTAD ettdera HTTP 429 0
SVENSKA_SE_HAMTAD tjo och tjim HTTP 200 932
SYNONYMER_SE_HAMTAD tjo och tjim HTTP 200 230190
WIKTIONARY_HAMTAD tjo och tjim HTTP 200 398
SVENSKA_SE_HAMTAD trampa vatten HTTP 200 6529
SYNONYMER_SE_HAMTAD trampa vatten HTTP 200 187275
WIKTIONARY_HAMTAD trampa vatten HTTP 200 521
SVENSKA_SE_HAMTAD fahrenheit HTTP 200 5769
SYNONYMER_SE_HAMTAD fahrenheit HTTP 200 229469
WIKTIONARY_HAMTAD fahrenheit HTTP 200 398
SVENSKA_SE_HAMTAD vinnlägga sig HTTP 200 4712
SYNONYMER_SE_HAMTAD vinnlägga sig HTTP 200 243072
WIKTIONARY_HAMTAD vinnlägga sig HTTP 429 0
SVENSKA_SE_HAMTAD memorera HTTP 200 6603
SYNONYMER_SE_HAMTAD memorera HTTP 200 258696
WIKTIONARY_HAMTAD memorera HTTP 429 0
SVENSKA_SE_HAMTAD titta/se i månen efter något HTTP 200 986
SYNONYMER_SE_HAMTAD titta/se i månen efter något HTTP 404 0
WIKTIONARY_HAMTAD titta/se i månen efter något HTTP 200 398
SVENSKA_SE_HAMTAD seans HTTP 200 5615
SYNONYMER_SE_HAMTAD seans HTTP 200 259833
WIKTIONARY_HAMTAD seans HTTP 200 543
SVENSKA_SE_HAMTAD slapphänt HTTP 200 4968
SYNONYMER_SE_HAMTAD slapphänt HTTP 200 243741
WIKTIONARY_HAMTAD slapphänt HTTP 429 0
SVENSKA_SE_HAMTAD nalkas HTTP 200 5511
SYNONYMER_SE_HAMTAD nalkas HTTP 200 275879
WIKTIONARY_HAMTAD nalkas HTTP 429 0
SVENSKA_SE_HAMTAD mortel HTTP 200 5251
SYNONYMER_SE_HAMTAD mortel HTTP 200 260445
WIKTIONARY_HAMTAD mortel HTTP 200 1284
SVENSKA_SE_HAMTAD manifestera HTTP 200 10797
SYNONYMER_SE_HAMTAD manifestera HTTP 200 268753
WIKTIONARY_HAMTAD manifestera HTTP 200 470
SVENSKA_SE_HAMTAD kryptera HTTP 200 8260
SYNONYMER_SE_HAMTAD kryptera HTTP 200 260342
WIKTIONARY_HAMTAD kryptera HTTP 429 0
--- 775/909 klara, 663 med synonymer.se-traff ---
SVENSKA_SE_HAMTAD lösöre HTTP 200 6148
SYNONYMER_SE_HAMTAD lösöre HTTP 200 267366
WIKTIONARY_HAMTAD lösöre HTTP 429 0
SVENSKA_SE_HAMTAD estrad HTTP 200 5814
SYNONYMER_SE_HAMTAD estrad HTTP 200 259965
WIKTIONARY_HAMTAD estrad HTTP 200 596
SVENSKA_SE_HAMTAD farmaci HTTP 200 3823
SYNONYMER_SE_HAMTAD farmaci HTTP 200 247544
WIKTIONARY_HAMTAD farmaci HTTP 200 1246
SVENSKA_SE_HAMTAD deodorant HTTP 200 6088
SYNONYMER_SE_HAMTAD deodorant HTTP 200 253856
WIKTIONARY_HAMTAD deodorant HTTP 429 0
SVENSKA_SE_HAMTAD indisponibel HTTP 200 3249
SYNONYMER_SE_HAMTAD indisponibel HTTP 200 237789
WIKTIONARY_HAMTAD indisponibel HTTP 429 0
SVENSKA_SE_HAMTAD aerosol HTTP 200 5927
SYNONYMER_SE_HAMTAD aerosol HTTP 200 256682
WIKTIONARY_HAMTAD aerosol HTTP 200 1335
SVENSKA_SE_HAMTAD ametist HTTP 200 5120
SYNONYMER_SE_HAMTAD ametist HTTP 200 264258
WIKTIONARY_HAMTAD ametist HTTP 200 3130
SVENSKA_SE_HAMTAD reinkarnation HTTP 200 4866
SYNONYMER_SE_HAMTAD reinkarnation HTTP 200 257758
WIKTIONARY_HAMTAD reinkarnation HTTP 200 1249
SVENSKA_SE_HAMTAD plysch HTTP 200 4349
SYNONYMER_SE_HAMTAD plysch HTTP 200 259628
WIKTIONARY_HAMTAD plysch HTTP 429 0
SVENSKA_SE_HAMTAD tabu HTTP 200 7363
SYNONYMER_SE_HAMTAD tabu HTTP 200 274061
WIKTIONARY_HAMTAD tabu HTTP 429 0
SVENSKA_SE_HAMTAD gendarm HTTP 200 4804
SYNONYMER_SE_HAMTAD gendarm HTTP 200 266793
WIKTIONARY_HAMTAD gendarm HTTP 200 1162
SVENSKA_SE_HAMTAD fjäskig HTTP 200 5720
SYNONYMER_SE_HAMTAD fjäskig HTTP 200 253214
WIKTIONARY_HAMTAD fjäskig HTTP 200 433
SVENSKA_SE_HAMTAD visuell HTTP 200 4044
SYNONYMER_SE_HAMTAD visuell HTTP 200 249462
WIKTIONARY_HAMTAD visuell HTTP 429 0
SVENSKA_SE_HAMTAD namne HTTP 200 5639
SYNONYMER_SE_HAMTAD namne HTTP 200 256316
WIKTIONARY_HAMTAD namne HTTP 429 0
SVENSKA_SE_HAMTAD suspendera HTTP 200 7285
SYNONYMER_SE_HAMTAD suspendera HTTP 200 279513
WIKTIONARY_HAMTAD suspendera HTTP 200 480
SVENSKA_SE_HAMTAD gom HTTP 200 5491
SYNONYMER_SE_HAMTAD gom HTTP 200 256680
WIKTIONARY_HAMTAD gom HTTP 200 2160
SVENSKA_SE_HAMTAD grav HTTP 200 17793
SYNONYMER_SE_HAMTAD grav HTTP 200 311525
WIKTIONARY_HAMTAD grav HTTP 200 4796
SVENSKA_SE_HAMTAD fotnot HTTP 200 5322
SYNONYMER_SE_HAMTAD fotnot HTTP 200 255259
WIKTIONARY_HAMTAD fotnot HTTP 429 0
SVENSKA_SE_HAMTAD koncis HTTP 200 5239
SYNONYMER_SE_HAMTAD koncis HTTP 200 253443
WIKTIONARY_HAMTAD koncis HTTP 429 0
SVENSKA_SE_HAMTAD stimulus HTTP 200 5666
SYNONYMER_SE_HAMTAD stimulus HTTP 200 258789
WIKTIONARY_HAMTAD stimulus HTTP 200 979
SVENSKA_SE_HAMTAD acklimatisera HTTP 200 7973
SYNONYMER_SE_HAMTAD acklimatisera HTTP 200 269305
WIKTIONARY_HAMTAD acklimatisera HTTP 200 2721
SVENSKA_SE_HAMTAD reputerlig HTTP 200 3822
SYNONYMER_SE_HAMTAD reputerlig HTTP 200 233666
WIKTIONARY_HAMTAD reputerlig HTTP 429 0
SVENSKA_SE_HAMTAD skavank HTTP 200 5769
SYNONYMER_SE_HAMTAD skavank HTTP 200 276050
WIKTIONARY_HAMTAD skavank HTTP 429 0
SVENSKA_SE_HAMTAD budget HTTP 200 6403
SYNONYMER_SE_HAMTAD budget HTTP 200 282322
WIKTIONARY_HAMTAD budget HTTP 200 1895
SVENSKA_SE_HAMTAD stötvis HTTP 200 2890
SYNONYMER_SE_HAMTAD stötvis HTTP 200 235043
WIKTIONARY_HAMTAD stötvis HTTP 200 398
--- 800/909 klara, 686 med synonymer.se-traff ---
SVENSKA_SE_HAMTAD diskrepans HTTP 200 5195
SYNONYMER_SE_HAMTAD diskrepans HTTP 200 243952
WIKTIONARY_HAMTAD diskrepans HTTP 200 1091
SVENSKA_SE_HAMTAD getto HTTP 200 6359
SYNONYMER_SE_HAMTAD getto HTTP 200 255081
WIKTIONARY_HAMTAD getto HTTP 429 0
SVENSKA_SE_HAMTAD inuit HTTP 200 6787
SYNONYMER_SE_HAMTAD inuit HTTP 200 260190
WIKTIONARY_HAMTAD inuit HTTP 429 0
SVENSKA_SE_HAMTAD tjusig HTTP 200 5674
SYNONYMER_SE_HAMTAD tjusig HTTP 200 264211
WIKTIONARY_HAMTAD tjusig HTTP 200 1979
SVENSKA_SE_HAMTAD filklove HTTP 200 4655
SYNONYMER_SE_HAMTAD filklove HTTP 200 235681
WIKTIONARY_HAMTAD filklove HTTP 200 398
SVENSKA_SE_HAMTAD alla taggar utåt HTTP 200 947
SYNONYMER_SE_HAMTAD alla taggar utåt HTTP 200 187516
WIKTIONARY_HAMTAD alla taggar utåt HTTP 429 0
SVENSKA_SE_HAMTAD pastörisera HTTP 200 6042
SYNONYMER_SE_HAMTAD pastörisera HTTP 200 261899
WIKTIONARY_HAMTAD pastörisera HTTP 429 0
SVENSKA_SE_HAMTAD varest HTTP 200 3800
SYNONYMER_SE_HAMTAD varest HTTP 200 249537
WIKTIONARY_HAMTAD varest HTTP 200 706
SVENSKA_SE_HAMTAD browning HTTP 200 5086
SYNONYMER_SE_HAMTAD browning HTTP 200 251267
WIKTIONARY_HAMTAD browning HTTP 200 242
SVENSKA_SE_HAMTAD faun HTTP 200 5047
SYNONYMER_SE_HAMTAD faun HTTP 200 251358
WIKTIONARY_HAMTAD faun HTTP 200 412
SVENSKA_SE_HAMTAD dimorf HTTP 200 3723
SYNONYMER_SE_HAMTAD dimorf HTTP 200 238629
WIKTIONARY_HAMTAD dimorf HTTP 429 0
SVENSKA_SE_HAMTAD triton HTTP 200 6030
SYNONYMER_SE_HAMTAD triton HTTP 200 247102
WIKTIONARY_HAMTAD triton HTTP 429 0
SVENSKA_SE_HAMTAD endotermisk HTTP 200 5209
SYNONYMER_SE_HAMTAD endotermisk HTTP 200 223993
WIKTIONARY_HAMTAD endotermisk HTTP 200 542
SVENSKA_SE_HAMTAD baryton HTTP 200 5963
SYNONYMER_SE_HAMTAD baryton HTTP 200 258438
WIKTIONARY_HAMTAD baryton HTTP 200 1042
SVENSKA_SE_HAMTAD amfibiebil HTTP 200 10630
SYNONYMER_SE_HAMTAD amfibiebil HTTP 200 241488
WIKTIONARY_HAMTAD amfibiebil HTTP 429 0
SVENSKA_SE_HAMTAD mosaisk HTTP 200 5339
SYNONYMER_SE_HAMTAD mosaisk HTTP 200 248464
WIKTIONARY_HAMTAD mosaisk HTTP 429 0
SVENSKA_SE_HAMTAD välboren HTTP 200 4025
SYNONYMER_SE_HAMTAD välboren HTTP 200 245093
WIKTIONARY_HAMTAD välboren HTTP 200 794
SVENSKA_SE_HAMTAD asyl HTTP 200 5289
SYNONYMER_SE_HAMTAD asyl HTTP 200 265217
WIKTIONARY_HAMTAD asyl HTTP 200 1296
SVENSKA_SE_HAMTAD bespetsa sig på HTTP 200 4034
SYNONYMER_SE_HAMTAD bespetsa sig på HTTP 200 221082
WIKTIONARY_HAMTAD bespetsa sig på HTTP 200 398
SVENSKA_SE_HAMTAD blodvite HTTP 200 5584
SYNONYMER_SE_HAMTAD blodvite HTTP 200 254438
WIKTIONARY_HAMTAD blodvite HTTP 429 0
SVENSKA_SE_HAMTAD potpurri HTTP 200 5404
SYNONYMER_SE_HAMTAD potpurri HTTP 200 267322
WIKTIONARY_HAMTAD potpurri HTTP 429 0
SVENSKA_SE_HAMTAD abrovink HTTP 200 7173
SYNONYMER_SE_HAMTAD abrovink HTTP 200 260551
WIKTIONARY_HAMTAD abrovink HTTP 200 771
SVENSKA_SE_HAMTAD dialektik HTTP 200 4535
SYNONYMER_SE_HAMTAD dialektik HTTP 200 250909
WIKTIONARY_HAMTAD dialektik HTTP 429 0
SVENSKA_SE_HAMTAD passivera HTTP 200 7896
SYNONYMER_SE_HAMTAD passivera HTTP 200 261319
WIKTIONARY_HAMTAD passivera HTTP 429 0
SVENSKA_SE_HAMTAD HTML HTTP 200 3116
SYNONYMER_SE_HAMTAD HTML HTTP 200 203562
WIKTIONARY_HAMTAD HTML HTTP 200 427
--- 825/909 klara, 704 med synonymer.se-traff ---
SVENSKA_SE_HAMTAD urna HTTP 200 5549
SYNONYMER_SE_HAMTAD urna HTTP 200 263438
WIKTIONARY_HAMTAD urna HTTP 200 2087
SVENSKA_SE_HAMTAD sätta in HTTP 200 10250
SYNONYMER_SE_HAMTAD sätta in HTTP 200 223575
WIKTIONARY_HAMTAD sätta in HTTP 200 1024
SVENSKA_SE_HAMTAD koka soppa på en spik HTTP 200 962
SYNONYMER_SE_HAMTAD koka soppa på en spik HTTP 200 187392
WIKTIONARY_HAMTAD koka soppa på en spik HTTP 429 0
SVENSKA_SE_HAMTAD se ut som en fågelholk HTTP 200 965
SYNONYMER_SE_HAMTAD se ut som en fågelholk HTTP 200 218934
WIKTIONARY_HAMTAD se ut som en fågelholk HTTP 429 0
SVENSKA_SE_HAMTAD antagonistisk HTTP 200 3814
SYNONYMER_SE_HAMTAD antagonistisk HTTP 200 248735
WIKTIONARY_HAMTAD antagonistisk HTTP 200 398
SVENSKA_SE_HAMTAD kamrer HTTP 200 5187
SYNONYMER_SE_HAMTAD kamrer HTTP 200 265930
WIKTIONARY_HAMTAD kamrer HTTP 200 813
SVENSKA_SE_HAMTAD alumn HTTP 200 5160
SYNONYMER_SE_HAMTAD alumn HTTP 200 246901
WIKTIONARY_HAMTAD alumn HTTP 429 0
SVENSKA_SE_HAMTAD usurpera HTTP 200 6462
SYNONYMER_SE_HAMTAD usurpera HTTP 200 260838
WIKTIONARY_HAMTAD usurpera HTTP 429 0
SVENSKA_SE_HAMTAD tyll HTTP 200 6102
SYNONYMER_SE_HAMTAD tyll HTTP 200 257883
WIKTIONARY_HAMTAD tyll HTTP 200 996
SVENSKA_SE_HAMTAD libell HTTP 200 5256
SYNONYMER_SE_HAMTAD libell HTTP 200 259932
WIKTIONARY_HAMTAD libell HTTP 200 661
SVENSKA_SE_HAMTAD läst HTTP 200 47605
SYNONYMER_SE_HAMTAD läst HTTP 200 268156
WIKTIONARY_HAMTAD läst HTTP 200 1402
SVENSKA_SE_HAMTAD svepande HTTP 200 14122
SYNONYMER_SE_HAMTAD svepande HTTP 200 245077
WIKTIONARY_HAMTAD svepande HTTP 429 0
SVENSKA_SE_HAMTAD tråkad HTTP 200 9137
SYNONYMER_SE_HAMTAD tråkad HTTP 200 228782
WIKTIONARY_HAMTAD tråkad HTTP 429 0
SVENSKA_SE_HAMTAD androgyn HTTP 200 7472
SYNONYMER_SE_HAMTAD androgyn HTTP 200 259895
WIKTIONARY_HAMTAD androgyn HTTP 200 835
SVENSKA_SE_HAMTAD salutera HTTP 200 7285
SYNONYMER_SE_HAMTAD salutera HTTP 200 263434
WIKTIONARY_HAMTAD salutera HTTP 200 377
SVENSKA_SE_HAMTAD inackordering HTTP 200 5304
SYNONYMER_SE_HAMTAD inackordering HTTP 200 262797
WIKTIONARY_HAMTAD inackordering HTTP 429 0
SVENSKA_SE_HAMTAD kontamination HTTP 200 5652
SYNONYMER_SE_HAMTAD kontamination HTTP 200 258297
WIKTIONARY_HAMTAD kontamination HTTP 429 0
SVENSKA_SE_HAMTAD överlappa HTTP 200 6902
SYNONYMER_SE_HAMTAD överlappa HTTP 200 264419
WIKTIONARY_HAMTAD överlappa HTTP 200 1047
SVENSKA_SE_HAMTAD klamra HTTP 200 11236
SYNONYMER_SE_HAMTAD klamra HTTP 200 281659
WIKTIONARY_HAMTAD klamra HTTP 200 1451
SVENSKA_SE_HAMTAD flöjel HTTP 200 6429
SYNONYMER_SE_HAMTAD flöjel HTTP 200 266974
WIKTIONARY_HAMTAD flöjel HTTP 429 0
SVENSKA_SE_HAMTAD anfäktelse HTTP 200 4510
SYNONYMER_SE_HAMTAD anfäktelse HTTP 200 251399
WIKTIONARY_HAMTAD anfäktelse HTTP 429 0
SVENSKA_SE_HAMTAD folklig HTTP 200 6095
SYNONYMER_SE_HAMTAD folklig HTTP 200 256040
WIKTIONARY_HAMTAD folklig HTTP 200 443
SVENSKA_SE_HAMTAD fossil HTTP 200 9435
SYNONYMER_SE_HAMTAD fossil HTTP 200 275099
WIKTIONARY_HAMTAD fossil HTTP 200 3680
SVENSKA_SE_HAMTAD vals HTTP 200 22299
SYNONYMER_SE_HAMTAD vals HTTP 200 305638
WIKTIONARY_HAMTAD vals HTTP 200 3251
SVENSKA_SE_HAMTAD häckla HTTP 200 13662
SYNONYMER_SE_HAMTAD häckla HTTP 200 304934
WIKTIONARY_HAMTAD häckla HTTP 429 0
--- 850/909 klara, 728 med synonymer.se-traff ---
SVENSKA_SE_HAMTAD pulsera HTTP 200 5248
SYNONYMER_SE_HAMTAD pulsera HTTP 200 256193
WIKTIONARY_HAMTAD pulsera HTTP 429 0
SVENSKA_SE_HAMTAD postponera HTTP 200 5246
SYNONYMER_SE_HAMTAD postponera HTTP 200 204125
WIKTIONARY_HAMTAD postponera HTTP 200 398
SVENSKA_SE_HAMTAD sufflör HTTP 200 4765
SYNONYMER_SE_HAMTAD sufflör HTTP 200 254705
WIKTIONARY_HAMTAD sufflör HTTP 200 868
SVENSKA_SE_HAMTAD civilstånd HTTP 200 5354
SYNONYMER_SE_HAMTAD civilstånd HTTP 200 254641
WIKTIONARY_HAMTAD civilstånd HTTP 200 984
SVENSKA_SE_HAMTAD kimono HTTP 200 4496
SYNONYMER_SE_HAMTAD kimono HTTP 200 257060
WIKTIONARY_HAMTAD kimono HTTP 429 0
SVENSKA_SE_HAMTAD struva HTTP 200 5224
SYNONYMER_SE_HAMTAD struva HTTP 200 252929
WIKTIONARY_HAMTAD struva HTTP 429 0
SVENSKA_SE_HAMTAD poncho HTTP 200 4676
SYNONYMER_SE_HAMTAD poncho HTTP 200 253861
WIKTIONARY_HAMTAD poncho HTTP 200 2865
SVENSKA_SE_HAMTAD quechua HTTP 200 6488
SYNONYMER_SE_HAMTAD quechua HTTP 200 227986
WIKTIONARY_HAMTAD quechua HTTP 200 1147
SVENSKA_SE_HAMTAD notarie HTTP 200 5601
SYNONYMER_SE_HAMTAD notarie HTTP 200 268559
WIKTIONARY_HAMTAD notarie HTTP 200 590
SVENSKA_SE_HAMTAD fantomsmärta HTTP 200 5795
SYNONYMER_SE_HAMTAD fantomsmärta HTTP 200 240225
WIKTIONARY_HAMTAD fantomsmärta HTTP 429 0
SVENSKA_SE_HAMTAD i förskingringen HTTP 200 947
SYNONYMER_SE_HAMTAD i förskingringen HTTP 200 218296
WIKTIONARY_HAMTAD i förskingringen HTTP 429 0
SVENSKA_SE_HAMTAD impressionism HTTP 200 5072
SYNONYMER_SE_HAMTAD impressionism HTTP 200 249021
WIKTIONARY_HAMTAD impressionism HTTP 200 1336
SVENSKA_SE_HAMTAD krenelering HTTP 200 4529
SYNONYMER_SE_HAMTAD krenelering HTTP 200 242177
WIKTIONARY_HAMTAD krenelering HTTP 429 0
SVENSKA_SE_HAMTAD malaj HTTP 200 5931
SYNONYMER_SE_HAMTAD malaj HTTP 200 255939
WIKTIONARY_HAMTAD malaj HTTP 429 0
SVENSKA_SE_HAMTAD bolare HTTP 200 6666
SYNONYMER_SE_HAMTAD bolare HTTP 200 218688
WIKTIONARY_HAMTAD bolare HTTP 200 749
SVENSKA_SE_HAMTAD synaps HTTP 200 4946
SYNONYMER_SE_HAMTAD synaps HTTP 200 251066
WIKTIONARY_HAMTAD synaps HTTP 200 1304
SVENSKA_SE_HAMTAD a priori HTTP 200 2623
SYNONYMER_SE_HAMTAD a priori HTTP 200 239659
WIKTIONARY_HAMTAD a priori HTTP 429 0
SVENSKA_SE_HAMTAD inte skräda orden HTTP 200 950
SYNONYMER_SE_HAMTAD inte skräda orden HTTP 200 232877
WIKTIONARY_HAMTAD inte skräda orden HTTP 429 0
SVENSKA_SE_HAMTAD gordisk knut HTTP 200 2792
SYNONYMER_SE_HAMTAD gordisk knut HTTP 200 244737
WIKTIONARY_HAMTAD gordisk knut HTTP 200 1294
SVENSKA_SE_HAMTAD smörja kråset HTTP 200 5300
SYNONYMER_SE_HAMTAD smörja kråset HTTP 200 230816
WIKTIONARY_HAMTAD smörja kråset HTTP 200 559
SVENSKA_SE_HAMTAD harmynt HTTP 200 4408
SYNONYMER_SE_HAMTAD harmynt HTTP 200 245475
WIKTIONARY_HAMTAD harmynt HTTP 200 665
SVENSKA_SE_HAMTAD bilda epok HTTP 200 6452
SYNONYMER_SE_HAMTAD bilda epok HTTP 200 187182
WIKTIONARY_HAMTAD bilda epok HTTP 429 0
SVENSKA_SE_HAMTAD tillhands HTTP 200 4602
SYNONYMER_SE_HAMTAD tillhands HTTP 200 227994
WIKTIONARY_HAMTAD tillhands HTTP 429 0
SVENSKA_SE_HAMTAD rannsaka HTTP 200 7386
SYNONYMER_SE_HAMTAD rannsaka HTTP 200 282467
WIKTIONARY_HAMTAD rannsaka HTTP 429 0
SVENSKA_SE_HAMTAD pampusch HTTP 200 4645
SYNONYMER_SE_HAMTAD pampusch HTTP 200 248724
WIKTIONARY_HAMTAD pampusch HTTP 429 0
--- 875/909 klara, 743 med synonymer.se-traff ---
SVENSKA_SE_HAMTAD röklin HTTP 200 6207
SYNONYMER_SE_HAMTAD röklin HTTP 200 228944
WIKTIONARY_HAMTAD röklin HTTP 429 0
SVENSKA_SE_HAMTAD kastanjett HTTP 200 4964
SYNONYMER_SE_HAMTAD kastanjett HTTP 200 237310
WIKTIONARY_HAMTAD kastanjett HTTP 200 1289
SVENSKA_SE_HAMTAD liljeväxt HTTP 200 4475
SYNONYMER_SE_HAMTAD liljeväxt HTTP 200 235831
WIKTIONARY_HAMTAD liljeväxt HTTP 429 0
SVENSKA_SE_HAMTAD public service HTTP 200 4495
SYNONYMER_SE_HAMTAD public service HTTP 200 229582
WIKTIONARY_HAMTAD public service HTTP 429 0
SVENSKA_SE_HAMTAD inte på långt när HTTP 200 956
SYNONYMER_SE_HAMTAD inte på långt när HTTP 200 187785
WIKTIONARY_HAMTAD inte på långt när HTTP 200 398
SVENSKA_SE_HAMTAD stor lyhördhet HTTP 200 2808
SYNONYMER_SE_HAMTAD stor lyhördhet HTTP 200 224408
WIKTIONARY_HAMTAD stor lyhördhet HTTP 200 398
SVENSKA_SE_HAMTAD ett angenämt problem HTTP 200 959
SYNONYMER_SE_HAMTAD ett angenämt problem HTTP 200 187740
WIKTIONARY_HAMTAD ett angenämt problem HTTP 200 398
SVENSKA_SE_HAMTAD homosocial HTTP 200 4867
SYNONYMER_SE_HAMTAD homosocial HTTP 200 230113
WIKTIONARY_HAMTAD homosocial HTTP 200 1434
SVENSKA_SE_HAMTAD syndafall HTTP 200 5043
SYNONYMER_SE_HAMTAD syndafall HTTP 200 253244
WIKTIONARY_HAMTAD syndafall HTTP 429 0
SVENSKA_SE_HAMTAD löst folk HTTP 200 6556
SYNONYMER_SE_HAMTAD löst folk HTTP 200 236796
WIKTIONARY_HAMTAD löst folk HTTP 429 0
SVENSKA_SE_HAMTAD på kuppen HTTP 200 6527
SYNONYMER_SE_HAMTAD på kuppen HTTP 200 204242
WIKTIONARY_HAMTAD på kuppen HTTP 200 331
SVENSKA_SE_HAMTAD fördragen HTTP 200 12888
SYNONYMER_SE_HAMTAD fördragen HTTP 200 241753
WIKTIONARY_HAMTAD fördragen HTTP 429 0
SVENSKA_SE_HAMTAD överburen HTTP 200 4312
SYNONYMER_SE_HAMTAD överburen HTTP 200 237486
WIKTIONARY_HAMTAD överburen HTTP 429 0
SVENSKA_SE_HAMTAD neonatal HTTP 200 5136
SYNONYMER_SE_HAMTAD neonatal HTTP 200 241941
WIKTIONARY_HAMTAD neonatal HTTP 200 400

*** LARM: synonymer.se gav traff pa bara 36 % av de senaste 25 orden. Kontrollera parsern INNAN korten skrivs -- sa sag det ut nar kallan var tyst. ***

SVENSKA_SE_HAMTAD därmed basta HTTP 200 1560
SYNONYMER_SE_HAMTAD därmed basta HTTP 200 231899
WIKTIONARY_HAMTAD därmed basta HTTP 200 398
SVENSKA_SE_HAMTAD god dag yxskaft HTTP 200 941
SYNONYMER_SE_HAMTAD god dag yxskaft HTTP 200 203709
WIKTIONARY_HAMTAD god dag yxskaft HTTP 200 398
SVENSKA_SE_HAMTAD greppa efter ett halmstrå HTTP 200 974
SYNONYMER_SE_HAMTAD greppa efter ett halmstrå HTTP 200 203988
WIKTIONARY_HAMTAD greppa efter ett halmstrå HTTP 200 398

*** LARM: synonymer.se gav traff pa bara 36 % av de senaste 25 orden. Kontrollera parsern INNAN korten skrivs -- sa sag det ut nar kallan var tyst. ***

SVENSKA_SE_HAMTAD inget man snyter ur näsan HTTP 200 974
SYNONYMER_SE_HAMTAD inget man snyter ur näsan HTTP 200 204293
WIKTIONARY_HAMTAD inget man snyter ur näsan HTTP 200 398

*** LARM: synonymer.se gav traff pa bara 32 % av de senaste 25 orden. Kontrollera parsern INNAN korten skrivs -- sa sag det ut nar kallan var tyst. ***

SVENSKA_SE_HAMTAD jämnt skägg HTTP 200 5894
SYNONYMER_SE_HAMTAD jämnt skägg HTTP 200 187315
WIKTIONARY_HAMTAD jämnt skägg HTTP 200 398

*** LARM: synonymer.se gav traff pa bara 28 % av de senaste 25 orden. Kontrollera parsern INNAN korten skrivs -- sa sag det ut nar kallan var tyst. ***

SVENSKA_SE_HAMTAD en polsk riksdag HTTP 200 944
SYNONYMER_SE_HAMTAD en polsk riksdag HTTP 200 187541
WIKTIONARY_HAMTAD en polsk riksdag HTTP 200 398

*** LARM: synonymer.se gav traff pa bara 24 % av de senaste 25 orden. Kontrollera parsern INNAN korten skrivs -- sa sag det ut nar kallan var tyst. ***

SVENSKA_SE_HAMTAD ha satt sin sista potatis HTTP 200 971
SYNONYMER_SE_HAMTAD ha satt sin sista potatis HTTP 200 218254
WIKTIONARY_HAMTAD ha satt sin sista potatis HTTP 200 398

*** LARM: synonymer.se gav traff pa bara 28 % av de senaste 25 orden. Kontrollera parsern INNAN korten skrivs -- sa sag det ut nar kallan var tyst. ***

SVENSKA_SE_HAMTAD sopa rent framför sin dörr HTTP 200 980
SYNONYMER_SE_HAMTAD sopa rent framför sin dörr HTTP 200 187418
WIKTIONARY_HAMTAD sopa rent framför sin dörr HTTP 200 398

*** LARM: synonymer.se gav traff pa bara 28 % av de senaste 25 orden. Kontrollera parsern INNAN korten skrivs -- sa sag det ut nar kallan var tyst. ***

SVENSKA_SE_HAMTAD trolla med knäna HTTP 200 947
SYNONYMER_SE_HAMTAD trolla med knäna HTTP 200 203977
WIKTIONARY_HAMTAD trolla med knäna HTTP 200 382

*** LARM: synonymer.se gav traff pa bara 24 % av de senaste 25 orden. Kontrollera parsern INNAN korten skrivs -- sa sag det ut nar kallan var tyst. ***

SVENSKA_SE_HAMTAD salig i åminnelse HTTP 200 950
SYNONYMER_SE_HAMTAD salig i åminnelse HTTP 200 187484
WIKTIONARY_HAMTAD salig i åminnelse HTTP 429 0

*** LARM: synonymer.se gav traff pa bara 20 % av de senaste 25 orden. Kontrollera parsern INNAN korten skrivs -- sa sag det ut nar kallan var tyst. ***

SVENSKA_SE_HAMTAD blåsa faran över HTTP 200 950
SYNONYMER_SE_HAMTAD blåsa faran över HTTP 200 187551
WIKTIONARY_HAMTAD blåsa faran över HTTP 429 0

*** LARM: synonymer.se gav traff pa bara 16 % av de senaste 25 orden. Kontrollera parsern INNAN korten skrivs -- sa sag det ut nar kallan var tyst. ***

--- 900/909 klara, 747 med synonymer.se-traff ---
SVENSKA_SE_HAMTAD det flyger inga stekta sparvar i munnen på en HTTP 200 1037
SYNONYMER_SE_HAMTAD det flyger inga stekta sparvar i munnen på en HTTP 200 188508
WIKTIONARY_HAMTAD det flyger inga stekta sparvar i munnen på en HTTP 200 398

*** LARM: synonymer.se gav traff pa bara 16 % av de senaste 25 orden. Kontrollera parsern INNAN korten skrivs -- sa sag det ut nar kallan var tyst. ***

SVENSKA_SE_HAMTAD det går sin gilla gång HTTP 200 968
SYNONYMER_SE_HAMTAD det går sin gilla gång HTTP 200 188261
WIKTIONARY_HAMTAD det går sin gilla gång HTTP 200 398

*** LARM: synonymer.se gav traff pa bara 16 % av de senaste 25 orden. Kontrollera parsern INNAN korten skrivs -- sa sag det ut nar kallan var tyst. ***

SVENSKA_SE_HAMTAD det knallar och går HTTP 200 956
SYNONYMER_SE_HAMTAD det knallar och går HTTP 200 219242
WIKTIONARY_HAMTAD det knallar och går HTTP 200 621

*** LARM: synonymer.se gav traff pa bara 20 % av de senaste 25 orden. Kontrollera parsern INNAN korten skrivs -- sa sag det ut nar kallan var tyst. ***

SVENSKA_SE_HAMTAD ditt och datt HTTP 200 1352
SYNONYMER_SE_HAMTAD ditt och datt HTTP 200 245901
WIKTIONARY_HAMTAD ditt och datt HTTP 200 769

*** LARM: synonymer.se gav traff pa bara 24 % av de senaste 25 orden. Kontrollera parsern INNAN korten skrivs -- sa sag det ut nar kallan var tyst. ***

SVENSKA_SE_HAMTAD genetiker HTTP 200 4434
SYNONYMER_SE_HAMTAD genetiker HTTP 200 250159
WIKTIONARY_HAMTAD genetiker HTTP 200 1246

*** LARM: synonymer.se gav traff pa bara 24 % av de senaste 25 orden. Kontrollera parsern INNAN korten skrivs -- sa sag det ut nar kallan var tyst. ***

SVENSKA_SE_HAMTAD changera HTTP 200 8234
SYNONYMER_SE_HAMTAD changera HTTP 200 266984
WIKTIONARY_HAMTAD changera HTTP 200 340

*** LARM: synonymer.se gav traff pa bara 24 % av de senaste 25 orden. Kontrollera parsern INNAN korten skrivs -- sa sag det ut nar kallan var tyst. ***

SVENSKA_SE_HAMTAD swedenborgianism HTTP 200 2393
SYNONYMER_SE_HAMTAD swedenborgianism HTTP 200 244775
WIKTIONARY_HAMTAD swedenborgianism HTTP 200 368

*** LARM: synonymer.se gav traff pa bara 24 % av de senaste 25 orden. Kontrollera parsern INNAN korten skrivs -- sa sag det ut nar kallan var tyst. ***

SVENSKA_SE_HAMTAD gå tretton på dussinet HTTP 200 968
SYNONYMER_SE_HAMTAD gå tretton på dussinet HTTP 200 204702
WIKTIONARY_HAMTAD gå tretton på dussinet HTTP 200 398

*** LARM: synonymer.se gav traff pa bara 24 % av de senaste 25 orden. Kontrollera parsern INNAN korten skrivs -- sa sag det ut nar kallan var tyst. ***

SVENSKA_SE_HAMTAD kontrastera HTTP 200 8230
SYNONYMER_SE_HAMTAD kontrastera HTTP 200 262542
WIKTIONARY_HAMTAD kontrastera HTTP 200 452

*** LARM: synonymer.se gav traff pa bara 28 % av de senaste 25 orden. Kontrollera parsern INNAN korten skrivs -- sa sag det ut nar kallan var tyst. ***


KLART: 909 ord i sessions/synonymkandidater.json, varav 751 (83 %) har synonymer.se-trafF
