SVENSKA_SE_HAMTAD kartig HTTP 200 6304
SYNONYMER_SE_HAMTAD kartig HTTP 200 243911
WIKTIONARY_HAMTAD kartig HTTP 429 0
SVENSKA_SE_HAMTAD greve HTTP 200 7822
SYNONYMER_SE_HAMTAD greve HTTP 200 266997
WIKTIONARY_HAMTAD greve HTTP 200 2814
SVENSKA_SE_HAMTAD befaren HTTP 200 8940
SYNONYMER_SE_HAMTAD befaren HTTP 200 242785
WIKTIONARY_HAMTAD befaren HTTP 200 250
SVENSKA_SE_HAMTAD spaljé HTTP 200 5010
SYNONYMER_SE_HAMTAD spaljé HTTP 200 269395
WIKTIONARY_HAMTAD spaljé HTTP 200 2360
SVENSKA_SE_HAMTAD angöra HTTP 200 7796
SYNONYMER_SE_HAMTAD angöra HTTP 200 264746
WIKTIONARY_HAMTAD angöra HTTP 200 523
SVENSKA_SE_HAMTAD kofferdist HTTP 200 4687
SYNONYMER_SE_HAMTAD kofferdist HTTP 200 241964
WIKTIONARY_HAMTAD kofferdist HTTP 200 686
SVENSKA_SE_HAMTAD gräsrötter HTTP 200 6330
SYNONYMER_SE_HAMTAD gräsrötter HTTP 200 230361
WIKTIONARY_HAMTAD gräsrötter HTTP 200 191
SVENSKA_SE_HAMTAD anfang HTTP 200 8555
SYNONYMER_SE_HAMTAD anfang HTTP 200 265527
WIKTIONARY_HAMTAD anfang HTTP 200 829
SVENSKA_SE_HAMTAD pannå HTTP 200 5613
SYNONYMER_SE_HAMTAD pannå HTTP 200 248827
WIKTIONARY_HAMTAD pannå HTTP 200 563
SVENSKA_SE_HAMTAD basa HTTP 200 12986
SYNONYMER_SE_HAMTAD basa HTTP 200 295827
WIKTIONARY_HAMTAD basa HTTP 200 330
SVENSKA_SE_HAMTAD espri HTTP 200 5205
SYNONYMER_SE_HAMTAD espri HTTP 200 251013
WIKTIONARY_HAMTAD espri HTTP 200 746
SVENSKA_SE_HAMTAD via HTTP 200 5226
SYNONYMER_SE_HAMTAD via HTTP 200 247541
WIKTIONARY_HAMTAD via HTTP 429 0
SVENSKA_SE_HAMTAD fäbod HTTP 200 5864
SYNONYMER_SE_HAMTAD fäbod HTTP 200 254757
WIKTIONARY_HAMTAD fäbod HTTP 429 0
SVENSKA_SE_HAMTAD deformation HTTP 200 5453
SYNONYMER_SE_HAMTAD deformation HTTP 200 256349
WIKTIONARY_HAMTAD deformation HTTP 200 915
SVENSKA_SE_HAMTAD proselyt HTTP 200 4667
SYNONYMER_SE_HAMTAD proselyt HTTP 200 261507
WIKTIONARY_HAMTAD proselyt HTTP 200 2022
SVENSKA_SE_HAMTAD barbarisk HTTP 200 4873
SYNONYMER_SE_HAMTAD barbarisk HTTP 200 237972
WIKTIONARY_HAMTAD barbarisk HTTP 200 523
SVENSKA_SE_HAMTAD grums HTTP 200 4822
SYNONYMER_SE_HAMTAD grums HTTP 200 254034
WIKTIONARY_HAMTAD grums HTTP 200 207
SVENSKA_SE_HAMTAD kortsynt HTTP 200 3957
SYNONYMER_SE_HAMTAD kortsynt HTTP 200 260078
WIKTIONARY_HAMTAD kortsynt HTTP 200 204
SVENSKA_SE_HAMTAD kreation HTTP 200 5175
SYNONYMER_SE_HAMTAD kreation HTTP 200 253445
WIKTIONARY_HAMTAD kreation HTTP 200 446
SVENSKA_SE_HAMTAD antecedentia HTTP 200 3172
SYNONYMER_SE_HAMTAD antecedentia HTTP 200 243941
WIKTIONARY_HAMTAD antecedentia HTTP 200 259
SVENSKA_SE_HAMTAD erotisk HTTP 200 4640
SYNONYMER_SE_HAMTAD erotisk HTTP 200 254842
WIKTIONARY_HAMTAD erotisk HTTP 200 927
SVENSKA_SE_HAMTAD patina HTTP 200 5655
SYNONYMER_SE_HAMTAD patina HTTP 200 264116
WIKTIONARY_HAMTAD patina HTTP 200 1446
SVENSKA_SE_HAMTAD kursiv HTTP 200 8481
SYNONYMER_SE_HAMTAD kursiv HTTP 200 266816
WIKTIONARY_HAMTAD kursiv HTTP 200 995
SVENSKA_SE_HAMTAD defilera HTTP 200 6507
SYNONYMER_SE_HAMTAD defilera HTTP 200 267263
WIKTIONARY_HAMTAD defilera HTTP 429 0
SVENSKA_SE_HAMTAD moaré HTTP 200 4862
SYNONYMER_SE_HAMTAD moaré HTTP 200 254967
WIKTIONARY_HAMTAD moaré HTTP 429 0
--- 25/879 klara, 48 med synonymer.se-traff ---
SVENSKA_SE_HAMTAD toga HTTP 200 5325
SYNONYMER_SE_HAMTAD toga HTTP 200 248249
WIKTIONARY_HAMTAD toga HTTP 200 1767
SVENSKA_SE_HAMTAD sinus HTTP 200 4465
SYNONYMER_SE_HAMTAD sinus HTTP 200 239138
WIKTIONARY_HAMTAD sinus HTTP 200 1406
SVENSKA_SE_HAMTAD fistel HTTP 200 5919
SYNONYMER_SE_HAMTAD fistel HTTP 200 274540
WIKTIONARY_HAMTAD fistel HTTP 200 543
SVENSKA_SE_HAMTAD ratificera HTTP 200 6671
SYNONYMER_SE_HAMTAD ratificera HTTP 200 269158
WIKTIONARY_HAMTAD ratificera HTTP 200 1063
SVENSKA_SE_HAMTAD cyklop HTTP 200 8252
SYNONYMER_SE_HAMTAD cyklop HTTP 200 254776
WIKTIONARY_HAMTAD cyklop HTTP 200 1119
SVENSKA_SE_HAMTAD diligens HTTP 200 4787
SYNONYMER_SE_HAMTAD diligens HTTP 200 264879
WIKTIONARY_HAMTAD diligens HTTP 200 538
SVENSKA_SE_HAMTAD in natura HTTP 200 2589
SYNONYMER_SE_HAMTAD in natura HTTP 200 238005
WIKTIONARY_HAMTAD in natura HTTP 200 886
SVENSKA_SE_HAMTAD bemärkt HTTP 200 5753
SYNONYMER_SE_HAMTAD bemärkt HTTP 200 240046
WIKTIONARY_HAMTAD bemärkt HTTP 200 609
SVENSKA_SE_HAMTAD fingerad HTTP 200 6570
SYNONYMER_SE_HAMTAD fingerad HTTP 200 240863
WIKTIONARY_HAMTAD fingerad HTTP 200 180
SVENSKA_SE_HAMTAD kretong HTTP 200 4905
SYNONYMER_SE_HAMTAD kretong HTTP 200 252347
WIKTIONARY_HAMTAD kretong HTTP 200 766
SVENSKA_SE_HAMTAD dressör HTTP 200 5701
SYNONYMER_SE_HAMTAD dressör HTTP 200 249609
WIKTIONARY_HAMTAD dressör HTTP 429 0
SVENSKA_SE_HAMTAD autograf HTTP 200 5606
SYNONYMER_SE_HAMTAD autograf HTTP 200 263314
WIKTIONARY_HAMTAD autograf HTTP 429 0
SVENSKA_SE_HAMTAD kut HTTP 200 8685
SYNONYMER_SE_HAMTAD kut HTTP 200 270664
WIKTIONARY_HAMTAD kut HTTP 200 619
SVENSKA_SE_HAMTAD alstring HTTP 200 4812
SYNONYMER_SE_HAMTAD alstring HTTP 200 251739
WIKTIONARY_HAMTAD alstring HTTP 200 577
SVENSKA_SE_HAMTAD eklatera HTTP 200 6152
SYNONYMER_SE_HAMTAD eklatera HTTP 200 254431
WIKTIONARY_HAMTAD eklatera HTTP 200 280
SVENSKA_SE_HAMTAD drömslott HTTP 200 4680
SYNONYMER_SE_HAMTAD drömslott HTTP 200 243310
WIKTIONARY_HAMTAD drömslott HTTP 200 398
SVENSKA_SE_HAMTAD spe HTTP 200 5880
SYNONYMER_SE_HAMTAD spe HTTP 200 264661
WIKTIONARY_HAMTAD spe HTTP 200 852
SVENSKA_SE_HAMTAD intonation HTTP 200 5672
SYNONYMER_SE_HAMTAD intonation HTTP 200 257430
WIKTIONARY_HAMTAD intonation HTTP 200 1422
SVENSKA_SE_HAMTAD slana HTTP 200 5334
SYNONYMER_SE_HAMTAD slana HTTP 200 257229
WIKTIONARY_HAMTAD slana HTTP 200 593
SVENSKA_SE_HAMTAD paulun HTTP 200 5041
SYNONYMER_SE_HAMTAD paulun HTTP 200 247435
WIKTIONARY_HAMTAD paulun HTTP 200 855
SVENSKA_SE_HAMTAD lastbar HTTP 200 5003
SYNONYMER_SE_HAMTAD lastbar HTTP 200 263150
WIKTIONARY_HAMTAD lastbar HTTP 200 533
SVENSKA_SE_HAMTAD beväring HTTP 200 5979
SYNONYMER_SE_HAMTAD beväring HTTP 200 269248
WIKTIONARY_HAMTAD beväring HTTP 200 398
SVENSKA_SE_HAMTAD jungman HTTP 200 5043
SYNONYMER_SE_HAMTAD jungman HTTP 200 266367
WIKTIONARY_HAMTAD jungman HTTP 429 0
SVENSKA_SE_HAMTAD in manu HTTP 200 5477
SYNONYMER_SE_HAMTAD in manu HTTP 200 230797
WIKTIONARY_HAMTAD in manu HTTP 429 0
SVENSKA_SE_HAMTAD yttring HTTP 200 6638
SYNONYMER_SE_HAMTAD yttring HTTP 200 263700
WIKTIONARY_HAMTAD yttring HTTP 200 604
--- 50/879 klara, 73 med synonymer.se-traff ---
SVENSKA_SE_HAMTAD stuckatur HTTP 200 4695
SYNONYMER_SE_HAMTAD stuckatur HTTP 200 245861
WIKTIONARY_HAMTAD stuckatur HTTP 200 340
SVENSKA_SE_HAMTAD missanpassad HTTP 200 4845
SYNONYMER_SE_HAMTAD missanpassad HTTP 200 251910
WIKTIONARY_HAMTAD missanpassad HTTP 200 477
SVENSKA_SE_HAMTAD anlöpa HTTP 200 6787
SYNONYMER_SE_HAMTAD anlöpa HTTP 200 271599
WIKTIONARY_HAMTAD anlöpa HTTP 200 1387
SVENSKA_SE_HAMTAD cedilj HTTP 200 4606
SYNONYMER_SE_HAMTAD cedilj HTTP 200 245158
WIKTIONARY_HAMTAD cedilj HTTP 200 788
SVENSKA_SE_HAMTAD dekis HTTP 200 3427
SYNONYMER_SE_HAMTAD dekis HTTP 200 251208
WIKTIONARY_HAMTAD dekis HTTP 200 786
SVENSKA_SE_HAMTAD kannstöperi HTTP 200 5218
SYNONYMER_SE_HAMTAD kannstöperi HTTP 200 251344
WIKTIONARY_HAMTAD kannstöperi HTTP 200 398
SVENSKA_SE_HAMTAD spjäll HTTP 200 6131
SYNONYMER_SE_HAMTAD spjäll HTTP 200 263788
WIKTIONARY_HAMTAD spjäll HTTP 200 1432
SVENSKA_SE_HAMTAD koryfé HTTP 200 4960
SYNONYMER_SE_HAMTAD koryfé HTTP 200 255327
WIKTIONARY_HAMTAD koryfé HTTP 200 480
SVENSKA_SE_HAMTAD rauk HTTP 200 5238
SYNONYMER_SE_HAMTAD rauk HTTP 200 239301
WIKTIONARY_HAMTAD rauk HTTP 200 951
SVENSKA_SE_HAMTAD ingivelse HTTP 200 5133
SYNONYMER_SE_HAMTAD ingivelse HTTP 200 274427
WIKTIONARY_HAMTAD ingivelse HTTP 429 0
SVENSKA_SE_HAMTAD företal HTTP 200 5129
SYNONYMER_SE_HAMTAD företal HTTP 200 267330
WIKTIONARY_HAMTAD företal HTTP 429 0
SVENSKA_SE_HAMTAD laminat HTTP 200 6863
SYNONYMER_SE_HAMTAD laminat HTTP 200 253838
WIKTIONARY_HAMTAD laminat HTTP 200 597
SVENSKA_SE_HAMTAD ljuster HTTP 200 5396
SYNONYMER_SE_HAMTAD ljuster HTTP 200 263078
WIKTIONARY_HAMTAD ljuster HTTP 200 1152
SVENSKA_SE_HAMTAD harnesk HTTP 200 5720
SYNONYMER_SE_HAMTAD harnesk HTTP 200 272646
WIKTIONARY_HAMTAD harnesk HTTP 200 2672
SVENSKA_SE_HAMTAD lymfa HTTP 200 3902
SYNONYMER_SE_HAMTAD lymfa HTTP 200 250201
WIKTIONARY_HAMTAD lymfa HTTP 200 751
SVENSKA_SE_HAMTAD kalkera HTTP 200 7330
SYNONYMER_SE_HAMTAD kalkera HTTP 200 272245
WIKTIONARY_HAMTAD kalkera HTTP 200 478
SVENSKA_SE_HAMTAD singulär HTTP 200 3652
SYNONYMER_SE_HAMTAD singulär HTTP 200 249633
WIKTIONARY_HAMTAD singulär HTTP 200 1371
SVENSKA_SE_HAMTAD falsett HTTP 200 4925
SYNONYMER_SE_HAMTAD falsett HTTP 200 261968
WIKTIONARY_HAMTAD falsett HTTP 200 445
SVENSKA_SE_HAMTAD munväder HTTP 200 3831
SYNONYMER_SE_HAMTAD munväder HTTP 200 251943
WIKTIONARY_HAMTAD munväder HTTP 200 308
SVENSKA_SE_HAMTAD ax HTTP 200 8555
SYNONYMER_SE_HAMTAD ax HTTP 200 285687
WIKTIONARY_HAMTAD ax HTTP 200 4062
SVENSKA_SE_HAMTAD truga HTTP 200 13561
SYNONYMER_SE_HAMTAD truga HTTP 200 308011
WIKTIONARY_HAMTAD truga HTTP 200 1277
SVENSKA_SE_HAMTAD varp HTTP 200 11826
SYNONYMER_SE_HAMTAD varp HTTP 200 289463
WIKTIONARY_HAMTAD varp HTTP 429 0
SVENSKA_SE_HAMTAD pult HTTP 200 5020
SYNONYMER_SE_HAMTAD pult HTTP 200 251388
WIKTIONARY_HAMTAD pult HTTP 429 0
SVENSKA_SE_HAMTAD hätta HTTP 200 5673
SYNONYMER_SE_HAMTAD hätta HTTP 200 254994
WIKTIONARY_HAMTAD hätta HTTP 200 1279
SVENSKA_SE_HAMTAD överläggning HTTP 200 7900
SYNONYMER_SE_HAMTAD överläggning HTTP 200 263695
WIKTIONARY_HAMTAD överläggning HTTP 200 1034
--- 75/879 klara, 95 med synonymer.se-traff ---
SVENSKA_SE_HAMTAD konklav HTTP 200 5127
SYNONYMER_SE_HAMTAD konklav HTTP 200 254550
WIKTIONARY_HAMTAD konklav HTTP 200 681
SVENSKA_SE_HAMTAD halvpension HTTP 200 4704
SYNONYMER_SE_HAMTAD halvpension HTTP 200 248681
WIKTIONARY_HAMTAD halvpension HTTP 200 1009
SVENSKA_SE_HAMTAD gastkramning HTTP 200 4938
SYNONYMER_SE_HAMTAD gastkramning HTTP 200 240938
WIKTIONARY_HAMTAD gastkramning HTTP 200 604
SVENSKA_SE_HAMTAD principal HTTP 200 6701
SYNONYMER_SE_HAMTAD principal HTTP 200 255880
WIKTIONARY_HAMTAD principal HTTP 200 1396
SVENSKA_SE_HAMTAD åmning HTTP 200 4264
SYNONYMER_SE_HAMTAD åmning HTTP 200 228411
WIKTIONARY_HAMTAD åmning HTTP 200 811
SVENSKA_SE_HAMTAD varseblivning HTTP 200 5165
SYNONYMER_SE_HAMTAD varseblivning HTTP 200 261826
WIKTIONARY_HAMTAD varseblivning HTTP 200 731
SVENSKA_SE_HAMTAD ranson HTTP 200 7058
SYNONYMER_SE_HAMTAD ranson HTTP 200 269138
WIKTIONARY_HAMTAD ranson HTTP 200 598
SVENSKA_SE_HAMTAD krås HTTP 200 8886
SYNONYMER_SE_HAMTAD krås HTTP 200 283529
WIKTIONARY_HAMTAD krås HTTP 200 844
SVENSKA_SE_HAMTAD krum HTTP 200 7041
SYNONYMER_SE_HAMTAD krum HTTP 200 279625
WIKTIONARY_HAMTAD krum HTTP 429 0
SVENSKA_SE_HAMTAD jade HTTP 200 4222
SYNONYMER_SE_HAMTAD jade HTTP 200 240187
WIKTIONARY_HAMTAD jade HTTP 429 0
SVENSKA_SE_HAMTAD tuktig HTTP 200 3892
SYNONYMER_SE_HAMTAD tuktig HTTP 200 243220
WIKTIONARY_HAMTAD tuktig HTTP 200 398
SVENSKA_SE_HAMTAD frikadell HTTP 200 4544
SYNONYMER_SE_HAMTAD frikadell HTTP 200 261281
WIKTIONARY_HAMTAD frikadell HTTP 200 765
SVENSKA_SE_HAMTAD förtappad HTTP 200 3819
SYNONYMER_SE_HAMTAD förtappad HTTP 200 238971
WIKTIONARY_HAMTAD förtappad HTTP 200 1161
SVENSKA_SE_HAMTAD notabel HTTP 200 4091
SYNONYMER_SE_HAMTAD notabel HTTP 200 238204
WIKTIONARY_HAMTAD notabel HTTP 200 419
SVENSKA_SE_HAMTAD tabelras HTTP 200 2936
SYNONYMER_SE_HAMTAD tabelras HTTP 200 248830
WIKTIONARY_HAMTAD tabelras HTTP 200 374
SVENSKA_SE_HAMTAD stinn HTTP 200 5089
SYNONYMER_SE_HAMTAD stinn HTTP 200 277641
WIKTIONARY_HAMTAD stinn HTTP 200 1718
SVENSKA_SE_HAMTAD patos HTTP 200 4446
SYNONYMER_SE_HAMTAD patos HTTP 200 250833
WIKTIONARY_HAMTAD patos HTTP 200 805
SVENSKA_SE_HAMTAD kätte HTTP 200 6723
SYNONYMER_SE_HAMTAD kätte HTTP 200 266778
WIKTIONARY_HAMTAD kätte HTTP 200 206
SVENSKA_SE_HAMTAD sponta HTTP 200 7976
SYNONYMER_SE_HAMTAD sponta HTTP 200 255937
WIKTIONARY_HAMTAD sponta HTTP 200 320
SVENSKA_SE_HAMTAD yrka HTTP 200 7261
SYNONYMER_SE_HAMTAD yrka HTTP 200 284866
WIKTIONARY_HAMTAD yrka HTTP 200 840
SVENSKA_SE_HAMTAD blåställ HTTP 200 5854
SYNONYMER_SE_HAMTAD blåställ HTTP 200 254659
WIKTIONARY_HAMTAD blåställ HTTP 429 0
SVENSKA_SE_HAMTAD lomma HTTP 200 8771
SYNONYMER_SE_HAMTAD lomma HTTP 200 258370
WIKTIONARY_HAMTAD lomma HTTP 429 0
SVENSKA_SE_HAMTAD kväde HTTP 200 6311
SYNONYMER_SE_HAMTAD kväde HTTP 200 265561
WIKTIONARY_HAMTAD kväde HTTP 200 594
SVENSKA_SE_HAMTAD konvergent HTTP 200 4540
SYNONYMER_SE_HAMTAD konvergent HTTP 200 239619
WIKTIONARY_HAMTAD konvergent HTTP 200 536
SVENSKA_SE_HAMTAD suggerera HTTP 200 7722
SYNONYMER_SE_HAMTAD suggerera HTTP 200 271575
WIKTIONARY_HAMTAD suggerera HTTP 200 782
--- 100/879 klara, 116 med synonymer.se-traff ---
SVENSKA_SE_HAMTAD etyd HTTP 200 5029
SYNONYMER_SE_HAMTAD etyd HTTP 200 248924
WIKTIONARY_HAMTAD etyd HTTP 200 763
SVENSKA_SE_HAMTAD distorsion HTTP 200 5088
SYNONYMER_SE_HAMTAD distorsion HTTP 200 251450
WIKTIONARY_HAMTAD distorsion HTTP 200 842
SVENSKA_SE_HAMTAD degeneration HTTP 200 4270
SYNONYMER_SE_HAMTAD degeneration HTTP 200 252611
WIKTIONARY_HAMTAD degeneration HTTP 200 723
SVENSKA_SE_HAMTAD ävlan HTTP 200 4139
SYNONYMER_SE_HAMTAD ävlan HTTP 200 245353
WIKTIONARY_HAMTAD ävlan HTTP 200 231
SVENSKA_SE_HAMTAD frondera HTTP 200 6168
SYNONYMER_SE_HAMTAD frondera HTTP 200 252858
WIKTIONARY_HAMTAD frondera HTTP 200 464
SVENSKA_SE_HAMTAD allenarådande HTTP 200 3769
SYNONYMER_SE_HAMTAD allenarådande HTTP 200 236271
WIKTIONARY_HAMTAD allenarådande HTTP 200 817
SVENSKA_SE_HAMTAD entlediga HTTP 200 6211
SYNONYMER_SE_HAMTAD entlediga HTTP 200 269216
WIKTIONARY_HAMTAD entlediga HTTP 200 915
SVENSKA_SE_HAMTAD implodera HTTP 200 8760
SYNONYMER_SE_HAMTAD implodera HTTP 200 262208
WIKTIONARY_HAMTAD implodera HTTP 429 0
SVENSKA_SE_HAMTAD subtil HTTP 200 5132
SYNONYMER_SE_HAMTAD subtil HTTP 200 258437
WIKTIONARY_HAMTAD subtil HTTP 429 0
SVENSKA_SE_HAMTAD extravagant HTTP 200 5873
SYNONYMER_SE_HAMTAD extravagant HTTP 200 248958
WIKTIONARY_HAMTAD extravagant HTTP 200 990
SVENSKA_SE_HAMTAD koloratur HTTP 200 4766
SYNONYMER_SE_HAMTAD koloratur HTTP 200 264141
WIKTIONARY_HAMTAD koloratur HTTP 200 499
SVENSKA_SE_HAMTAD nihilism HTTP 200 4149
SYNONYMER_SE_HAMTAD nihilism HTTP 200 255071
WIKTIONARY_HAMTAD nihilism HTTP 200 1409
SVENSKA_SE_HAMTAD sejour HTTP 200 4905
SYNONYMER_SE_HAMTAD sejour HTTP 200 249857
WIKTIONARY_HAMTAD sejour HTTP 200 596
SVENSKA_SE_HAMTAD deklassera HTTP 200 6393
SYNONYMER_SE_HAMTAD deklassera HTTP 200 252338
WIKTIONARY_HAMTAD deklassera HTTP 200 488
SVENSKA_SE_HAMTAD fotogenisk HTTP 200 4839
SYNONYMER_SE_HAMTAD fotogenisk HTTP 200 241092
WIKTIONARY_HAMTAD fotogenisk HTTP 200 1218
SVENSKA_SE_HAMTAD eklog HTTP 200 5224
SYNONYMER_SE_HAMTAD eklog HTTP 200 229050
WIKTIONARY_HAMTAD eklog HTTP 200 425
SVENSKA_SE_HAMTAD homogen HTTP 200 5308
SYNONYMER_SE_HAMTAD homogen HTTP 200 253861
WIKTIONARY_HAMTAD homogen HTTP 200 1249
SVENSKA_SE_HAMTAD hälare HTTP 200 5030
SYNONYMER_SE_HAMTAD hälare HTTP 200 254313
WIKTIONARY_HAMTAD hälare HTTP 200 491
SVENSKA_SE_HAMTAD måndagsexemplar HTTP 200 4166
SYNONYMER_SE_HAMTAD måndagsexemplar HTTP 200 246584
WIKTIONARY_HAMTAD måndagsexemplar HTTP 200 1172
SVENSKA_SE_HAMTAD bagatellisera HTTP 200 6079
SYNONYMER_SE_HAMTAD bagatellisera HTTP 200 270115
WIKTIONARY_HAMTAD bagatellisera HTTP 429 0
SVENSKA_SE_HAMTAD mangold HTTP 200 3957
SYNONYMER_SE_HAMTAD mangold HTTP 200 253070
WIKTIONARY_HAMTAD mangold HTTP 429 0
SVENSKA_SE_HAMTAD gondol HTTP 200 5729
SYNONYMER_SE_HAMTAD gondol HTTP 200 268789
WIKTIONARY_HAMTAD gondol HTTP 200 1851
SVENSKA_SE_HAMTAD katamaran HTTP 200 6166
SYNONYMER_SE_HAMTAD katamaran HTTP 200 247757
WIKTIONARY_HAMTAD katamaran HTTP 200 1041
SVENSKA_SE_HAMTAD annullera HTTP 200 6101
SYNONYMER_SE_HAMTAD annullera HTTP 200 262209
WIKTIONARY_HAMTAD annullera HTTP 200 1262
SVENSKA_SE_HAMTAD epitet HTTP 200 6021
SYNONYMER_SE_HAMTAD epitet HTTP 200 263878
WIKTIONARY_HAMTAD epitet HTTP 200 531
--- 125/879 klara, 137 med synonymer.se-traff ---
SVENSKA_SE_HAMTAD gourmet HTTP 200 5249
SYNONYMER_SE_HAMTAD gourmet HTTP 200 259879
WIKTIONARY_HAMTAD gourmet HTTP 200 1067
SVENSKA_SE_HAMTAD kapellmästare HTTP 200 4878
SYNONYMER_SE_HAMTAD kapellmästare HTTP 200 251235
WIKTIONARY_HAMTAD kapellmästare HTTP 200 846
SVENSKA_SE_HAMTAD recession HTTP 200 5205
SYNONYMER_SE_HAMTAD recession HTTP 200 246991
WIKTIONARY_HAMTAD recession HTTP 200 933
SVENSKA_SE_HAMTAD skurril HTTP 200 3912
SYNONYMER_SE_HAMTAD skurril HTTP 200 231881
WIKTIONARY_HAMTAD skurril HTTP 200 2176
SVENSKA_SE_HAMTAD koncept HTTP 200 10168
SYNONYMER_SE_HAMTAD koncept HTTP 200 296318
WIKTIONARY_HAMTAD koncept HTTP 200 3307
SVENSKA_SE_HAMTAD gerilla HTTP 200 5290
SYNONYMER_SE_HAMTAD gerilla HTTP 200 260622
WIKTIONARY_HAMTAD gerilla HTTP 200 1794
SVENSKA_SE_HAMTAD teknikalitet HTTP 200 4373
SYNONYMER_SE_HAMTAD teknikalitet HTTP 200 258833
WIKTIONARY_HAMTAD teknikalitet HTTP 429 0
SVENSKA_SE_HAMTAD supera HTTP 200 5298
SYNONYMER_SE_HAMTAD supera HTTP 200 246026
WIKTIONARY_HAMTAD supera HTTP 429 0
SVENSKA_SE_HAMTAD preciös HTTP 200 8085
SYNONYMER_SE_HAMTAD preciös HTTP 200 260229
WIKTIONARY_HAMTAD preciös HTTP 200 338
SVENSKA_SE_HAMTAD bondsk HTTP 200 4136
SYNONYMER_SE_HAMTAD bondsk HTTP 200 238297
WIKTIONARY_HAMTAD bondsk HTTP 200 497
SVENSKA_SE_HAMTAD tålig HTTP 200 6571
SYNONYMER_SE_HAMTAD tålig HTTP 200 266807
WIKTIONARY_HAMTAD tålig HTTP 200 1040
SVENSKA_SE_HAMTAD kristyr HTTP 200 4125
SYNONYMER_SE_HAMTAD kristyr HTTP 200 246085
WIKTIONARY_HAMTAD kristyr HTTP 200 398
SVENSKA_SE_HAMTAD transversal HTTP 200 7191
SYNONYMER_SE_HAMTAD transversal HTTP 200 264328
WIKTIONARY_HAMTAD transversal HTTP 200 407
SVENSKA_SE_HAMTAD avvika HTTP 200 8844
SYNONYMER_SE_HAMTAD avvika HTTP 200 284386
WIKTIONARY_HAMTAD avvika HTTP 200 1585
SVENSKA_SE_HAMTAD postmodernism HTTP 200 4820
SYNONYMER_SE_HAMTAD postmodernism HTTP 200 245612
WIKTIONARY_HAMTAD postmodernism HTTP 200 788
SVENSKA_SE_HAMTAD drittel HTTP 200 4697
SYNONYMER_SE_HAMTAD drittel HTTP 200 258764
WIKTIONARY_HAMTAD drittel HTTP 200 394
SVENSKA_SE_HAMTAD kräslig HTTP 200 5282
SYNONYMER_SE_HAMTAD kräslig HTTP 200 245230
WIKTIONARY_HAMTAD kräslig HTTP 200 457
SVENSKA_SE_HAMTAD undfå HTTP 200 5091
SYNONYMER_SE_HAMTAD undfå HTTP 200 258043
WIKTIONARY_HAMTAD undfå HTTP 200 203
SVENSKA_SE_HAMTAD jokk HTTP 200 6466
SYNONYMER_SE_HAMTAD jokk HTTP 200 246971
WIKTIONARY_HAMTAD jokk HTTP 429 0
SVENSKA_SE_HAMTAD agentur HTTP 200 5102
SYNONYMER_SE_HAMTAD agentur HTTP 200 259676
WIKTIONARY_HAMTAD agentur HTTP 429 0
SVENSKA_SE_HAMTAD struma HTTP 200 4076
SYNONYMER_SE_HAMTAD struma HTTP 200 257151
WIKTIONARY_HAMTAD struma HTTP 200 648
SVENSKA_SE_HAMTAD förmäten HTTP 200 4368
SYNONYMER_SE_HAMTAD förmäten HTTP 200 264854
WIKTIONARY_HAMTAD förmäten HTTP 200 2122
SVENSKA_SE_HAMTAD nitid HTTP 200 3820
SYNONYMER_SE_HAMTAD nitid HTTP 200 226530
WIKTIONARY_HAMTAD nitid HTTP 200 1489
SVENSKA_SE_HAMTAD fog HTTP 200 8303
SYNONYMER_SE_HAMTAD fog HTTP 200 296625
WIKTIONARY_HAMTAD fog HTTP 200 1440
SVENSKA_SE_HAMTAD åthävor HTTP 200 5577
SYNONYMER_SE_HAMTAD åthävor HTTP 200 261676
WIKTIONARY_HAMTAD åthävor HTTP 200 1066
--- 150/879 klara, 161 med synonymer.se-traff ---
SVENSKA_SE_HAMTAD utläggning HTTP 200 6914
SYNONYMER_SE_HAMTAD utläggning HTTP 200 265324
WIKTIONARY_HAMTAD utläggning HTTP 200 1122
SVENSKA_SE_HAMTAD robust HTTP 200 5684
SYNONYMER_SE_HAMTAD robust HTTP 200 255067
WIKTIONARY_HAMTAD robust HTTP 200 1082
SVENSKA_SE_HAMTAD betagande HTTP 200 9444
SYNONYMER_SE_HAMTAD betagande HTTP 200 236209
WIKTIONARY_HAMTAD betagande HTTP 200 403
SVENSKA_SE_HAMTAD ity att HTTP 200 6822
SYNONYMER_SE_HAMTAD ity att HTTP 200 218831
WIKTIONARY_HAMTAD ity att HTTP 200 847
SVENSKA_SE_HAMTAD profetera HTTP 200 7597
SYNONYMER_SE_HAMTAD profetera HTTP 200 280622
WIKTIONARY_HAMTAD profetera HTTP 200 385
SVENSKA_SE_HAMTAD besjälad HTTP 200 7917
SYNONYMER_SE_HAMTAD besjälad HTTP 200 244876
WIKTIONARY_HAMTAD besjälad HTTP 429 0
SVENSKA_SE_HAMTAD aktualisera HTTP 200 6486
SYNONYMER_SE_HAMTAD aktualisera HTTP 200 261891
WIKTIONARY_HAMTAD aktualisera HTTP 429 0
SVENSKA_SE_HAMTAD diminutiv HTTP 200 8009
SYNONYMER_SE_HAMTAD diminutiv HTTP 200 263468
WIKTIONARY_HAMTAD diminutiv HTTP 200 2032
SVENSKA_SE_HAMTAD plottrig HTTP 200 4927
SYNONYMER_SE_HAMTAD plottrig HTTP 200 245853
WIKTIONARY_HAMTAD plottrig HTTP 200 850
SVENSKA_SE_HAMTAD dyslexi HTTP 200 5404
SYNONYMER_SE_HAMTAD dyslexi HTTP 200 241085
WIKTIONARY_HAMTAD dyslexi HTTP 200 2261
SVENSKA_SE_HAMTAD memoarer HTTP 200 6342
SYNONYMER_SE_HAMTAD memoarer HTTP 200 258640
WIKTIONARY_HAMTAD memoarer HTTP 200 161
SVENSKA_SE_HAMTAD sträva HTTP 200 16106
SYNONYMER_SE_HAMTAD sträva HTTP 200 313569
WIKTIONARY_HAMTAD sträva HTTP 200 1613
SVENSKA_SE_HAMTAD omfång HTTP 200 5516
SYNONYMER_SE_HAMTAD omfång HTTP 200 280817
WIKTIONARY_HAMTAD omfång HTTP 200 592
SVENSKA_SE_HAMTAD eufemism HTTP 200 5019
SYNONYMER_SE_HAMTAD eufemism HTTP 200 256658
WIKTIONARY_HAMTAD eufemism HTTP 200 2635
SVENSKA_SE_HAMTAD odör HTTP 200 4858
SYNONYMER_SE_HAMTAD odör HTTP 200 256895
WIKTIONARY_HAMTAD odör HTTP 200 708
SVENSKA_SE_HAMTAD ranglig HTTP 200 5150
SYNONYMER_SE_HAMTAD ranglig HTTP 200 259443
WIKTIONARY_HAMTAD ranglig HTTP 200 1423
SVENSKA_SE_HAMTAD glossarium HTTP 200 4908
SYNONYMER_SE_HAMTAD glossarium HTTP 200 254969
WIKTIONARY_HAMTAD glossarium HTTP 200 519
SVENSKA_SE_HAMTAD klenod HTTP 200 5369
SYNONYMER_SE_HAMTAD klenod HTTP 200 281641
WIKTIONARY_HAMTAD klenod HTTP 429 0
SVENSKA_SE_HAMTAD spinal HTTP 200 4359
SYNONYMER_SE_HAMTAD spinal HTTP 200 243648
WIKTIONARY_HAMTAD spinal HTTP 429 0
SVENSKA_SE_HAMTAD klåfingrig HTTP 200 4515
SYNONYMER_SE_HAMTAD klåfingrig HTTP 200 261106
WIKTIONARY_HAMTAD klåfingrig HTTP 200 1082
SVENSKA_SE_HAMTAD kuperad HTTP 200 9459
SYNONYMER_SE_HAMTAD kuperad HTTP 200 244343
WIKTIONARY_HAMTAD kuperad HTTP 200 576
SVENSKA_SE_HAMTAD apologi HTTP 200 5324
SYNONYMER_SE_HAMTAD apologi HTTP 200 248908
WIKTIONARY_HAMTAD apologi HTTP 200 467
SVENSKA_SE_HAMTAD försynt HTTP 200 6058
SYNONYMER_SE_HAMTAD försynt HTTP 200 261382
WIKTIONARY_HAMTAD försynt HTTP 200 1212
SVENSKA_SE_HAMTAD sekretess HTTP 200 4393
SYNONYMER_SE_HAMTAD sekretess HTTP 200 252790
WIKTIONARY_HAMTAD sekretess HTTP 200 1337
SVENSKA_SE_HAMTAD adonis HTTP 200 5330
SYNONYMER_SE_HAMTAD adonis HTTP 200 258995
WIKTIONARY_HAMTAD adonis HTTP 200 1602
--- 175/879 klara, 185 med synonymer.se-traff ---
SVENSKA_SE_HAMTAD pascha HTTP 200 6177
SYNONYMER_SE_HAMTAD pascha HTTP 200 262893
WIKTIONARY_HAMTAD pascha HTTP 200 1711
SVENSKA_SE_HAMTAD meander HTTP 200 5309
SYNONYMER_SE_HAMTAD meander HTTP 200 262798
WIKTIONARY_HAMTAD meander HTTP 200 1224
SVENSKA_SE_HAMTAD bokstavstrogen HTTP 200 4567
SYNONYMER_SE_HAMTAD bokstavstrogen HTTP 200 235826
WIKTIONARY_HAMTAD bokstavstrogen HTTP 200 398
SVENSKA_SE_HAMTAD damejeanne HTTP 200 4803
SYNONYMER_SE_HAMTAD damejeanne HTTP 200 255400
WIKTIONARY_HAMTAD damejeanne HTTP 200 1282
SVENSKA_SE_HAMTAD camembert HTTP 200 5690
SYNONYMER_SE_HAMTAD camembert HTTP 200 245585
WIKTIONARY_HAMTAD camembert HTTP 429 0
SVENSKA_SE_HAMTAD selektiv HTTP 200 5453
SYNONYMER_SE_HAMTAD selektiv HTTP 200 259747
WIKTIONARY_HAMTAD selektiv HTTP 429 0
SVENSKA_SE_HAMTAD astigmatism HTTP 200 3868
SYNONYMER_SE_HAMTAD astigmatism HTTP 200 251950
WIKTIONARY_HAMTAD astigmatism HTTP 200 782
SVENSKA_SE_HAMTAD manipulera HTTP 200 7055
SYNONYMER_SE_HAMTAD manipulera HTTP 200 274511
WIKTIONARY_HAMTAD manipulera HTTP 200 906
SVENSKA_SE_HAMTAD snusmumrik HTTP 200 4422
SYNONYMER_SE_HAMTAD snusmumrik HTTP 200 232645
WIKTIONARY_HAMTAD snusmumrik HTTP 200 398
SVENSKA_SE_HAMTAD gisslare HTTP 200 5721
SYNONYMER_SE_HAMTAD gisslare HTTP 200 256749
WIKTIONARY_HAMTAD gisslare HTTP 200 587
SVENSKA_SE_HAMTAD verv HTTP 200 3941
SYNONYMER_SE_HAMTAD verv HTTP 200 233049
WIKTIONARY_HAMTAD verv HTTP 200 344
SVENSKA_SE_HAMTAD ta reson HTTP 200 6829
SYNONYMER_SE_HAMTAD ta reson HTTP 200 229242
WIKTIONARY_HAMTAD ta reson HTTP 200 398
SVENSKA_SE_HAMTAD småskuren HTTP 200 3653
SYNONYMER_SE_HAMTAD småskuren HTTP 200 239818
WIKTIONARY_HAMTAD småskuren HTTP 200 455
SVENSKA_SE_HAMTAD anekdot HTTP 200 4940
SYNONYMER_SE_HAMTAD anekdot HTTP 200 270042
WIKTIONARY_HAMTAD anekdot HTTP 200 2320
SVENSKA_SE_HAMTAD motvalls HTTP 200 4758
SYNONYMER_SE_HAMTAD motvalls HTTP 200 255314